[0.153s] DEBUG:colcon:Command line arguments: ['/usr/bin/colcon', 'build']
[0.154s] DEBUG:colcon:Parsed command line arguments: Namespace(log_base=None, log_level=None, verb_name='build', build_base='build', install_base='install', merge_install=False, symlink_install=False, test_result_base=None, continue_on_error=False, executor='parallel', parallel_workers=12, event_handlers=None, ignore_user_meta=False, metas=['./colcon.meta'], base_paths=['.'], packages_ignore=None, packages_ignore_regex=None, paths=None, packages_up_to=None, packages_up_to_regex=None, packages_above=None, packages_above_and_dependencies=None, packages_above_depth=None, packages_select_by_dep=None, packages_skip_by_dep=None, packages_skip_up_to=None, packages_select_build_failed=False, packages_skip_build_finished=False, packages_select_test_failures=False, packages_skip_test_passed=False, packages_select=None, packages_skip=None, packages_select_regex=None, packages_skip_regex=None, packages_start=None, packages_end=None, allow_overriding=[], cmake_args=None, cmake_target=None, cmake_target_skip_unavailable=False, cmake_clean_cache=False, cmake_clean_first=False, cmake_force_configure=False, ament_cmake_args=None, catkin_cmake_args=None, catkin_skip_building_tests=False, mixin_files=None, mixin=None, verb_parser=<colcon_mixin.mixin.mixin_argument.MixinArgumentDecorator object at 0x76a641951510>, verb_extension=<colcon_core.verb.build.BuildVerb object at 0x76a641950fa0>, main=<bound method BuildVerb.main of <colcon_core.verb.build.BuildVerb object at 0x76a641950fa0>>, mixin_verb=('build',))
[0.301s] Level 1:colcon.colcon_core.package_discovery:discover_packages(colcon_meta) check parameters
[0.302s] Level 1:colcon.colcon_core.package_discovery:discover_packages(recursive) check parameters
[0.302s] Level 1:colcon.colcon_core.package_discovery:discover_packages(ignore) check parameters
[0.303s] Level 1:colcon.colcon_core.package_discovery:discover_packages(path) check parameters
[0.303s] Level 1:colcon.colcon_core.package_discovery:discover_packages(colcon_meta) discover
[0.304s] Level 1:colcon.colcon_core.package_discovery:discover_packages(recursive) discover
[0.304s] INFO:colcon.colcon_core.package_discovery:Crawling recursively for packages in '/mnt/c/Users/nikig/Projects/cpp_miltech/homework_13'
[0.306s] Level 1:colcon.colcon_core.package_identification:_identify(.) by extensions ['ignore', 'ignore_ament_install']
[0.306s] Level 1:colcon.colcon_core.package_identification:_identify(.) by extension 'ignore'
[0.307s] Level 1:colcon.colcon_core.package_identification:_identify(.) by extension 'ignore_ament_install'
[0.308s] Level 1:colcon.colcon_core.package_identification:_identify(.) by extensions ['colcon_pkg']
[0.308s] Level 1:colcon.colcon_core.package_identification:_identify(.) by extension 'colcon_pkg'
[0.309s] Level 1:colcon.colcon_core.package_identification:_identify(.) by extensions ['colcon_meta']
[0.309s] Level 1:colcon.colcon_core.package_identification:_identify(.) by extension 'colcon_meta'
[0.310s] Level 1:colcon.colcon_core.package_identification:_identify(.) by extensions ['ros']
[0.310s] Level 1:colcon.colcon_core.package_identification:_identify(.) by extension 'ros'
[0.321s] Level 1:colcon.colcon_core.package_identification:_identify(.) by extensions ['cmake', 'python']
[0.322s] Level 1:colcon.colcon_core.package_identification:_identify(.) by extension 'cmake'
[0.323s] Level 1:colcon.colcon_core.package_identification:_identify(.) by extension 'python'
[0.324s] Level 1:colcon.colcon_core.package_identification:_identify(.) by extensions ['python_setup_py']
[0.324s] Level 1:colcon.colcon_core.package_identification:_identify(.) by extension 'python_setup_py'
[0.327s] Level 1:colcon.colcon_core.package_identification:_identify(build) by extensions ['ignore', 'ignore_ament_install']
[0.327s] Level 1:colcon.colcon_core.package_identification:_identify(build) by extension 'ignore'
[0.328s] Level 1:colcon.colcon_core.package_identification:_identify(build) ignored
[0.330s] Level 1:colcon.colcon_core.package_identification:_identify(install) by extensions ['ignore', 'ignore_ament_install']
[0.331s] Level 1:colcon.colcon_core.package_identification:_identify(install) by extension 'ignore'
[0.332s] Level 1:colcon.colcon_core.package_identification:_identify(install) ignored
[0.336s] Level 1:colcon.colcon_core.package_identification:_identify(log) by extensions ['ignore', 'ignore_ament_install']
[0.337s] Level 1:colcon.colcon_core.package_identification:_identify(log) by extension 'ignore'
[0.338s] Level 1:colcon.colcon_core.package_identification:_identify(log) ignored
[0.339s] Level 1:colcon.colcon_core.package_identification:_identify(logic_without_rclcpp) by extensions ['ignore', 'ignore_ament_install']
[0.340s] Level 1:colcon.colcon_core.package_identification:_identify(logic_without_rclcpp) by extension 'ignore'
[0.341s] Level 1:colcon.colcon_core.package_identification:_identify(logic_without_rclcpp) by extension 'ignore_ament_install'
[0.343s] Level 1:colcon.colcon_core.package_identification:_identify(logic_without_rclcpp) by extensions ['colcon_pkg']
[0.343s] Level 1:colcon.colcon_core.package_identification:_identify(logic_without_rclcpp) by extension 'colcon_pkg'
[0.344s] Level 1:colcon.colcon_core.package_identification:_identify(logic_without_rclcpp) by extensions ['colcon_meta']
[0.344s] Level 1:colcon.colcon_core.package_identification:_identify(logic_without_rclcpp) by extension 'colcon_meta'
[0.345s] Level 1:colcon.colcon_core.package_identification:_identify(logic_without_rclcpp) by extensions ['ros']
[0.345s] Level 1:colcon.colcon_core.package_identification:_identify(logic_without_rclcpp) by extension 'ros'
[0.348s] Level 1:colcon.colcon_core.package_identification:_identify(logic_without_rclcpp) by extensions ['cmake', 'python']
[0.348s] Level 1:colcon.colcon_core.package_identification:_identify(logic_without_rclcpp) by extension 'cmake'
[0.364s] Level 1:colcon.colcon_core.package_identification:_identify(logic_without_rclcpp) by extension 'python'
[0.365s] DEBUG:colcon.colcon_core.package_identification:Package 'logic_without_rclcpp' with type 'cmake' and name 'standalone_turret'
[0.367s] Level 1:colcon.colcon_core.package_identification:_identify(src) by extensions ['ignore', 'ignore_ament_install']
[0.367s] Level 1:colcon.colcon_core.package_identification:_identify(src) by extension 'ignore'
[0.367s] Level 1:colcon.colcon_core.package_identification:_identify(src) by extension 'ignore_ament_install'
[0.368s] Level 1:colcon.colcon_core.package_identification:_identify(src) by extensions ['colcon_pkg']
[0.368s] Level 1:colcon.colcon_core.package_identification:_identify(src) by extension 'colcon_pkg'
[0.369s] Level 1:colcon.colcon_core.package_identification:_identify(src) by extensions ['colcon_meta']
[0.369s] Level 1:colcon.colcon_core.package_identification:_identify(src) by extension 'colcon_meta'
[0.370s] Level 1:colcon.colcon_core.package_identification:_identify(src) by extensions ['ros']
[0.370s] Level 1:colcon.colcon_core.package_identification:_identify(src) by extension 'ros'
[0.371s] Level 1:colcon.colcon_core.package_identification:_identify(src) by extensions ['cmake', 'python']
[0.371s] Level 1:colcon.colcon_core.package_identification:_identify(src) by extension 'cmake'
[0.372s] Level 1:colcon.colcon_core.package_identification:_identify(src) by extension 'python'
[0.372s] Level 1:colcon.colcon_core.package_identification:_identify(src) by extensions ['python_setup_py']
[0.373s] Level 1:colcon.colcon_core.package_identification:_identify(src) by extension 'python_setup_py'
[0.375s] Level 1:colcon.colcon_core.package_identification:_identify(src/antidrone_turret) by extensions ['ignore', 'ignore_ament_install']
[0.375s] Level 1:colcon.colcon_core.package_identification:_identify(src/antidrone_turret) by extension 'ignore'
[0.376s] Level 1:colcon.colcon_core.package_identification:_identify(src/antidrone_turret) by extension 'ignore_ament_install'
[0.377s] Level 1:colcon.colcon_core.package_identification:_identify(src/antidrone_turret) by extensions ['colcon_pkg']
[0.377s] Level 1:colcon.colcon_core.package_identification:_identify(src/antidrone_turret) by extension 'colcon_pkg'
[0.378s] Level 1:colcon.colcon_core.package_identification:_identify(src/antidrone_turret) by extensions ['colcon_meta']
[0.378s] Level 1:colcon.colcon_core.package_identification:_identify(src/antidrone_turret) by extension 'colcon_meta'
[0.379s] Level 1:colcon.colcon_core.package_identification:_identify(src/antidrone_turret) by extensions ['ros']
[0.379s] Level 1:colcon.colcon_core.package_identification:_identify(src/antidrone_turret) by extension 'ros'
[0.395s] DEBUG:colcon.colcon_core.package_identification:Package 'src/antidrone_turret' with type 'ros.ament_cmake' and name 'antidrone_turret'
[0.396s] Level 1:colcon.colcon_core.package_discovery:discover_packages(recursive) using defaults
[0.396s] Level 1:colcon.colcon_core.package_discovery:discover_packages(ignore) discover
[0.397s] Level 1:colcon.colcon_core.package_discovery:discover_packages(ignore) using defaults
[0.397s] Level 1:colcon.colcon_core.package_discovery:discover_packages(path) discover
[0.397s] Level 1:colcon.colcon_core.package_discovery:discover_packages(path) using defaults
[0.429s] Level 1:colcon.colcon_core.package_discovery:discover_packages(prefix_path) check parameters
[0.430s] Level 1:colcon.colcon_core.package_discovery:discover_packages(prefix_path) discover
[0.432s] DEBUG:colcon.colcon_installed_package_information.package_discovery:Found 275 installed packages in /opt/ros/humble
[0.434s] Level 1:colcon.colcon_core.package_discovery:discover_packages(prefix_path) using defaults
[0.508s] Level 5:colcon.colcon_core.verb:set package 'antidrone_turret' build argument 'cmake_args' from command line to 'None'
[0.509s] Level 5:colcon.colcon_core.verb:set package 'antidrone_turret' build argument 'cmake_target' from command line to 'None'
[0.510s] Level 5:colcon.colcon_core.verb:set package 'antidrone_turret' build argument 'cmake_target_skip_unavailable' from command line to 'False'
[0.510s] Level 5:colcon.colcon_core.verb:set package 'antidrone_turret' build argument 'cmake_clean_cache' from command line to 'False'
[0.511s] Level 5:colcon.colcon_core.verb:set package 'antidrone_turret' build argument 'cmake_clean_first' from command line to 'False'
[0.511s] Level 5:colcon.colcon_core.verb:set package 'antidrone_turret' build argument 'cmake_force_configure' from command line to 'False'
[0.512s] Level 5:colcon.colcon_core.verb:set package 'antidrone_turret' build argument 'ament_cmake_args' from command line to 'None'
[0.512s] Level 5:colcon.colcon_core.verb:set package 'antidrone_turret' build argument 'catkin_cmake_args' from command line to 'None'
[0.512s] Level 5:colcon.colcon_core.verb:set package 'antidrone_turret' build argument 'catkin_skip_building_tests' from command line to 'False'
[0.513s] DEBUG:colcon.colcon_core.verb:Building package 'antidrone_turret' with the following arguments: {'ament_cmake_args': None, 'build_base': '/mnt/c/Users/nikig/Projects/cpp_miltech/homework_13/build/antidrone_turret', 'catkin_cmake_args': None, 'catkin_skip_building_tests': False, 'cmake_args': None, 'cmake_clean_cache': False, 'cmake_clean_first': False, 'cmake_force_configure': False, 'cmake_target': None, 'cmake_target_skip_unavailable': False, 'install_base': '/mnt/c/Users/nikig/Projects/cpp_miltech/homework_13/install/antidrone_turret', 'merge_install': False, 'path': '/mnt/c/Users/nikig/Projects/cpp_miltech/homework_13/src/antidrone_turret', 'symlink_install': False, 'test_result_base': None}
[0.513s] Level 5:colcon.colcon_core.verb:set package 'standalone_turret' build argument 'cmake_args' from command line to 'None'
[0.514s] Level 5:colcon.colcon_core.verb:set package 'standalone_turret' build argument 'cmake_target' from command line to 'None'
[0.514s] Level 5:colcon.colcon_core.verb:set package 'standalone_turret' build argument 'cmake_target_skip_unavailable' from command line to 'False'
[0.515s] Level 5:colcon.colcon_core.verb:set package 'standalone_turret' build argument 'cmake_clean_cache' from command line to 'False'
[0.515s] Level 5:colcon.colcon_core.verb:set package 'standalone_turret' build argument 'cmake_clean_first' from command line to 'False'
[0.515s] Level 5:colcon.colcon_core.verb:set package 'standalone_turret' build argument 'cmake_force_configure' from command line to 'False'
[0.516s] Level 5:colcon.colcon_core.verb:set package 'standalone_turret' build argument 'ament_cmake_args' from command line to 'None'
[0.516s] Level 5:colcon.colcon_core.verb:set package 'standalone_turret' build argument 'catkin_cmake_args' from command line to 'None'
[0.516s] Level 5:colcon.colcon_core.verb:set package 'standalone_turret' build argument 'catkin_skip_building_tests' from command line to 'False'
[0.517s] DEBUG:colcon.colcon_core.verb:Building package 'standalone_turret' with the following arguments: {'ament_cmake_args': None, 'build_base': '/mnt/c/Users/nikig/Projects/cpp_miltech/homework_13/build/standalone_turret', 'catkin_cmake_args': None, 'catkin_skip_building_tests': False, 'cmake_args': None, 'cmake_clean_cache': False, 'cmake_clean_first': False, 'cmake_force_configure': False, 'cmake_target': None, 'cmake_target_skip_unavailable': False, 'install_base': '/mnt/c/Users/nikig/Projects/cpp_miltech/homework_13/install/standalone_turret', 'merge_install': False, 'path': '/mnt/c/Users/nikig/Projects/cpp_miltech/homework_13/logic_without_rclcpp', 'symlink_install': False, 'test_result_base': None}
[0.517s] INFO:colcon.colcon_core.executor:Executing jobs using 'parallel' executor
[0.518s] DEBUG:colcon.colcon_parallel_executor.executor.parallel:run_until_complete
[0.519s] INFO:colcon.colcon_ros.task.ament_cmake.build:Building ROS package in '/mnt/c/Users/nikig/Projects/cpp_miltech/homework_13/src/antidrone_turret' with build type 'ament_cmake'
[0.519s] INFO:colcon.colcon_cmake.task.cmake.build:Building CMake package in '/mnt/c/Users/nikig/Projects/cpp_miltech/homework_13/src/antidrone_turret'
[0.522s] INFO:colcon.colcon_core.plugin_system:Skipping extension 'colcon_core.shell.bat': Not used on non-Windows systems
[0.522s] INFO:colcon.colcon_core.shell:Skip shell extension 'powershell' for command environment: Not usable outside of PowerShell
[0.523s] DEBUG:colcon.colcon_core.shell:Skip shell extension 'dsv' for command environment
[0.532s] INFO:colcon.colcon_cmake.task.cmake.build:Building CMake package in '/mnt/c/Users/nikig/Projects/cpp_miltech/homework_13/logic_without_rclcpp'
[0.532s] INFO:colcon.colcon_core.shell:Skip shell extension 'powershell' for command environment: Not usable outside of PowerShell
[0.533s] DEBUG:colcon.colcon_core.shell:Skip shell extension 'dsv' for command environment
[0.573s] DEBUG:colcon.colcon_core.event_handler.log_command:Invoking command in '/mnt/c/Users/nikig/Projects/cpp_miltech/homework_13/build/antidrone_turret': CMAKE_PREFIX_PATH=/opt/ros/humble /usr/bin/cmake --build /mnt/c/Users/nikig/Projects/cpp_miltech/homework_13/build/antidrone_turret -- -j12 -l12
[0.602s] DEBUG:colcon.colcon_core.event_handler.log_command:Invoking command in '/mnt/c/Users/nikig/Projects/cpp_miltech/homework_13/build/standalone_turret': /usr/bin/cmake /mnt/c/Users/nikig/Projects/cpp_miltech/homework_13/logic_without_rclcpp -DCMAKE_INSTALL_PREFIX=/mnt/c/Users/nikig/Projects/cpp_miltech/homework_13/install/standalone_turret
[1.874s] DEBUG:colcon.colcon_core.event_handler.log_command:Invoked command in '/mnt/c/Users/nikig/Projects/cpp_miltech/homework_13/build/standalone_turret' returned '0': /usr/bin/cmake /mnt/c/Users/nikig/Projects/cpp_miltech/homework_13/logic_without_rclcpp -DCMAKE_INSTALL_PREFIX=/mnt/c/Users/nikig/Projects/cpp_miltech/homework_13/install/standalone_turret
[1.882s] DEBUG:colcon.colcon_core.event_handler.log_command:Invoking command in '/mnt/c/Users/nikig/Projects/cpp_miltech/homework_13/build/standalone_turret': /usr/bin/cmake --build /mnt/c/Users/nikig/Projects/cpp_miltech/homework_13/build/standalone_turret -- -j12 -l12
[4.029s] DEBUG:colcon.colcon_core.event_handler.log_command:Invoked command in '/mnt/c/Users/nikig/Projects/cpp_miltech/homework_13/build/standalone_turret' returned '0': /usr/bin/cmake --build /mnt/c/Users/nikig/Projects/cpp_miltech/homework_13/build/standalone_turret -- -j12 -l12
[4.055s] WARNING:colcon.colcon_cmake.task.cmake.build:Could not run installation step for package 'standalone_turret' because it has no 'install' target
[4.056s] Level 1:colcon.colcon_core.environment:create_environment_scripts_only(standalone_turret)
[4.068s] Level 1:colcon.colcon_core.environment:checking '/mnt/c/Users/nikig/Projects/cpp_miltech/homework_13/install/standalone_turret' for CMake module files
[4.087s] Level 1:colcon.colcon_core.environment:checking '/mnt/c/Users/nikig/Projects/cpp_miltech/homework_13/install/standalone_turret' for CMake config files
[4.089s] Level 1:colcon.colcon_core.environment:checking '/mnt/c/Users/nikig/Projects/cpp_miltech/homework_13/install/standalone_turret/bin'
[4.091s] Level 1:colcon.colcon_core.environment:checking '/mnt/c/Users/nikig/Projects/cpp_miltech/homework_13/install/standalone_turret/lib/pkgconfig/standalone_turret.pc'
[4.093s] Level 1:colcon.colcon_core.environment:checking '/mnt/c/Users/nikig/Projects/cpp_miltech/homework_13/install/standalone_turret/lib/python3.10/site-packages'
[4.096s] Level 1:colcon.colcon_core.environment:checking '/mnt/c/Users/nikig/Projects/cpp_miltech/homework_13/install/standalone_turret/bin'
[4.098s] INFO:colcon.colcon_core.shell:Creating package script '/mnt/c/Users/nikig/Projects/cpp_miltech/homework_13/install/standalone_turret/share/standalone_turret/package.ps1'
[4.113s] INFO:colcon.colcon_core.shell:Creating package descriptor '/mnt/c/Users/nikig/Projects/cpp_miltech/homework_13/install/standalone_turret/share/standalone_turret/package.dsv'
[4.124s] INFO:colcon.colcon_core.shell:Creating package script '/mnt/c/Users/nikig/Projects/cpp_miltech/homework_13/install/standalone_turret/share/standalone_turret/package.sh'
[4.137s] INFO:colcon.colcon_core.shell:Creating package script '/mnt/c/Users/nikig/Projects/cpp_miltech/homework_13/install/standalone_turret/share/standalone_turret/package.bash'
[4.148s] INFO:colcon.colcon_core.shell:Creating package script '/mnt/c/Users/nikig/Projects/cpp_miltech/homework_13/install/standalone_turret/share/standalone_turret/package.zsh'
[4.159s] Level 1:colcon.colcon_core.environment:create_file_with_runtime_dependencies(/mnt/c/Users/nikig/Projects/cpp_miltech/homework_13/install/standalone_turret/share/colcon-core/packages/standalone_turret)
[8.624s] Level 1:colcon.colcon_core.environment:create_environment_scripts_only(antidrone_turret)
[8.624s] DEBUG:colcon.colcon_core.event_handler.log_command:Invoked command in '/mnt/c/Users/nikig/Projects/cpp_miltech/homework_13/build/antidrone_turret' returned '2': CMAKE_PREFIX_PATH=/opt/ros/humble /usr/bin/cmake --build /mnt/c/Users/nikig/Projects/cpp_miltech/homework_13/build/antidrone_turret -- -j12 -l12
[8.624s] Level 1:colcon.colcon_core.environment:checking '/mnt/c/Users/nikig/Projects/cpp_miltech/homework_13/install/antidrone_turret' for CMake module files
[8.810s] Level 1:colcon.colcon_core.environment:checking '/mnt/c/Users/nikig/Projects/cpp_miltech/homework_13/install/antidrone_turret' for CMake config files
[8.964s] Level 1:colcon.colcon_core.shell:create_environment_hook('antidrone_turret', 'cmake_prefix_path')
[8.965s] INFO:colcon.colcon_core.shell:Creating environment hook '/mnt/c/Users/nikig/Projects/cpp_miltech/homework_13/install/antidrone_turret/share/antidrone_turret/hook/cmake_prefix_path.ps1'
[8.976s] INFO:colcon.colcon_core.shell:Creating environment descriptor '/mnt/c/Users/nikig/Projects/cpp_miltech/homework_13/install/antidrone_turret/share/antidrone_turret/hook/cmake_prefix_path.dsv'
[8.988s] INFO:colcon.colcon_core.shell:Creating environment hook '/mnt/c/Users/nikig/Projects/cpp_miltech/homework_13/install/antidrone_turret/share/antidrone_turret/hook/cmake_prefix_path.sh'
[9.003s] Level 1:colcon.colcon_core.environment:checking '/mnt/c/Users/nikig/Projects/cpp_miltech/homework_13/install/antidrone_turret/lib'
[9.006s] Level 1:colcon.colcon_core.shell:create_environment_hook('antidrone_turret', 'ld_library_path_lib')
[9.007s] INFO:colcon.colcon_core.shell:Creating environment hook '/mnt/c/Users/nikig/Projects/cpp_miltech/homework_13/install/antidrone_turret/share/antidrone_turret/hook/ld_library_path_lib.ps1'
[9.018s] INFO:colcon.colcon_core.shell:Creating environment descriptor '/mnt/c/Users/nikig/Projects/cpp_miltech/homework_13/install/antidrone_turret/share/antidrone_turret/hook/ld_library_path_lib.dsv'
[9.031s] INFO:colcon.colcon_core.shell:Creating environment hook '/mnt/c/Users/nikig/Projects/cpp_miltech/homework_13/install/antidrone_turret/share/antidrone_turret/hook/ld_library_path_lib.sh'
[9.042s] Level 1:colcon.colcon_core.environment:checking '/mnt/c/Users/nikig/Projects/cpp_miltech/homework_13/install/antidrone_turret/bin'
[9.044s] Level 1:colcon.colcon_core.environment:checking '/mnt/c/Users/nikig/Projects/cpp_miltech/homework_13/install/antidrone_turret/lib/pkgconfig/antidrone_turret.pc'
[9.046s] Level 1:colcon.colcon_core.environment:checking '/mnt/c/Users/nikig/Projects/cpp_miltech/homework_13/install/antidrone_turret/lib/python3.10/site-packages'
[9.048s] Level 1:colcon.colcon_core.environment:checking '/mnt/c/Users/nikig/Projects/cpp_miltech/homework_13/install/antidrone_turret/bin'
[9.050s] INFO:colcon.colcon_core.shell:Creating package script '/mnt/c/Users/nikig/Projects/cpp_miltech/homework_13/install/antidrone_turret/share/antidrone_turret/package.ps1'
[9.059s] INFO:colcon.colcon_core.shell:Creating package descriptor '/mnt/c/Users/nikig/Projects/cpp_miltech/homework_13/install/antidrone_turret/share/antidrone_turret/package.dsv'
[9.071s] INFO:colcon.colcon_core.shell:Creating package script '/mnt/c/Users/nikig/Projects/cpp_miltech/homework_13/install/antidrone_turret/share/antidrone_turret/package.sh'
[9.083s] INFO:colcon.colcon_core.shell:Creating package script '/mnt/c/Users/nikig/Projects/cpp_miltech/homework_13/install/antidrone_turret/share/antidrone_turret/package.bash'
[9.092s] INFO:colcon.colcon_core.shell:Creating package script '/mnt/c/Users/nikig/Projects/cpp_miltech/homework_13/install/antidrone_turret/share/antidrone_turret/package.zsh'
[9.103s] Level 1:colcon.colcon_core.environment:create_file_with_runtime_dependencies(/mnt/c/Users/nikig/Projects/cpp_miltech/homework_13/install/antidrone_turret/share/colcon-core/packages/antidrone_turret)
[9.120s] DEBUG:colcon.colcon_parallel_executor.executor.parallel:closing loop
[9.121s] DEBUG:colcon.colcon_parallel_executor.executor.parallel:loop closed
[9.121s] DEBUG:colcon.colcon_parallel_executor.executor.parallel:run_until_complete finished with '2'
[9.122s] DEBUG:colcon.colcon_core.event_reactor:joining thread
[9.141s] INFO:colcon.colcon_core.plugin_system:Skipping extension 'colcon_notification.desktop_notification.notify_send': Could not find 'notify-send'
[9.142s] INFO:colcon.colcon_core.plugin_system:Skipping extension 'colcon_notification.desktop_notification.terminal_notifier': Not used on non-Darwin systems
[9.142s] INFO:colcon.colcon_core.plugin_system:Skipping extension 'colcon_notification.desktop_notification.win32': Not used on non-Windows systems
[9.143s] INFO:colcon.colcon_notification.desktop_notification:Sending desktop notification using 'notify2'
[9.144s] DEBUG:colcon.colcon_notification.desktop_notification.notify2:Failed to initialize notify2: org.freedesktop.DBus.Error.ServiceUnknown: The name org.freedesktop.Notifications was not provided by any .service files
[9.145s] DEBUG:colcon.colcon_core.event_reactor:joined thread
[9.146s] INFO:colcon.colcon_core.shell:Creating prefix script '/mnt/c/Users/nikig/Projects/cpp_miltech/homework_13/install/local_setup.ps1'
[9.151s] INFO:colcon.colcon_core.shell:Creating prefix util module '/mnt/c/Users/nikig/Projects/cpp_miltech/homework_13/install/_local_setup_util_ps1.py'
[9.157s] INFO:colcon.colcon_core.shell:Creating prefix chain script '/mnt/c/Users/nikig/Projects/cpp_miltech/homework_13/install/setup.ps1'
[9.163s] INFO:colcon.colcon_core.shell:Creating prefix script '/mnt/c/Users/nikig/Projects/cpp_miltech/homework_13/install/local_setup.sh'
[9.168s] INFO:colcon.colcon_core.shell:Creating prefix util module '/mnt/c/Users/nikig/Projects/cpp_miltech/homework_13/install/_local_setup_util_sh.py'
[9.173s] INFO:colcon.colcon_core.shell:Creating prefix chain script '/mnt/c/Users/nikig/Projects/cpp_miltech/homework_13/install/setup.sh'
[9.179s] INFO:colcon.colcon_core.shell:Creating prefix script '/mnt/c/Users/nikig/Projects/cpp_miltech/homework_13/install/local_setup.bash'
[9.185s] INFO:colcon.colcon_core.shell:Creating prefix chain script '/mnt/c/Users/nikig/Projects/cpp_miltech/homework_13/install/setup.bash'
[9.190s] INFO:colcon.colcon_core.shell:Creating prefix script '/mnt/c/Users/nikig/Projects/cpp_miltech/homework_13/install/local_setup.zsh'
[9.194s] INFO:colcon.colcon_core.shell:Creating prefix chain script '/mnt/c/Users/nikig/Projects/cpp_miltech/homework_13/install/setup.zsh'
