[0.118s] Invoking command in '/mnt/c/Users/nikig/Projects/cpp_miltech/homework_13/src/antidrone_turret/build/antidrone_turret': CMAKE_PREFIX_PATH=${CMAKE_PREFIX_PATH}:/opt/ros/humble /usr/bin/cmake /mnt/c/Users/nikig/Projects/cpp_miltech/homework_13/src/antidrone_turret -DAMENT_CMAKE_SYMLINK_INSTALL=1 -DCMAKE_INSTALL_PREFIX=/mnt/c/Users/nikig/Projects/cpp_miltech/homework_13/src/antidrone_turret/install/antidrone_turret
[0.229s] -- Found ament_cmake_auto: 1.3.14 (/opt/ros/humble/share/ament_cmake_auto/cmake)
[0.695s] -- Override CMake install command with custom implementation using symlinks instead of copying resources
[1.021s] -- Using all available rosidl_typesupport_c: rosidl_typesupport_fastrtps_c;rosidl_typesupport_introspection_c
[1.023s] -- Found rosidl_adapter: 3.1.9 (/opt/ros/humble/share/rosidl_adapter/cmake)
[1.088s] -- Using all available rosidl_typesupport_cpp: rosidl_typesupport_fastrtps_cpp;rosidl_typesupport_introspection_cpp
[1.148s] -- Found rmw_implementation_cmake: 6.1.2 (/opt/ros/humble/share/rmw_implementation_cmake/cmake)
[1.153s] -- Found rmw_fastrtps_cpp: 6.2.10 (/opt/ros/humble/share/rmw_fastrtps_cpp/cmake)
[2.770s] -- Using RMW implementation 'rmw_fastrtps_cpp' as default
[3.895s] -- Found ament_cmake_ros: 0.10.0 (/opt/ros/humble/share/ament_cmake_ros/cmake)
[5.000s] -- Using all available rosidl_typesupport_c: rosidl_typesupport_fastrtps_c;rosidl_typesupport_introspection_c
[6.408s] -- Using all available rosidl_typesupport_cpp: rosidl_typesupport_fastrtps_cpp;rosidl_typesupport_introspection_cpp
[6.502s] -- Found python_cmake_module: 0.10.0 (/opt/ros/humble/share/python_cmake_module/cmake)
[6.590s] -- Using PYTHON_EXECUTABLE: /usr/bin/python3
[6.591s] -- Using PYTHON_INCLUDE_DIRS: /usr/include/python3.10
[6.593s] -- Using PYTHON_LIBRARIES: /usr/lib/x86_64-linux-gnu/libpython3.10.so
[7.661s] -- Found gtest sources under '/opt/ros/humble/src/gtest_vendor': C++ tests using 'Google Test' will be built
[8.410s] -- Configuring done
[10.611s] -- Generating done
[11.447s] -- Build files have been written to: /mnt/c/Users/nikig/Projects/cpp_miltech/homework_13/src/antidrone_turret/build/antidrone_turret
[11.456s] Invoked command in '/mnt/c/Users/nikig/Projects/cpp_miltech/homework_13/src/antidrone_turret/build/antidrone_turret' returned '0': CMAKE_PREFIX_PATH=${CMAKE_PREFIX_PATH}:/opt/ros/humble /usr/bin/cmake /mnt/c/Users/nikig/Projects/cpp_miltech/homework_13/src/antidrone_turret -DAMENT_CMAKE_SYMLINK_INSTALL=1 -DCMAKE_INSTALL_PREFIX=/mnt/c/Users/nikig/Projects/cpp_miltech/homework_13/src/antidrone_turret/install/antidrone_turret
[11.463s] Invoking command in '/mnt/c/Users/nikig/Projects/cpp_miltech/homework_13/src/antidrone_turret/build/antidrone_turret': CMAKE_PREFIX_PATH=${CMAKE_PREFIX_PATH}:/opt/ros/humble /usr/bin/cmake --build /mnt/c/Users/nikig/Projects/cpp_miltech/homework_13/src/antidrone_turret/build/antidrone_turret -- -j12 -l12
[11.884s] [35m[1mConsolidate compiler generated dependencies of target gtest[0m
[11.886s] [35m[1mConsolidate compiler generated dependencies of target gtest_main[0m
[11.975s] failed to create symbolic link '/mnt/c/Users/nikig/Projects/cpp_miltech/homework_13/src/antidrone_turret/build/antidrone_turret/ament_cmake_python/antidrone_turret/antidrone_turret' because existing path cannot be removed: Is a directory
[11.978s] gmake[2]: *** [CMakeFiles/ament_cmake_python_symlink_antidrone_turret.dir/build.make:70: CMakeFiles/ament_cmake_python_symlink_antidrone_turret] Error 1
[11.981s] gmake[1]: *** [CMakeFiles/Makefile2:471: CMakeFiles/ament_cmake_python_symlink_antidrone_turret.dir/all] Error 2
[11.984s] gmake[1]: *** Waiting for unfinished jobs....
[12.146s] [  1%] Built target antidrone_turret__rs
[12.228s] [35m[1mConsolidate compiler generated dependencies of target antidrone_turret__rosidl_generator_c[0m
[12.296s] [  2%] Built target antidrone_turret__cpp
[12.526s] [  4%] Built target gtest_main
[12.595s] [  6%] Built target gtest
[12.686s] [ 15%] Built target antidrone_turret__rosidl_generator_c
[12.688s] gmake: *** [Makefile:146: all] Error 2
[12.689s] Invoked command in '/mnt/c/Users/nikig/Projects/cpp_miltech/homework_13/src/antidrone_turret/build/antidrone_turret' returned '2': CMAKE_PREFIX_PATH=${CMAKE_PREFIX_PATH}:/opt/ros/humble /usr/bin/cmake --build /mnt/c/Users/nikig/Projects/cpp_miltech/homework_13/src/antidrone_turret/build/antidrone_turret -- -j12 -l12
