-- Found ament_cmake_auto: 1.3.14 (/opt/ros/humble/share/ament_cmake_auto/cmake)
-- Using all available rosidl_typesupport_c: rosidl_typesupport_fastrtps_c;rosidl_typesupport_introspection_c
-- Found rosidl_adapter: 3.1.9 (/opt/ros/humble/share/rosidl_adapter/cmake)
-- Using all available rosidl_typesupport_cpp: rosidl_typesupport_fastrtps_cpp;rosidl_typesupport_introspection_cpp
-- Found rmw_implementation_cmake: 6.1.2 (/opt/ros/humble/share/rmw_implementation_cmake/cmake)
-- Found rmw_fastrtps_cpp: 6.2.10 (/opt/ros/humble/share/rmw_fastrtps_cpp/cmake)
-- Using RMW implementation 'rmw_fastrtps_cpp' as default
-- Found ament_cmake_ros: 0.10.0 (/opt/ros/humble/share/ament_cmake_ros/cmake)
-- Using all available rosidl_typesupport_c: rosidl_typesupport_fastrtps_c;rosidl_typesupport_introspection_c
-- Using all available rosidl_typesupport_cpp: rosidl_typesupport_fastrtps_cpp;rosidl_typesupport_introspection_cpp
-- Found python_cmake_module: 0.10.0 (/opt/ros/humble/share/python_cmake_module/cmake)
-- Using PYTHON_EXECUTABLE: /usr/bin/python3
-- Using PYTHON_INCLUDE_DIRS: /usr/include/python3.10
-- Using PYTHON_LIBRARIES: /usr/lib/x86_64-linux-gnu/libpython3.10.so
-- Found gtest sources under '/opt/ros/humble/src/gtest_vendor': C++ tests using 'Google Test' will be built
-- Configuring done
-- Generating done
-- Build files have been written to: /mnt/c/Users/nikig/Projects/cpp_miltech/homework_13/build/antidrone_turret
[35m[1mConsolidate compiler generated dependencies of target gtest_main[0m
[35m[1mConsolidate compiler generated dependencies of target gtest[0m
[  1%] Built target antidrone_turret__rs
[  2%] Built target antidrone_turret__cpp
[35m[1mConsolidate compiler generated dependencies of target antidrone_turret__rosidl_generator_c[0m
[35m[1mConsolidate compiler generated dependencies of target antidrone_turret__rosidl_typesupport_cpp[0m
[35m[1mConsolidate compiler generated dependencies of target antidrone_turret__rosidl_typesupport_introspection_cpp[0m
[35m[1mConsolidate compiler generated dependencies of target antidrone_turret__rosidl_typesupport_fastrtps_cpp[0m
[  4%] Built target gtest_main
[  6%] Built target gtest
[35m[1mConsolidate compiler generated dependencies of target provided_logic_test[0m
[ 11%] [32mBuilding CXX object CMakeFiles/target_track_edge_test.dir/test/target_track_edge_test.cpp.o[0m
[ 11%] [32mBuilding CXX object CMakeFiles/target_decision_test.dir/test/target_decision_test.cpp.o[0m
[ 17%] Built target antidrone_turret__rosidl_generator_c
[35m[1mConsolidate compiler generated dependencies of target antidrone_turret__rosidl_typesupport_c[0m
[35m[1mConsolidate compiler generated dependencies of target antidrone_turret__rosidl_typesupport_fastrtps_c[0m
[35m[1mConsolidate compiler generated dependencies of target antidrone_turret__rosidl_typesupport_introspection_c[0m
[ 17%] Built target ament_cmake_python_copy_antidrone_turret
[ 26%] Built target antidrone_turret__rosidl_typesupport_c
[ 34%] Built target antidrone_turret__rosidl_typesupport_cpp
[ 35%] [32mBuilding CXX object CMakeFiles/provided_logic_test.dir/test/provided_logic_test.cpp.o[0m
[35m[1mConsolidate compiler generated dependencies of target target_track_publisher_node[0m
[35m[1mConsolidate compiler generated dependencies of target turret_controller_node[0m
[35m[1mConsolidate compiler generated dependencies of target actuator_node[0m
[35m[1mConsolidate compiler generated dependencies of target gimbal_driver_node[0m
[ 44%] Built target antidrone_turret__rosidl_typesupport_introspection_c
[ 53%] Built target antidrone_turret__rosidl_typesupport_introspection_cpp
[35m[1mConsolidate compiler generated dependencies of target yaw_servo_driver_node[0m
running egg_info
writing antidrone_turret.egg-info/PKG-INFO
writing dependency_links to antidrone_turret.egg-info/dependency_links.txt
writing top-level names to antidrone_turret.egg-info/top_level.txt
reading manifest file 'antidrone_turret.egg-info/SOURCES.txt'
writing manifest file 'antidrone_turret.egg-info/SOURCES.txt'
[ 61%] Built target antidrone_turret__rosidl_typesupport_fastrtps_cpp
[ 61%] Built target ament_cmake_python_build_antidrone_turret_egg
[ 70%] Built target antidrone_turret__rosidl_typesupport_fastrtps_c
[ 70%] Built target antidrone_turret
[ 71%] [32m[1mLinking CXX executable target_decision_test[0m
[ 72%] Built target antidrone_turret__py
[35m[1mConsolidate compiler generated dependencies of target antidrone_turret__rosidl_generator_py[0m
[ 75%] Built target gimbal_driver_node
[ 77%] Built target actuator_node
[ 81%] Built target target_track_publisher_node
[ 81%] Built target turret_controller_node
[ 83%] Built target yaw_servo_driver_node
[ 84%] [32m[1mLinking CXX executable target_track_edge_test[0m
[ 92%] Built target antidrone_turret__rosidl_generator_py
[35m[1mConsolidate compiler generated dependencies of target antidrone_turret__rosidl_typesupport_introspection_c__pyext[0m
[35m[1mConsolidate compiler generated dependencies of target antidrone_turret__rosidl_typesupport_fastrtps_c__pyext[0m
[35m[1mConsolidate compiler generated dependencies of target antidrone_turret__rosidl_typesupport_c__pyext[0m
[ 93%] [32m[1mLinking CXX executable provided_logic_test[0m
[ 97%] Built target antidrone_turret__rosidl_typesupport_c__pyext
[ 97%] Built target antidrone_turret__rosidl_typesupport_fastrtps_c__pyext
[100%] Built target antidrone_turret__rosidl_typesupport_introspection_c__pyext
[100%] Built target target_decision_test
[100%] Built target target_track_edge_test
[100%] Built target provided_logic_test
-- Install configuration: ""
-- Up-to-date: /mnt/c/Users/nikig/Projects/cpp_miltech/homework_13/install/antidrone_turret/share/ament_index/resource_index/rosidl_interfaces/antidrone_turret
-- Up-to-date: /mnt/c/Users/nikig/Projects/cpp_miltech/homework_13/install/antidrone_turret/include/antidrone_turret/antidrone_turret
-- Up-to-date: /mnt/c/Users/nikig/Projects/cpp_miltech/homework_13/install/antidrone_turret/include/antidrone_turret/antidrone_turret/msg
-- Up-to-date: /mnt/c/Users/nikig/Projects/cpp_miltech/homework_13/install/antidrone_turret/include/antidrone_turret/antidrone_turret/msg/actuator_status.h
-- Up-to-date: /mnt/c/Users/nikig/Projects/cpp_miltech/homework_13/install/antidrone_turret/include/antidrone_turret/antidrone_turret/msg/detail
-- Up-to-date: /mnt/c/Users/nikig/Projects/cpp_miltech/homework_13/install/antidrone_turret/include/antidrone_turret/antidrone_turret/msg/detail/actuator_status__functions.c
-- Up-to-date: /mnt/c/Users/nikig/Projects/cpp_miltech/homework_13/install/antidrone_turret/include/antidrone_turret/antidrone_turret/msg/detail/actuator_status__functions.h
-- Up-to-date: /mnt/c/Users/nikig/Projects/cpp_miltech/homework_13/install/antidrone_turret/include/antidrone_turret/antidrone_turret/msg/detail/actuator_status__struct.h
-- Up-to-date: /mnt/c/Users/nikig/Projects/cpp_miltech/homework_13/install/antidrone_turret/include/antidrone_turret/antidrone_turret/msg/detail/actuator_status__type_support.h
-- Up-to-date: /mnt/c/Users/nikig/Projects/cpp_miltech/homework_13/install/antidrone_turret/include/antidrone_turret/antidrone_turret/msg/detail/gimbal_command__functions.c
-- Up-to-date: /mnt/c/Users/nikig/Projects/cpp_miltech/homework_13/install/antidrone_turret/include/antidrone_turret/antidrone_turret/msg/detail/gimbal_command__functions.h
-- Up-to-date: /mnt/c/Users/nikig/Projects/cpp_miltech/homework_13/install/antidrone_turret/include/antidrone_turret/antidrone_turret/msg/detail/gimbal_command__struct.h
-- Up-to-date: /mnt/c/Users/nikig/Projects/cpp_miltech/homework_13/install/antidrone_turret/include/antidrone_turret/antidrone_turret/msg/detail/gimbal_command__type_support.h
-- Up-to-date: /mnt/c/Users/nikig/Projects/cpp_miltech/homework_13/install/antidrone_turret/include/antidrone_turret/antidrone_turret/msg/detail/servo_command__functions.c
-- Up-to-date: /mnt/c/Users/nikig/Projects/cpp_miltech/homework_13/install/antidrone_turret/include/antidrone_turret/antidrone_turret/msg/detail/servo_command__functions.h
-- Up-to-date: /mnt/c/Users/nikig/Projects/cpp_miltech/homework_13/install/antidrone_turret/include/antidrone_turret/antidrone_turret/msg/detail/servo_command__struct.h
-- Up-to-date: /mnt/c/Users/nikig/Projects/cpp_miltech/homework_13/install/antidrone_turret/include/antidrone_turret/antidrone_turret/msg/detail/servo_command__type_support.h
-- Up-to-date: /mnt/c/Users/nikig/Projects/cpp_miltech/homework_13/install/antidrone_turret/include/antidrone_turret/antidrone_turret/msg/detail/target__functions.c
-- Up-to-date: /mnt/c/Users/nikig/Projects/cpp_miltech/homework_13/install/antidrone_turret/include/antidrone_turret/antidrone_turret/msg/detail/target__functions.h
-- Up-to-date: /mnt/c/Users/nikig/Projects/cpp_miltech/homework_13/install/antidrone_turret/include/antidrone_turret/antidrone_turret/msg/detail/target__struct.h
-- Up-to-date: /mnt/c/Users/nikig/Projects/cpp_miltech/homework_13/install/antidrone_turret/include/antidrone_turret/antidrone_turret/msg/detail/target__type_support.h
-- Up-to-date: /mnt/c/Users/nikig/Projects/cpp_miltech/homework_13/install/antidrone_turret/include/antidrone_turret/antidrone_turret/msg/detail/turret_status__functions.c
-- Up-to-date: /mnt/c/Users/nikig/Projects/cpp_miltech/homework_13/install/antidrone_turret/include/antidrone_turret/antidrone_turret/msg/detail/turret_status__functions.h
-- Up-to-date: /mnt/c/Users/nikig/Projects/cpp_miltech/homework_13/install/antidrone_turret/include/antidrone_turret/antidrone_turret/msg/detail/turret_status__struct.h
-- Up-to-date: /mnt/c/Users/nikig/Projects/cpp_miltech/homework_13/install/antidrone_turret/include/antidrone_turret/antidrone_turret/msg/detail/turret_status__type_support.h
-- Up-to-date: /mnt/c/Users/nikig/Projects/cpp_miltech/homework_13/install/antidrone_turret/include/antidrone_turret/antidrone_turret/msg/gimbal_command.h
-- Up-to-date: /mnt/c/Users/nikig/Projects/cpp_miltech/homework_13/install/antidrone_turret/include/antidrone_turret/antidrone_turret/msg/rosidl_generator_c__visibility_control.h
-- Up-to-date: /mnt/c/Users/nikig/Projects/cpp_miltech/homework_13/install/antidrone_turret/include/antidrone_turret/antidrone_turret/msg/servo_command.h
-- Up-to-date: /mnt/c/Users/nikig/Projects/cpp_miltech/homework_13/install/antidrone_turret/include/antidrone_turret/antidrone_turret/msg/target.h
-- Up-to-date: /mnt/c/Users/nikig/Projects/cpp_miltech/homework_13/install/antidrone_turret/include/antidrone_turret/antidrone_turret/msg/turret_status.h
-- Up-to-date: /mnt/c/Users/nikig/Projects/cpp_miltech/homework_13/install/antidrone_turret/include/antidrone_turret/antidrone_turret/srv
-- Up-to-date: /mnt/c/Users/nikig/Projects/cpp_miltech/homework_13/install/antidrone_turret/include/antidrone_turret/antidrone_turret/srv/detail
-- Up-to-date: /mnt/c/Users/nikig/Projects/cpp_miltech/homework_13/install/antidrone_turret/include/antidrone_turret/antidrone_turret/srv/detail/trigger_actuator__functions.c
-- Up-to-date: /mnt/c/Users/nikig/Projects/cpp_miltech/homework_13/install/antidrone_turret/include/antidrone_turret/antidrone_turret/srv/detail/trigger_actuator__functions.h
-- Up-to-date: /mnt/c/Users/nikig/Projects/cpp_miltech/homework_13/install/antidrone_turret/include/antidrone_turret/antidrone_turret/srv/detail/trigger_actuator__struct.h
-- Up-to-date: /mnt/c/Users/nikig/Projects/cpp_miltech/homework_13/install/antidrone_turret/include/antidrone_turret/antidrone_turret/srv/detail/trigger_actuator__type_support.h
-- Up-to-date: /mnt/c/Users/nikig/Projects/cpp_miltech/homework_13/install/antidrone_turret/include/antidrone_turret/antidrone_turret/srv/trigger_actuator.h
-- Up-to-date: /mnt/c/Users/nikig/Projects/cpp_miltech/homework_13/install/antidrone_turret/share/antidrone_turret/environment/library_path.sh
-- Installing: /mnt/c/Users/nikig/Projects/cpp_miltech/homework_13/install/antidrone_turret/share/antidrone_turret/environment/library_path.dsv
-- Up-to-date: /mnt/c/Users/nikig/Projects/cpp_miltech/homework_13/install/antidrone_turret/lib/libantidrone_turret__rosidl_generator_c.so
-- Up-to-date: /mnt/c/Users/nikig/Projects/cpp_miltech/homework_13/install/antidrone_turret/include/antidrone_turret/antidrone_turret
-- Up-to-date: /mnt/c/Users/nikig/Projects/cpp_miltech/homework_13/install/antidrone_turret/include/antidrone_turret/antidrone_turret/msg
-- Up-to-date: /mnt/c/Users/nikig/Projects/cpp_miltech/homework_13/install/antidrone_turret/include/antidrone_turret/antidrone_turret/msg/detail
-- Up-to-date: /mnt/c/Users/nikig/Projects/cpp_miltech/homework_13/install/antidrone_turret/include/antidrone_turret/antidrone_turret/msg/detail/actuator_status__rosidl_typesupport_fastrtps_c.h
-- Up-to-date: /mnt/c/Users/nikig/Projects/cpp_miltech/homework_13/install/antidrone_turret/include/antidrone_turret/antidrone_turret/msg/detail/gimbal_command__rosidl_typesupport_fastrtps_c.h
-- Up-to-date: /mnt/c/Users/nikig/Projects/cpp_miltech/homework_13/install/antidrone_turret/include/antidrone_turret/antidrone_turret/msg/detail/servo_command__rosidl_typesupport_fastrtps_c.h
-- Up-to-date: /mnt/c/Users/nikig/Projects/cpp_miltech/homework_13/install/antidrone_turret/include/antidrone_turret/antidrone_turret/msg/detail/target__rosidl_typesupport_fastrtps_c.h
-- Up-to-date: /mnt/c/Users/nikig/Projects/cpp_miltech/homework_13/install/antidrone_turret/include/antidrone_turret/antidrone_turret/msg/detail/turret_status__rosidl_typesupport_fastrtps_c.h
-- Up-to-date: /mnt/c/Users/nikig/Projects/cpp_miltech/homework_13/install/antidrone_turret/include/antidrone_turret/antidrone_turret/msg/rosidl_typesupport_fastrtps_c__visibility_control.h
-- Up-to-date: /mnt/c/Users/nikig/Projects/cpp_miltech/homework_13/install/antidrone_turret/include/antidrone_turret/antidrone_turret/srv
-- Up-to-date: /mnt/c/Users/nikig/Projects/cpp_miltech/homework_13/install/antidrone_turret/include/antidrone_turret/antidrone_turret/srv/detail
-- Up-to-date: /mnt/c/Users/nikig/Projects/cpp_miltech/homework_13/install/antidrone_turret/include/antidrone_turret/antidrone_turret/srv/detail/trigger_actuator__rosidl_typesupport_fastrtps_c.h
-- Up-to-date: /mnt/c/Users/nikig/Projects/cpp_miltech/homework_13/install/antidrone_turret/lib/libantidrone_turret__rosidl_typesupport_fastrtps_c.so
-- Up-to-date: /mnt/c/Users/nikig/Projects/cpp_miltech/homework_13/install/antidrone_turret/include/antidrone_turret/antidrone_turret
-- Up-to-date: /mnt/c/Users/nikig/Projects/cpp_miltech/homework_13/install/antidrone_turret/include/antidrone_turret/antidrone_turret/msg
-- Up-to-date: /mnt/c/Users/nikig/Projects/cpp_miltech/homework_13/install/antidrone_turret/include/antidrone_turret/antidrone_turret/msg/detail
-- Up-to-date: /mnt/c/Users/nikig/Projects/cpp_miltech/homework_13/install/antidrone_turret/include/antidrone_turret/antidrone_turret/msg/detail/actuator_status__rosidl_typesupport_introspection_c.h
-- Up-to-date: /mnt/c/Users/nikig/Projects/cpp_miltech/homework_13/install/antidrone_turret/include/antidrone_turret/antidrone_turret/msg/detail/actuator_status__type_support.c
-- Up-to-date: /mnt/c/Users/nikig/Projects/cpp_miltech/homework_13/install/antidrone_turret/include/antidrone_turret/antidrone_turret/msg/detail/gimbal_command__rosidl_typesupport_introspection_c.h
-- Up-to-date: /mnt/c/Users/nikig/Projects/cpp_miltech/homework_13/install/antidrone_turret/include/antidrone_turret/antidrone_turret/msg/detail/gimbal_command__type_support.c
-- Up-to-date: /mnt/c/Users/nikig/Projects/cpp_miltech/homework_13/install/antidrone_turret/include/antidrone_turret/antidrone_turret/msg/detail/servo_command__rosidl_typesupport_introspection_c.h
-- Up-to-date: /mnt/c/Users/nikig/Projects/cpp_miltech/homework_13/install/antidrone_turret/include/antidrone_turret/antidrone_turret/msg/detail/servo_command__type_support.c
-- Up-to-date: /mnt/c/Users/nikig/Projects/cpp_miltech/homework_13/install/antidrone_turret/include/antidrone_turret/antidrone_turret/msg/detail/target__rosidl_typesupport_introspection_c.h
-- Up-to-date: /mnt/c/Users/nikig/Projects/cpp_miltech/homework_13/install/antidrone_turret/include/antidrone_turret/antidrone_turret/msg/detail/target__type_support.c
-- Up-to-date: /mnt/c/Users/nikig/Projects/cpp_miltech/homework_13/install/antidrone_turret/include/antidrone_turret/antidrone_turret/msg/detail/turret_status__rosidl_typesupport_introspection_c.h
-- Up-to-date: /mnt/c/Users/nikig/Projects/cpp_miltech/homework_13/install/antidrone_turret/include/antidrone_turret/antidrone_turret/msg/detail/turret_status__type_support.c
-- Up-to-date: /mnt/c/Users/nikig/Projects/cpp_miltech/homework_13/install/antidrone_turret/include/antidrone_turret/antidrone_turret/msg/rosidl_typesupport_introspection_c__visibility_control.h
-- Up-to-date: /mnt/c/Users/nikig/Projects/cpp_miltech/homework_13/install/antidrone_turret/include/antidrone_turret/antidrone_turret/srv
-- Up-to-date: /mnt/c/Users/nikig/Projects/cpp_miltech/homework_13/install/antidrone_turret/include/antidrone_turret/antidrone_turret/srv/detail
-- Up-to-date: /mnt/c/Users/nikig/Projects/cpp_miltech/homework_13/install/antidrone_turret/include/antidrone_turret/antidrone_turret/srv/detail/trigger_actuator__rosidl_typesupport_introspection_c.h
-- Up-to-date: /mnt/c/Users/nikig/Projects/cpp_miltech/homework_13/install/antidrone_turret/include/antidrone_turret/antidrone_turret/srv/detail/trigger_actuator__type_support.c
-- Up-to-date: /mnt/c/Users/nikig/Projects/cpp_miltech/homework_13/install/antidrone_turret/lib/libantidrone_turret__rosidl_typesupport_introspection_c.so
-- Up-to-date: /mnt/c/Users/nikig/Projects/cpp_miltech/homework_13/install/antidrone_turret/lib/libantidrone_turret__rosidl_typesupport_c.so
-- Up-to-date: /mnt/c/Users/nikig/Projects/cpp_miltech/homework_13/install/antidrone_turret/include/antidrone_turret/antidrone_turret
-- Up-to-date: /mnt/c/Users/nikig/Projects/cpp_miltech/homework_13/install/antidrone_turret/include/antidrone_turret/antidrone_turret/msg
-- Up-to-date: /mnt/c/Users/nikig/Projects/cpp_miltech/homework_13/install/antidrone_turret/include/antidrone_turret/antidrone_turret/msg/actuator_status.hpp
-- Up-to-date: /mnt/c/Users/nikig/Projects/cpp_miltech/homework_13/install/antidrone_turret/include/antidrone_turret/antidrone_turret/msg/detail
-- Up-to-date: /mnt/c/Users/nikig/Projects/cpp_miltech/homework_13/install/antidrone_turret/include/antidrone_turret/antidrone_turret/msg/detail/actuator_status__builder.hpp
-- Up-to-date: /mnt/c/Users/nikig/Projects/cpp_miltech/homework_13/install/antidrone_turret/include/antidrone_turret/antidrone_turret/msg/detail/actuator_status__struct.hpp
-- Up-to-date: /mnt/c/Users/nikig/Projects/cpp_miltech/homework_13/install/antidrone_turret/include/antidrone_turret/antidrone_turret/msg/detail/actuator_status__traits.hpp
-- Up-to-date: /mnt/c/Users/nikig/Projects/cpp_miltech/homework_13/install/antidrone_turret/include/antidrone_turret/antidrone_turret/msg/detail/actuator_status__type_support.hpp
-- Up-to-date: /mnt/c/Users/nikig/Projects/cpp_miltech/homework_13/install/antidrone_turret/include/antidrone_turret/antidrone_turret/msg/detail/gimbal_command__builder.hpp
-- Up-to-date: /mnt/c/Users/nikig/Projects/cpp_miltech/homework_13/install/antidrone_turret/include/antidrone_turret/antidrone_turret/msg/detail/gimbal_command__struct.hpp
-- Up-to-date: /mnt/c/Users/nikig/Projects/cpp_miltech/homework_13/install/antidrone_turret/include/antidrone_turret/antidrone_turret/msg/detail/gimbal_command__traits.hpp
-- Up-to-date: /mnt/c/Users/nikig/Projects/cpp_miltech/homework_13/install/antidrone_turret/include/antidrone_turret/antidrone_turret/msg/detail/gimbal_command__type_support.hpp
-- Up-to-date: /mnt/c/Users/nikig/Projects/cpp_miltech/homework_13/install/antidrone_turret/include/antidrone_turret/antidrone_turret/msg/detail/servo_command__builder.hpp
-- Up-to-date: /mnt/c/Users/nikig/Projects/cpp_miltech/homework_13/install/antidrone_turret/include/antidrone_turret/antidrone_turret/msg/detail/servo_command__struct.hpp
-- Up-to-date: /mnt/c/Users/nikig/Projects/cpp_miltech/homework_13/install/antidrone_turret/include/antidrone_turret/antidrone_turret/msg/detail/servo_command__traits.hpp
-- Up-to-date: /mnt/c/Users/nikig/Projects/cpp_miltech/homework_13/install/antidrone_turret/include/antidrone_turret/antidrone_turret/msg/detail/servo_command__type_support.hpp
-- Up-to-date: /mnt/c/Users/nikig/Projects/cpp_miltech/homework_13/install/antidrone_turret/include/antidrone_turret/antidrone_turret/msg/detail/target__builder.hpp
-- Up-to-date: /mnt/c/Users/nikig/Projects/cpp_miltech/homework_13/install/antidrone_turret/include/antidrone_turret/antidrone_turret/msg/detail/target__struct.hpp
-- Up-to-date: /mnt/c/Users/nikig/Projects/cpp_miltech/homework_13/install/antidrone_turret/include/antidrone_turret/antidrone_turret/msg/detail/target__traits.hpp
-- Up-to-date: /mnt/c/Users/nikig/Projects/cpp_miltech/homework_13/install/antidrone_turret/include/antidrone_turret/antidrone_turret/msg/detail/target__type_support.hpp
-- Up-to-date: /mnt/c/Users/nikig/Projects/cpp_miltech/homework_13/install/antidrone_turret/include/antidrone_turret/antidrone_turret/msg/detail/turret_status__builder.hpp
-- Up-to-date: /mnt/c/Users/nikig/Projects/cpp_miltech/homework_13/install/antidrone_turret/include/antidrone_turret/antidrone_turret/msg/detail/turret_status__struct.hpp
-- Up-to-date: /mnt/c/Users/nikig/Projects/cpp_miltech/homework_13/install/antidrone_turret/include/antidrone_turret/antidrone_turret/msg/detail/turret_status__traits.hpp
-- Up-to-date: /mnt/c/Users/nikig/Projects/cpp_miltech/homework_13/install/antidrone_turret/include/antidrone_turret/antidrone_turret/msg/detail/turret_status__type_support.hpp
-- Up-to-date: /mnt/c/Users/nikig/Projects/cpp_miltech/homework_13/install/antidrone_turret/include/antidrone_turret/antidrone_turret/msg/gimbal_command.hpp
-- Up-to-date: /mnt/c/Users/nikig/Projects/cpp_miltech/homework_13/install/antidrone_turret/include/antidrone_turret/antidrone_turret/msg/rosidl_generator_cpp__visibility_control.hpp
-- Up-to-date: /mnt/c/Users/nikig/Projects/cpp_miltech/homework_13/install/antidrone_turret/include/antidrone_turret/antidrone_turret/msg/servo_command.hpp
-- Up-to-date: /mnt/c/Users/nikig/Projects/cpp_miltech/homework_13/install/antidrone_turret/include/antidrone_turret/antidrone_turret/msg/target.hpp
-- Up-to-date: /mnt/c/Users/nikig/Projects/cpp_miltech/homework_13/install/antidrone_turret/include/antidrone_turret/antidrone_turret/msg/turret_status.hpp
-- Up-to-date: /mnt/c/Users/nikig/Projects/cpp_miltech/homework_13/install/antidrone_turret/include/antidrone_turret/antidrone_turret/srv
-- Up-to-date: /mnt/c/Users/nikig/Projects/cpp_miltech/homework_13/install/antidrone_turret/include/antidrone_turret/antidrone_turret/srv/detail
-- Up-to-date: /mnt/c/Users/nikig/Projects/cpp_miltech/homework_13/install/antidrone_turret/include/antidrone_turret/antidrone_turret/srv/detail/trigger_actuator__builder.hpp
-- Up-to-date: /mnt/c/Users/nikig/Projects/cpp_miltech/homework_13/install/antidrone_turret/include/antidrone_turret/antidrone_turret/srv/detail/trigger_actuator__struct.hpp
-- Up-to-date: /mnt/c/Users/nikig/Projects/cpp_miltech/homework_13/install/antidrone_turret/include/antidrone_turret/antidrone_turret/srv/detail/trigger_actuator__traits.hpp
-- Up-to-date: /mnt/c/Users/nikig/Projects/cpp_miltech/homework_13/install/antidrone_turret/include/antidrone_turret/antidrone_turret/srv/detail/trigger_actuator__type_support.hpp
-- Up-to-date: /mnt/c/Users/nikig/Projects/cpp_miltech/homework_13/install/antidrone_turret/include/antidrone_turret/antidrone_turret/srv/trigger_actuator.hpp
-- Up-to-date: /mnt/c/Users/nikig/Projects/cpp_miltech/homework_13/install/antidrone_turret/include/antidrone_turret/antidrone_turret
-- Up-to-date: /mnt/c/Users/nikig/Projects/cpp_miltech/homework_13/install/antidrone_turret/include/antidrone_turret/antidrone_turret/msg
-- Up-to-date: /mnt/c/Users/nikig/Projects/cpp_miltech/homework_13/install/antidrone_turret/include/antidrone_turret/antidrone_turret/msg/detail
-- Up-to-date: /mnt/c/Users/nikig/Projects/cpp_miltech/homework_13/install/antidrone_turret/include/antidrone_turret/antidrone_turret/msg/detail/actuator_status__rosidl_typesupport_fastrtps_cpp.hpp
-- Up-to-date: /mnt/c/Users/nikig/Projects/cpp_miltech/homework_13/install/antidrone_turret/include/antidrone_turret/antidrone_turret/msg/detail/dds_fastrtps
-- Up-to-date: /mnt/c/Users/nikig/Projects/cpp_miltech/homework_13/install/antidrone_turret/include/antidrone_turret/antidrone_turret/msg/detail/gimbal_command__rosidl_typesupport_fastrtps_cpp.hpp
-- Up-to-date: /mnt/c/Users/nikig/Projects/cpp_miltech/homework_13/install/antidrone_turret/include/antidrone_turret/antidrone_turret/msg/detail/servo_command__rosidl_typesupport_fastrtps_cpp.hpp
-- Up-to-date: /mnt/c/Users/nikig/Projects/cpp_miltech/homework_13/install/antidrone_turret/include/antidrone_turret/antidrone_turret/msg/detail/target__rosidl_typesupport_fastrtps_cpp.hpp
-- Up-to-date: /mnt/c/Users/nikig/Projects/cpp_miltech/homework_13/install/antidrone_turret/include/antidrone_turret/antidrone_turret/msg/detail/turret_status__rosidl_typesupport_fastrtps_cpp.hpp
-- Up-to-date: /mnt/c/Users/nikig/Projects/cpp_miltech/homework_13/install/antidrone_turret/include/antidrone_turret/antidrone_turret/msg/rosidl_typesupport_fastrtps_cpp__visibility_control.h
-- Up-to-date: /mnt/c/Users/nikig/Projects/cpp_miltech/homework_13/install/antidrone_turret/include/antidrone_turret/antidrone_turret/srv
-- Up-to-date: /mnt/c/Users/nikig/Projects/cpp_miltech/homework_13/install/antidrone_turret/include/antidrone_turret/antidrone_turret/srv/detail
-- Up-to-date: /mnt/c/Users/nikig/Projects/cpp_miltech/homework_13/install/antidrone_turret/include/antidrone_turret/antidrone_turret/srv/detail/dds_fastrtps
-- Up-to-date: /mnt/c/Users/nikig/Projects/cpp_miltech/homework_13/install/antidrone_turret/include/antidrone_turret/antidrone_turret/srv/detail/trigger_actuator__rosidl_typesupport_fastrtps_cpp.hpp
-- Up-to-date: /mnt/c/Users/nikig/Projects/cpp_miltech/homework_13/install/antidrone_turret/lib/libantidrone_turret__rosidl_typesupport_fastrtps_cpp.so
-- Up-to-date: /mnt/c/Users/nikig/Projects/cpp_miltech/homework_13/install/antidrone_turret/include/antidrone_turret/antidrone_turret
-- Up-to-date: /mnt/c/Users/nikig/Projects/cpp_miltech/homework_13/install/antidrone_turret/include/antidrone_turret/antidrone_turret/msg
-- Up-to-date: /mnt/c/Users/nikig/Projects/cpp_miltech/homework_13/install/antidrone_turret/include/antidrone_turret/antidrone_turret/msg/detail
-- Up-to-date: /mnt/c/Users/nikig/Projects/cpp_miltech/homework_13/install/antidrone_turret/include/antidrone_turret/antidrone_turret/msg/detail/actuator_status__rosidl_typesupport_introspection_cpp.hpp
-- Up-to-date: /mnt/c/Users/nikig/Projects/cpp_miltech/homework_13/install/antidrone_turret/include/antidrone_turret/antidrone_turret/msg/detail/actuator_status__type_support.cpp
-- Up-to-date: /mnt/c/Users/nikig/Projects/cpp_miltech/homework_13/install/antidrone_turret/include/antidrone_turret/antidrone_turret/msg/detail/gimbal_command__rosidl_typesupport_introspection_cpp.hpp
-- Up-to-date: /mnt/c/Users/nikig/Projects/cpp_miltech/homework_13/install/antidrone_turret/include/antidrone_turret/antidrone_turret/msg/detail/gimbal_command__type_support.cpp
-- Up-to-date: /mnt/c/Users/nikig/Projects/cpp_miltech/homework_13/install/antidrone_turret/include/antidrone_turret/antidrone_turret/msg/detail/servo_command__rosidl_typesupport_introspection_cpp.hpp
-- Up-to-date: /mnt/c/Users/nikig/Projects/cpp_miltech/homework_13/install/antidrone_turret/include/antidrone_turret/antidrone_turret/msg/detail/servo_command__type_support.cpp
-- Up-to-date: /mnt/c/Users/nikig/Projects/cpp_miltech/homework_13/install/antidrone_turret/include/antidrone_turret/antidrone_turret/msg/detail/target__rosidl_typesupport_introspection_cpp.hpp
-- Up-to-date: /mnt/c/Users/nikig/Projects/cpp_miltech/homework_13/install/antidrone_turret/include/antidrone_turret/antidrone_turret/msg/detail/target__type_support.cpp
-- Up-to-date: /mnt/c/Users/nikig/Projects/cpp_miltech/homework_13/install/antidrone_turret/include/antidrone_turret/antidrone_turret/msg/detail/turret_status__rosidl_typesupport_introspection_cpp.hpp
-- Up-to-date: /mnt/c/Users/nikig/Projects/cpp_miltech/homework_13/install/antidrone_turret/include/antidrone_turret/antidrone_turret/msg/detail/turret_status__type_support.cpp
-- Up-to-date: /mnt/c/Users/nikig/Projects/cpp_miltech/homework_13/install/antidrone_turret/include/antidrone_turret/antidrone_turret/srv
-- Up-to-date: /mnt/c/Users/nikig/Projects/cpp_miltech/homework_13/install/antidrone_turret/include/antidrone_turret/antidrone_turret/srv/detail
-- Up-to-date: /mnt/c/Users/nikig/Projects/cpp_miltech/homework_13/install/antidrone_turret/include/antidrone_turret/antidrone_turret/srv/detail/trigger_actuator__rosidl_typesupport_introspection_cpp.hpp
-- Up-to-date: /mnt/c/Users/nikig/Projects/cpp_miltech/homework_13/install/antidrone_turret/include/antidrone_turret/antidrone_turret/srv/detail/trigger_actuator__type_support.cpp
-- Up-to-date: /mnt/c/Users/nikig/Projects/cpp_miltech/homework_13/install/antidrone_turret/lib/libantidrone_turret__rosidl_typesupport_introspection_cpp.so
-- Up-to-date: /mnt/c/Users/nikig/Projects/cpp_miltech/homework_13/install/antidrone_turret/lib/libantidrone_turret__rosidl_typesupport_cpp.so
-- Up-to-date: /mnt/c/Users/nikig/Projects/cpp_miltech/homework_13/install/antidrone_turret/share/antidrone_turret/environment/pythonpath.sh
-- Installing: /mnt/c/Users/nikig/Projects/cpp_miltech/homework_13/install/antidrone_turret/share/antidrone_turret/environment/pythonpath.dsv
-- Up-to-date: /mnt/c/Users/nikig/Projects/cpp_miltech/homework_13/install/antidrone_turret/local/lib/python3.10/dist-packages/antidrone_turret-0.1.0-py3.10.egg-info
-- Installing: /mnt/c/Users/nikig/Projects/cpp_miltech/homework_13/install/antidrone_turret/local/lib/python3.10/dist-packages/antidrone_turret-0.1.0-py3.10.egg-info/dependency_links.txt
-- Installing: /mnt/c/Users/nikig/Projects/cpp_miltech/homework_13/install/antidrone_turret/local/lib/python3.10/dist-packages/antidrone_turret-0.1.0-py3.10.egg-info/PKG-INFO
-- Installing: /mnt/c/Users/nikig/Projects/cpp_miltech/homework_13/install/antidrone_turret/local/lib/python3.10/dist-packages/antidrone_turret-0.1.0-py3.10.egg-info/SOURCES.txt
-- Installing: /mnt/c/Users/nikig/Projects/cpp_miltech/homework_13/install/antidrone_turret/local/lib/python3.10/dist-packages/antidrone_turret-0.1.0-py3.10.egg-info/top_level.txt
-- Up-to-date: /mnt/c/Users/nikig/Projects/cpp_miltech/homework_13/install/antidrone_turret/local/lib/python3.10/dist-packages/antidrone_turret
-- Up-to-date: /mnt/c/Users/nikig/Projects/cpp_miltech/homework_13/install/antidrone_turret/local/lib/python3.10/dist-packages/antidrone_turret/antidrone_turret_s__rosidl_typesupport_c.cpython-310-x86_64-linux-gnu.so
-- Up-to-date: /mnt/c/Users/nikig/Projects/cpp_miltech/homework_13/install/antidrone_turret/local/lib/python3.10/dist-packages/antidrone_turret/antidrone_turret_s__rosidl_typesupport_fastrtps_c.cpython-310-x86_64-linux-gnu.so
-- Up-to-date: /mnt/c/Users/nikig/Projects/cpp_miltech/homework_13/install/antidrone_turret/local/lib/python3.10/dist-packages/antidrone_turret/antidrone_turret_s__rosidl_typesupport_introspection_c.cpython-310-x86_64-linux-gnu.so
-- Up-to-date: /mnt/c/Users/nikig/Projects/cpp_miltech/homework_13/install/antidrone_turret/local/lib/python3.10/dist-packages/antidrone_turret/libantidrone_turret__rosidl_generator_py.so
-- Up-to-date: /mnt/c/Users/nikig/Projects/cpp_miltech/homework_13/install/antidrone_turret/local/lib/python3.10/dist-packages/antidrone_turret/msg
-- Up-to-date: /mnt/c/Users/nikig/Projects/cpp_miltech/homework_13/install/antidrone_turret/local/lib/python3.10/dist-packages/antidrone_turret/msg/_actuator_status.py
-- Up-to-date: /mnt/c/Users/nikig/Projects/cpp_miltech/homework_13/install/antidrone_turret/local/lib/python3.10/dist-packages/antidrone_turret/msg/_actuator_status_s.c
-- Up-to-date: /mnt/c/Users/nikig/Projects/cpp_miltech/homework_13/install/antidrone_turret/local/lib/python3.10/dist-packages/antidrone_turret/msg/_gimbal_command.py
-- Up-to-date: /mnt/c/Users/nikig/Projects/cpp_miltech/homework_13/install/antidrone_turret/local/lib/python3.10/dist-packages/antidrone_turret/msg/_gimbal_command_s.c
-- Up-to-date: /mnt/c/Users/nikig/Projects/cpp_miltech/homework_13/install/antidrone_turret/local/lib/python3.10/dist-packages/antidrone_turret/msg/_servo_command.py
-- Up-to-date: /mnt/c/Users/nikig/Projects/cpp_miltech/homework_13/install/antidrone_turret/local/lib/python3.10/dist-packages/antidrone_turret/msg/_servo_command_s.c
-- Up-to-date: /mnt/c/Users/nikig/Projects/cpp_miltech/homework_13/install/antidrone_turret/local/lib/python3.10/dist-packages/antidrone_turret/msg/_target.py
-- Up-to-date: /mnt/c/Users/nikig/Projects/cpp_miltech/homework_13/install/antidrone_turret/local/lib/python3.10/dist-packages/antidrone_turret/msg/_target_s.c
-- Up-to-date: /mnt/c/Users/nikig/Projects/cpp_miltech/homework_13/install/antidrone_turret/local/lib/python3.10/dist-packages/antidrone_turret/msg/_turret_status.py
-- Up-to-date: /mnt/c/Users/nikig/Projects/cpp_miltech/homework_13/install/antidrone_turret/local/lib/python3.10/dist-packages/antidrone_turret/msg/_turret_status_s.c
-- Up-to-date: /mnt/c/Users/nikig/Projects/cpp_miltech/homework_13/install/antidrone_turret/local/lib/python3.10/dist-packages/antidrone_turret/msg/__init__.py
-- Up-to-date: /mnt/c/Users/nikig/Projects/cpp_miltech/homework_13/install/antidrone_turret/local/lib/python3.10/dist-packages/antidrone_turret/srv
-- Up-to-date: /mnt/c/Users/nikig/Projects/cpp_miltech/homework_13/install/antidrone_turret/local/lib/python3.10/dist-packages/antidrone_turret/srv/_trigger_actuator.py
-- Up-to-date: /mnt/c/Users/nikig/Projects/cpp_miltech/homework_13/install/antidrone_turret/local/lib/python3.10/dist-packages/antidrone_turret/srv/_trigger_actuator_s.c
-- Up-to-date: /mnt/c/Users/nikig/Projects/cpp_miltech/homework_13/install/antidrone_turret/local/lib/python3.10/dist-packages/antidrone_turret/srv/__init__.py
-- Up-to-date: /mnt/c/Users/nikig/Projects/cpp_miltech/homework_13/install/antidrone_turret/local/lib/python3.10/dist-packages/antidrone_turret/_antidrone_turret_s.ep.rosidl_typesupport_c.c
-- Up-to-date: /mnt/c/Users/nikig/Projects/cpp_miltech/homework_13/install/antidrone_turret/local/lib/python3.10/dist-packages/antidrone_turret/_antidrone_turret_s.ep.rosidl_typesupport_fastrtps_c.c
-- Up-to-date: /mnt/c/Users/nikig/Projects/cpp_miltech/homework_13/install/antidrone_turret/local/lib/python3.10/dist-packages/antidrone_turret/_antidrone_turret_s.ep.rosidl_typesupport_introspection_c.c
-- Installing: /mnt/c/Users/nikig/Projects/cpp_miltech/homework_13/install/antidrone_turret/local/lib/python3.10/dist-packages/antidrone_turret/__init__.py
Listing '/mnt/c/Users/nikig/Projects/cpp_miltech/homework_13/install/antidrone_turret/local/lib/python3.10/dist-packages/antidrone_turret'...
Compiling '/mnt/c/Users/nikig/Projects/cpp_miltech/homework_13/install/antidrone_turret/local/lib/python3.10/dist-packages/antidrone_turret/__init__.py'...
Listing '/mnt/c/Users/nikig/Projects/cpp_miltech/homework_13/install/antidrone_turret/local/lib/python3.10/dist-packages/antidrone_turret/msg'...
Listing '/mnt/c/Users/nikig/Projects/cpp_miltech/homework_13/install/antidrone_turret/local/lib/python3.10/dist-packages/antidrone_turret/srv'...
-- Up-to-date: /mnt/c/Users/nikig/Projects/cpp_miltech/homework_13/install/antidrone_turret/local/lib/python3.10/dist-packages/antidrone_turret/antidrone_turret_s__rosidl_typesupport_fastrtps_c.cpython-310-x86_64-linux-gnu.so
-- Up-to-date: /mnt/c/Users/nikig/Projects/cpp_miltech/homework_13/install/antidrone_turret/local/lib/python3.10/dist-packages/antidrone_turret/antidrone_turret_s__rosidl_typesupport_introspection_c.cpython-310-x86_64-linux-gnu.so
-- Up-to-date: /mnt/c/Users/nikig/Projects/cpp_miltech/homework_13/install/antidrone_turret/local/lib/python3.10/dist-packages/antidrone_turret/antidrone_turret_s__rosidl_typesupport_c.cpython-310-x86_64-linux-gnu.so
-- Up-to-date: /mnt/c/Users/nikig/Projects/cpp_miltech/homework_13/install/antidrone_turret/lib/libantidrone_turret__rosidl_generator_py.so
-- Up-to-date: /mnt/c/Users/nikig/Projects/cpp_miltech/homework_13/install/antidrone_turret/share/ament_index/resource_index/rust_packages/antidrone_turret
-- Up-to-date: /mnt/c/Users/nikig/Projects/cpp_miltech/homework_13/install/antidrone_turret/share/antidrone_turret/rust
-- Up-to-date: /mnt/c/Users/nikig/Projects/cpp_miltech/homework_13/install/antidrone_turret/share/antidrone_turret/rust/build.rs
-- Up-to-date: /mnt/c/Users/nikig/Projects/cpp_miltech/homework_13/install/antidrone_turret/share/antidrone_turret/rust/Cargo.toml
-- Up-to-date: /mnt/c/Users/nikig/Projects/cpp_miltech/homework_13/install/antidrone_turret/share/antidrone_turret/rust/src
-- Up-to-date: /mnt/c/Users/nikig/Projects/cpp_miltech/homework_13/install/antidrone_turret/share/antidrone_turret/rust/src/lib.rs
-- Up-to-date: /mnt/c/Users/nikig/Projects/cpp_miltech/homework_13/install/antidrone_turret/share/antidrone_turret/rust/src/msg
-- Up-to-date: /mnt/c/Users/nikig/Projects/cpp_miltech/homework_13/install/antidrone_turret/share/antidrone_turret/rust/src/msg/rmw.rs
-- Up-to-date: /mnt/c/Users/nikig/Projects/cpp_miltech/homework_13/install/antidrone_turret/share/antidrone_turret/rust/src/msg.rs
-- Up-to-date: /mnt/c/Users/nikig/Projects/cpp_miltech/homework_13/install/antidrone_turret/share/antidrone_turret/rust/src/srv
-- Up-to-date: /mnt/c/Users/nikig/Projects/cpp_miltech/homework_13/install/antidrone_turret/share/antidrone_turret/rust/src/srv/rmw.rs
-- Up-to-date: /mnt/c/Users/nikig/Projects/cpp_miltech/homework_13/install/antidrone_turret/share/antidrone_turret/rust/src/srv.rs
-- Up-to-date: /mnt/c/Users/nikig/Projects/cpp_miltech/homework_13/install/antidrone_turret/share/antidrone_turret/msg/Target.idl
-- Up-to-date: /mnt/c/Users/nikig/Projects/cpp_miltech/homework_13/install/antidrone_turret/share/antidrone_turret/msg/ActuatorStatus.idl
-- Up-to-date: /mnt/c/Users/nikig/Projects/cpp_miltech/homework_13/install/antidrone_turret/share/antidrone_turret/msg/ServoCommand.idl
-- Up-to-date: /mnt/c/Users/nikig/Projects/cpp_miltech/homework_13/install/antidrone_turret/share/antidrone_turret/msg/GimbalCommand.idl
-- Up-to-date: /mnt/c/Users/nikig/Projects/cpp_miltech/homework_13/install/antidrone_turret/share/antidrone_turret/msg/TurretStatus.idl
-- Up-to-date: /mnt/c/Users/nikig/Projects/cpp_miltech/homework_13/install/antidrone_turret/share/antidrone_turret/srv/TriggerActuator.idl
-- Up-to-date: /mnt/c/Users/nikig/Projects/cpp_miltech/homework_13/install/antidrone_turret/share/antidrone_turret/msg/Target.msg
-- Up-to-date: /mnt/c/Users/nikig/Projects/cpp_miltech/homework_13/install/antidrone_turret/share/antidrone_turret/msg/ActuatorStatus.msg
-- Up-to-date: /mnt/c/Users/nikig/Projects/cpp_miltech/homework_13/install/antidrone_turret/share/antidrone_turret/msg/ServoCommand.msg
-- Up-to-date: /mnt/c/Users/nikig/Projects/cpp_miltech/homework_13/install/antidrone_turret/share/antidrone_turret/msg/GimbalCommand.msg
-- Up-to-date: /mnt/c/Users/nikig/Projects/cpp_miltech/homework_13/install/antidrone_turret/share/antidrone_turret/msg/TurretStatus.msg
-- Up-to-date: /mnt/c/Users/nikig/Projects/cpp_miltech/homework_13/install/antidrone_turret/share/antidrone_turret/srv/TriggerActuator.srv
-- Up-to-date: /mnt/c/Users/nikig/Projects/cpp_miltech/homework_13/install/antidrone_turret/share/antidrone_turret/srv/TriggerActuator_Request.msg
-- Up-to-date: /mnt/c/Users/nikig/Projects/cpp_miltech/homework_13/install/antidrone_turret/share/antidrone_turret/srv/TriggerActuator_Response.msg
-- Up-to-date: /mnt/c/Users/nikig/Projects/cpp_miltech/homework_13/install/antidrone_turret/include/antidrone_turret
-- Up-to-date: /mnt/c/Users/nikig/Projects/cpp_miltech/homework_13/install/antidrone_turret/include/antidrone_turret/antidrone_turret
-- Up-to-date: /mnt/c/Users/nikig/Projects/cpp_miltech/homework_13/install/antidrone_turret/include/antidrone_turret/antidrone_turret/actuator_model.hpp
-- Up-to-date: /mnt/c/Users/nikig/Projects/cpp_miltech/homework_13/install/antidrone_turret/include/antidrone_turret/antidrone_turret/target_decision.hpp
-- Up-to-date: /mnt/c/Users/nikig/Projects/cpp_miltech/homework_13/install/antidrone_turret/include/antidrone_turret/antidrone_turret/target_sequence.hpp
-- Up-to-date: /mnt/c/Users/nikig/Projects/cpp_miltech/homework_13/install/antidrone_turret/include/antidrone_turret/antidrone_turret/target_track_loader.hpp
-- Up-to-date: /mnt/c/Users/nikig/Projects/cpp_miltech/homework_13/install/antidrone_turret/include/antidrone_turret/antidrone_turret/target_track_simulation.hpp
-- Up-to-date: /mnt/c/Users/nikig/Projects/cpp_miltech/homework_13/install/antidrone_turret/lib/antidrone_turret/target_track_publisher_node
-- Up-to-date: /mnt/c/Users/nikig/Projects/cpp_miltech/homework_13/install/antidrone_turret/lib/antidrone_turret/actuator_node
-- Up-to-date: /mnt/c/Users/nikig/Projects/cpp_miltech/homework_13/install/antidrone_turret/lib/antidrone_turret/turret_controller_node
-- Up-to-date: /mnt/c/Users/nikig/Projects/cpp_miltech/homework_13/install/antidrone_turret/lib/antidrone_turret/gimbal_driver_node
-- Up-to-date: /mnt/c/Users/nikig/Projects/cpp_miltech/homework_13/install/antidrone_turret/lib/antidrone_turret/yaw_servo_driver_node
-- Up-to-date: /mnt/c/Users/nikig/Projects/cpp_miltech/homework_13/install/antidrone_turret/share/antidrone_turret/launch
-- Up-to-date: /mnt/c/Users/nikig/Projects/cpp_miltech/homework_13/install/antidrone_turret/share/antidrone_turret/launch/system.launch.py
-- Up-to-date: /mnt/c/Users/nikig/Projects/cpp_miltech/homework_13/install/antidrone_turret/share/antidrone_turret/config
-- Up-to-date: /mnt/c/Users/nikig/Projects/cpp_miltech/homework_13/install/antidrone_turret/share/antidrone_turret/config/sequence.yaml
-- Up-to-date: /mnt/c/Users/nikig/Projects/cpp_miltech/homework_13/install/antidrone_turret/share/antidrone_turret/tracks
-- Up-to-date: /mnt/c/Users/nikig/Projects/cpp_miltech/homework_13/install/antidrone_turret/share/antidrone_turret/tracks/approach_trigger.csv
-- Up-to-date: /mnt/c/Users/nikig/Projects/cpp_miltech/homework_13/install/antidrone_turret/share/antidrone_turret/tracks/far_flyby_no_trigger.csv
-- Up-to-date: /mnt/c/Users/nikig/Projects/cpp_miltech/homework_13/install/antidrone_turret/share/antidrone_turret/tracks/low_confidence_no_trigger.csv
-- Up-to-date: /mnt/c/Users/nikig/Projects/cpp_miltech/homework_13/install/antidrone_turret/share/antidrone_turret/tracks/reload_pressure.csv
-- Up-to-date: /mnt/c/Users/nikig/Projects/cpp_miltech/homework_13/install/antidrone_turret/share/ament_index/resource_index/package_run_dependencies/antidrone_turret
-- Installing: /mnt/c/Users/nikig/Projects/cpp_miltech/homework_13/install/antidrone_turret/share/ament_index/resource_index/parent_prefix_path/antidrone_turret
-- Up-to-date: /mnt/c/Users/nikig/Projects/cpp_miltech/homework_13/install/antidrone_turret/share/antidrone_turret/environment/ament_prefix_path.sh
-- Installing: /mnt/c/Users/nikig/Projects/cpp_miltech/homework_13/install/antidrone_turret/share/antidrone_turret/environment/ament_prefix_path.dsv
-- Up-to-date: /mnt/c/Users/nikig/Projects/cpp_miltech/homework_13/install/antidrone_turret/share/antidrone_turret/environment/path.sh
-- Installing: /mnt/c/Users/nikig/Projects/cpp_miltech/homework_13/install/antidrone_turret/share/antidrone_turret/environment/path.dsv
-- Up-to-date: /mnt/c/Users/nikig/Projects/cpp_miltech/homework_13/install/antidrone_turret/share/antidrone_turret/local_setup.bash
-- Up-to-date: /mnt/c/Users/nikig/Projects/cpp_miltech/homework_13/install/antidrone_turret/share/antidrone_turret/local_setup.sh
-- Up-to-date: /mnt/c/Users/nikig/Projects/cpp_miltech/homework_13/install/antidrone_turret/share/antidrone_turret/local_setup.zsh
-- Installing: /mnt/c/Users/nikig/Projects/cpp_miltech/homework_13/install/antidrone_turret/share/antidrone_turret/local_setup.dsv
-- Installing: /mnt/c/Users/nikig/Projects/cpp_miltech/homework_13/install/antidrone_turret/share/antidrone_turret/package.dsv
-- Up-to-date: /mnt/c/Users/nikig/Projects/cpp_miltech/homework_13/install/antidrone_turret/share/ament_index/resource_index/packages/antidrone_turret
-- Up-to-date: /mnt/c/Users/nikig/Projects/cpp_miltech/homework_13/install/antidrone_turret/share/antidrone_turret/cmake/export_antidrone_turret__rosidl_generator_cExport.cmake
-- Up-to-date: /mnt/c/Users/nikig/Projects/cpp_miltech/homework_13/install/antidrone_turret/share/antidrone_turret/cmake/export_antidrone_turret__rosidl_generator_cExport-noconfig.cmake
-- Up-to-date: /mnt/c/Users/nikig/Projects/cpp_miltech/homework_13/install/antidrone_turret/share/antidrone_turret/cmake/export_antidrone_turret__rosidl_typesupport_fastrtps_cExport.cmake
-- Up-to-date: /mnt/c/Users/nikig/Projects/cpp_miltech/homework_13/install/antidrone_turret/share/antidrone_turret/cmake/export_antidrone_turret__rosidl_typesupport_fastrtps_cExport-noconfig.cmake
-- Up-to-date: /mnt/c/Users/nikig/Projects/cpp_miltech/homework_13/install/antidrone_turret/share/antidrone_turret/cmake/antidrone_turret__rosidl_typesupport_introspection_cExport.cmake
-- Up-to-date: /mnt/c/Users/nikig/Projects/cpp_miltech/homework_13/install/antidrone_turret/share/antidrone_turret/cmake/antidrone_turret__rosidl_typesupport_introspection_cExport-noconfig.cmake
-- Up-to-date: /mnt/c/Users/nikig/Projects/cpp_miltech/homework_13/install/antidrone_turret/share/antidrone_turret/cmake/antidrone_turret__rosidl_typesupport_cExport.cmake
-- Up-to-date: /mnt/c/Users/nikig/Projects/cpp_miltech/homework_13/install/antidrone_turret/share/antidrone_turret/cmake/antidrone_turret__rosidl_typesupport_cExport-noconfig.cmake
-- Up-to-date: /mnt/c/Users/nikig/Projects/cpp_miltech/homework_13/install/antidrone_turret/share/antidrone_turret/cmake/export_antidrone_turret__rosidl_generator_cppExport.cmake
-- Up-to-date: /mnt/c/Users/nikig/Projects/cpp_miltech/homework_13/install/antidrone_turret/share/antidrone_turret/cmake/export_antidrone_turret__rosidl_typesupport_fastrtps_cppExport.cmake
-- Up-to-date: /mnt/c/Users/nikig/Projects/cpp_miltech/homework_13/install/antidrone_turret/share/antidrone_turret/cmake/export_antidrone_turret__rosidl_typesupport_fastrtps_cppExport-noconfig.cmake
-- Up-to-date: /mnt/c/Users/nikig/Projects/cpp_miltech/homework_13/install/antidrone_turret/share/antidrone_turret/cmake/antidrone_turret__rosidl_typesupport_introspection_cppExport.cmake
-- Up-to-date: /mnt/c/Users/nikig/Projects/cpp_miltech/homework_13/install/antidrone_turret/share/antidrone_turret/cmake/antidrone_turret__rosidl_typesupport_introspection_cppExport-noconfig.cmake
-- Up-to-date: /mnt/c/Users/nikig/Projects/cpp_miltech/homework_13/install/antidrone_turret/share/antidrone_turret/cmake/antidrone_turret__rosidl_typesupport_cppExport.cmake
-- Up-to-date: /mnt/c/Users/nikig/Projects/cpp_miltech/homework_13/install/antidrone_turret/share/antidrone_turret/cmake/antidrone_turret__rosidl_typesupport_cppExport-noconfig.cmake
-- Up-to-date: /mnt/c/Users/nikig/Projects/cpp_miltech/homework_13/install/antidrone_turret/share/antidrone_turret/cmake/export_antidrone_turret__rosidl_generator_pyExport.cmake
-- Up-to-date: /mnt/c/Users/nikig/Projects/cpp_miltech/homework_13/install/antidrone_turret/share/antidrone_turret/cmake/export_antidrone_turret__rosidl_generator_pyExport-noconfig.cmake
-- Up-to-date: /mnt/c/Users/nikig/Projects/cpp_miltech/homework_13/install/antidrone_turret/share/antidrone_turret/cmake/rosidl_cmake-extras.cmake
-- Up-to-date: /mnt/c/Users/nikig/Projects/cpp_miltech/homework_13/install/antidrone_turret/share/antidrone_turret/cmake/ament_cmake_export_include_directories-extras.cmake
-- Up-to-date: /mnt/c/Users/nikig/Projects/cpp_miltech/homework_13/install/antidrone_turret/share/antidrone_turret/cmake/ament_cmake_export_libraries-extras.cmake
-- Up-to-date: /mnt/c/Users/nikig/Projects/cpp_miltech/homework_13/install/antidrone_turret/share/antidrone_turret/cmake/ament_cmake_export_targets-extras.cmake
-- Up-to-date: /mnt/c/Users/nikig/Projects/cpp_miltech/homework_13/install/antidrone_turret/share/antidrone_turret/cmake/rosidl_cmake_export_typesupport_targets-extras.cmake
-- Up-to-date: /mnt/c/Users/nikig/Projects/cpp_miltech/homework_13/install/antidrone_turret/share/antidrone_turret/cmake/ament_cmake_export_dependencies-extras.cmake
-- Up-to-date: /mnt/c/Users/nikig/Projects/cpp_miltech/homework_13/install/antidrone_turret/share/antidrone_turret/cmake/rosidl_cmake_export_typesupport_libraries-extras.cmake
-- Up-to-date: /mnt/c/Users/nikig/Projects/cpp_miltech/homework_13/install/antidrone_turret/share/antidrone_turret/cmake/rosidl_cmake_aggregate_target-extras.cmake
-- Up-to-date: /mnt/c/Users/nikig/Projects/cpp_miltech/homework_13/install/antidrone_turret/share/antidrone_turret/cmake/antidrone_turretConfig.cmake
-- Up-to-date: /mnt/c/Users/nikig/Projects/cpp_miltech/homework_13/install/antidrone_turret/share/antidrone_turret/cmake/antidrone_turretConfig-version.cmake
-- Up-to-date: /mnt/c/Users/nikig/Projects/cpp_miltech/homework_13/install/antidrone_turret/share/antidrone_turret/package.xml
