[0.237s] DEBUG:colcon:Command line arguments: ['/usr/bin/colcon', 'build', '--packages-select', 'antidrone_turret']
[0.237s] DEBUG:colcon:Parsed command line arguments: Namespace(log_base=None, log_level=None, verb_name='build', build_base='build', install_base='install', merge_install=False, symlink_install=False, test_result_base=None, continue_on_error=False, executor='parallel', parallel_workers=12, event_handlers=None, ignore_user_meta=False, metas=['./colcon.meta'], base_paths=['.'], packages_ignore=None, packages_ignore_regex=None, paths=None, packages_up_to=None, packages_up_to_regex=None, packages_above=None, packages_above_and_dependencies=None, packages_above_depth=None, packages_select_by_dep=None, packages_skip_by_dep=None, packages_skip_up_to=None, packages_select_build_failed=False, packages_skip_build_finished=False, packages_select_test_failures=False, packages_skip_test_passed=False, packages_select=['antidrone_turret'], packages_skip=None, packages_select_regex=None, packages_skip_regex=None, packages_start=None, packages_end=None, allow_overriding=[], cmake_args=None, cmake_target=None, cmake_target_skip_unavailable=False, cmake_clean_cache=False, cmake_clean_first=False, cmake_force_configure=False, ament_cmake_args=None, catkin_cmake_args=None, catkin_skip_building_tests=False, mixin_files=None, mixin=None, verb_parser=<colcon_mixin.mixin.mixin_argument.MixinArgumentDecorator object at 0x7ef1fa601540>, verb_extension=<colcon_core.verb.build.BuildVerb object at 0x7ef1fa600fd0>, main=<bound method BuildVerb.main of <colcon_core.verb.build.BuildVerb object at 0x7ef1fa600fd0>>, mixin_verb=('build',))
[0.523s] Level 1:colcon.colcon_core.package_discovery:discover_packages(colcon_meta) check parameters
[0.523s] Level 1:colcon.colcon_core.package_discovery:discover_packages(recursive) check parameters
[0.524s] Level 1:colcon.colcon_core.package_discovery:discover_packages(ignore) check parameters
[0.525s] Level 1:colcon.colcon_core.package_discovery:discover_packages(path) check parameters
[0.525s] Level 1:colcon.colcon_core.package_discovery:discover_packages(colcon_meta) discover
[0.526s] Level 1:colcon.colcon_core.package_discovery:discover_packages(recursive) discover
[0.527s] INFO:colcon.colcon_core.package_discovery:Crawling recursively for packages in '/mnt/c/Users/nikig/Projects/cpp_miltech/homework_13'
[0.529s] Level 1:colcon.colcon_core.package_identification:_identify(.) by extensions ['ignore', 'ignore_ament_install']
[0.530s] Level 1:colcon.colcon_core.package_identification:_identify(.) by extension 'ignore'
[0.531s] Level 1:colcon.colcon_core.package_identification:_identify(.) by extension 'ignore_ament_install'
[0.531s] Level 1:colcon.colcon_core.package_identification:_identify(.) by extensions ['colcon_pkg']
[0.532s] Level 1:colcon.colcon_core.package_identification:_identify(.) by extension 'colcon_pkg'
[0.533s] Level 1:colcon.colcon_core.package_identification:_identify(.) by extensions ['colcon_meta']
[0.533s] Level 1:colcon.colcon_core.package_identification:_identify(.) by extension 'colcon_meta'
[0.534s] Level 1:colcon.colcon_core.package_identification:_identify(.) by extensions ['ros']
[0.534s] Level 1:colcon.colcon_core.package_identification:_identify(.) by extension 'ros'
[0.551s] Level 1:colcon.colcon_core.package_identification:_identify(.) by extensions ['cmake', 'python']
[0.552s] Level 1:colcon.colcon_core.package_identification:_identify(.) by extension 'cmake'
[0.553s] Level 1:colcon.colcon_core.package_identification:_identify(.) by extension 'python'
[0.553s] Level 1:colcon.colcon_core.package_identification:_identify(.) by extensions ['python_setup_py']
[0.554s] Level 1:colcon.colcon_core.package_identification:_identify(.) by extension 'python_setup_py'
[0.557s] Level 1:colcon.colcon_core.package_identification:_identify(Testing) by extensions ['ignore', 'ignore_ament_install']
[0.557s] Level 1:colcon.colcon_core.package_identification:_identify(Testing) by extension 'ignore'
[0.558s] Level 1:colcon.colcon_core.package_identification:_identify(Testing) by extension 'ignore_ament_install'
[0.560s] Level 1:colcon.colcon_core.package_identification:_identify(Testing) by extensions ['colcon_pkg']
[0.561s] Level 1:colcon.colcon_core.package_identification:_identify(Testing) by extension 'colcon_pkg'
[0.563s] Level 1:colcon.colcon_core.package_identification:_identify(Testing) by extensions ['colcon_meta']
[0.563s] Level 1:colcon.colcon_core.package_identification:_identify(Testing) by extension 'colcon_meta'
[0.564s] Level 1:colcon.colcon_core.package_identification:_identify(Testing) by extensions ['ros']
[0.565s] Level 1:colcon.colcon_core.package_identification:_identify(Testing) by extension 'ros'
[0.568s] Level 1:colcon.colcon_core.package_identification:_identify(Testing) by extensions ['cmake', 'python']
[0.568s] Level 1:colcon.colcon_core.package_identification:_identify(Testing) by extension 'cmake'
[0.569s] Level 1:colcon.colcon_core.package_identification:_identify(Testing) by extension 'python'
[0.570s] Level 1:colcon.colcon_core.package_identification:_identify(Testing) by extensions ['python_setup_py']
[0.571s] Level 1:colcon.colcon_core.package_identification:_identify(Testing) by extension 'python_setup_py'
[0.575s] Level 1:colcon.colcon_core.package_identification:_identify(Testing/Temporary) by extensions ['ignore', 'ignore_ament_install']
[0.576s] Level 1:colcon.colcon_core.package_identification:_identify(Testing/Temporary) by extension 'ignore'
[0.577s] Level 1:colcon.colcon_core.package_identification:_identify(Testing/Temporary) by extension 'ignore_ament_install'
[0.580s] Level 1:colcon.colcon_core.package_identification:_identify(Testing/Temporary) by extensions ['colcon_pkg']
[0.581s] Level 1:colcon.colcon_core.package_identification:_identify(Testing/Temporary) by extension 'colcon_pkg'
[0.582s] Level 1:colcon.colcon_core.package_identification:_identify(Testing/Temporary) by extensions ['colcon_meta']
[0.583s] Level 1:colcon.colcon_core.package_identification:_identify(Testing/Temporary) by extension 'colcon_meta'
[0.584s] Level 1:colcon.colcon_core.package_identification:_identify(Testing/Temporary) by extensions ['ros']
[0.585s] Level 1:colcon.colcon_core.package_identification:_identify(Testing/Temporary) by extension 'ros'
[0.590s] Level 1:colcon.colcon_core.package_identification:_identify(Testing/Temporary) by extensions ['cmake', 'python']
[0.590s] Level 1:colcon.colcon_core.package_identification:_identify(Testing/Temporary) by extension 'cmake'
[0.592s] Level 1:colcon.colcon_core.package_identification:_identify(Testing/Temporary) by extension 'python'
[0.594s] Level 1:colcon.colcon_core.package_identification:_identify(Testing/Temporary) by extensions ['python_setup_py']
[0.594s] Level 1:colcon.colcon_core.package_identification:_identify(Testing/Temporary) by extension 'python_setup_py'
[0.598s] Level 1:colcon.colcon_core.package_identification:_identify(build) by extensions ['ignore', 'ignore_ament_install']
[0.598s] Level 1:colcon.colcon_core.package_identification:_identify(build) by extension 'ignore'
[0.600s] Level 1:colcon.colcon_core.package_identification:_identify(build) ignored
[0.602s] Level 1:colcon.colcon_core.package_identification:_identify(install) by extensions ['ignore', 'ignore_ament_install']
[0.603s] Level 1:colcon.colcon_core.package_identification:_identify(install) by extension 'ignore'
[0.604s] Level 1:colcon.colcon_core.package_identification:_identify(install) ignored
[0.610s] Level 1:colcon.colcon_core.package_identification:_identify(log) by extensions ['ignore', 'ignore_ament_install']
[0.610s] Level 1:colcon.colcon_core.package_identification:_identify(log) by extension 'ignore'
[0.612s] Level 1:colcon.colcon_core.package_identification:_identify(log) ignored
[0.614s] Level 1:colcon.colcon_core.package_identification:_identify(logic_without_rclcpp) by extensions ['ignore', 'ignore_ament_install']
[0.615s] Level 1:colcon.colcon_core.package_identification:_identify(logic_without_rclcpp) by extension 'ignore'
[0.616s] Level 1:colcon.colcon_core.package_identification:_identify(logic_without_rclcpp) by extension 'ignore_ament_install'
[0.617s] Level 1:colcon.colcon_core.package_identification:_identify(logic_without_rclcpp) by extensions ['colcon_pkg']
[0.618s] Level 1:colcon.colcon_core.package_identification:_identify(logic_without_rclcpp) by extension 'colcon_pkg'
[0.619s] Level 1:colcon.colcon_core.package_identification:_identify(logic_without_rclcpp) by extensions ['colcon_meta']
[0.619s] Level 1:colcon.colcon_core.package_identification:_identify(logic_without_rclcpp) by extension 'colcon_meta'
[0.620s] Level 1:colcon.colcon_core.package_identification:_identify(logic_without_rclcpp) by extensions ['ros']
[0.620s] Level 1:colcon.colcon_core.package_identification:_identify(logic_without_rclcpp) by extension 'ros'
[0.623s] Level 1:colcon.colcon_core.package_identification:_identify(logic_without_rclcpp) by extensions ['cmake', 'python']
[0.624s] Level 1:colcon.colcon_core.package_identification:_identify(logic_without_rclcpp) by extension 'cmake'
[0.644s] Level 1:colcon.colcon_core.package_identification:_identify(logic_without_rclcpp) by extension 'python'
[0.646s] DEBUG:colcon.colcon_core.package_identification:Package 'logic_without_rclcpp' with type 'cmake' and name 'standalone_turret'
[0.648s] Level 1:colcon.colcon_core.package_identification:_identify(src) by extensions ['ignore', 'ignore_ament_install']
[0.648s] Level 1:colcon.colcon_core.package_identification:_identify(src) by extension 'ignore'
[0.649s] Level 1:colcon.colcon_core.package_identification:_identify(src) by extension 'ignore_ament_install'
[0.650s] Level 1:colcon.colcon_core.package_identification:_identify(src) by extensions ['colcon_pkg']
[0.650s] Level 1:colcon.colcon_core.package_identification:_identify(src) by extension 'colcon_pkg'
[0.651s] Level 1:colcon.colcon_core.package_identification:_identify(src) by extensions ['colcon_meta']
[0.651s] Level 1:colcon.colcon_core.package_identification:_identify(src) by extension 'colcon_meta'
[0.652s] Level 1:colcon.colcon_core.package_identification:_identify(src) by extensions ['ros']
[0.652s] Level 1:colcon.colcon_core.package_identification:_identify(src) by extension 'ros'
[0.653s] Level 1:colcon.colcon_core.package_identification:_identify(src) by extensions ['cmake', 'python']
[0.654s] Level 1:colcon.colcon_core.package_identification:_identify(src) by extension 'cmake'
[0.654s] Level 1:colcon.colcon_core.package_identification:_identify(src) by extension 'python'
[0.655s] Level 1:colcon.colcon_core.package_identification:_identify(src) by extensions ['python_setup_py']
[0.655s] Level 1:colcon.colcon_core.package_identification:_identify(src) by extension 'python_setup_py'
[0.657s] Level 1:colcon.colcon_core.package_identification:_identify(src/antidrone_turret) by extensions ['ignore', 'ignore_ament_install']
[0.657s] Level 1:colcon.colcon_core.package_identification:_identify(src/antidrone_turret) by extension 'ignore'
[0.658s] Level 1:colcon.colcon_core.package_identification:_identify(src/antidrone_turret) by extension 'ignore_ament_install'
[0.659s] Level 1:colcon.colcon_core.package_identification:_identify(src/antidrone_turret) by extensions ['colcon_pkg']
[0.659s] Level 1:colcon.colcon_core.package_identification:_identify(src/antidrone_turret) by extension 'colcon_pkg'
[0.660s] Level 1:colcon.colcon_core.package_identification:_identify(src/antidrone_turret) by extensions ['colcon_meta']
[0.660s] Level 1:colcon.colcon_core.package_identification:_identify(src/antidrone_turret) by extension 'colcon_meta'
[0.661s] Level 1:colcon.colcon_core.package_identification:_identify(src/antidrone_turret) by extensions ['ros']
[0.662s] Level 1:colcon.colcon_core.package_identification:_identify(src/antidrone_turret) by extension 'ros'
[0.669s] DEBUG:colcon.colcon_core.package_identification:Package 'src/antidrone_turret' with type 'ros.ament_cmake' and name 'antidrone_turret'
[0.669s] Level 1:colcon.colcon_core.package_discovery:discover_packages(recursive) using defaults
[0.670s] Level 1:colcon.colcon_core.package_discovery:discover_packages(ignore) discover
[0.670s] Level 1:colcon.colcon_core.package_discovery:discover_packages(ignore) using defaults
[0.671s] Level 1:colcon.colcon_core.package_discovery:discover_packages(path) discover
[0.671s] Level 1:colcon.colcon_core.package_discovery:discover_packages(path) using defaults
[0.713s] INFO:colcon.colcon_core.package_selection:Skipping not selected package 'standalone_turret' in 'logic_without_rclcpp'
[0.714s] Level 1:colcon.colcon_core.package_discovery:discover_packages(prefix_path) check parameters
[0.715s] Level 1:colcon.colcon_core.package_discovery:discover_packages(prefix_path) discover
[0.719s] DEBUG:colcon.colcon_installed_package_information.package_discovery:Found 275 installed packages in /opt/ros/humble
[0.721s] Level 1:colcon.colcon_core.package_discovery:discover_packages(prefix_path) using defaults
[0.798s] Level 5:colcon.colcon_core.verb:set package 'antidrone_turret' build argument 'cmake_args' from command line to 'None'
[0.799s] Level 5:colcon.colcon_core.verb:set package 'antidrone_turret' build argument 'cmake_target' from command line to 'None'
[0.799s] Level 5:colcon.colcon_core.verb:set package 'antidrone_turret' build argument 'cmake_target_skip_unavailable' from command line to 'False'
[0.800s] Level 5:colcon.colcon_core.verb:set package 'antidrone_turret' build argument 'cmake_clean_cache' from command line to 'False'
[0.801s] Level 5:colcon.colcon_core.verb:set package 'antidrone_turret' build argument 'cmake_clean_first' from command line to 'False'
[0.801s] Level 5:colcon.colcon_core.verb:set package 'antidrone_turret' build argument 'cmake_force_configure' from command line to 'False'
[0.802s] Level 5:colcon.colcon_core.verb:set package 'antidrone_turret' build argument 'ament_cmake_args' from command line to 'None'
[0.802s] Level 5:colcon.colcon_core.verb:set package 'antidrone_turret' build argument 'catkin_cmake_args' from command line to 'None'
[0.802s] Level 5:colcon.colcon_core.verb:set package 'antidrone_turret' build argument 'catkin_skip_building_tests' from command line to 'False'
[0.803s] DEBUG:colcon.colcon_core.verb:Building package 'antidrone_turret' with the following arguments: {'ament_cmake_args': None, 'build_base': '/mnt/c/Users/nikig/Projects/cpp_miltech/homework_13/build/antidrone_turret', 'catkin_cmake_args': None, 'catkin_skip_building_tests': False, 'cmake_args': None, 'cmake_clean_cache': False, 'cmake_clean_first': False, 'cmake_force_configure': False, 'cmake_target': None, 'cmake_target_skip_unavailable': False, 'install_base': '/mnt/c/Users/nikig/Projects/cpp_miltech/homework_13/install/antidrone_turret', 'merge_install': False, 'path': '/mnt/c/Users/nikig/Projects/cpp_miltech/homework_13/src/antidrone_turret', 'symlink_install': False, 'test_result_base': None}
[0.803s] INFO:colcon.colcon_core.executor:Executing jobs using 'parallel' executor
[0.804s] DEBUG:colcon.colcon_parallel_executor.executor.parallel:run_until_complete
[0.805s] INFO:colcon.colcon_ros.task.ament_cmake.build:Building ROS package in '/mnt/c/Users/nikig/Projects/cpp_miltech/homework_13/src/antidrone_turret' with build type 'ament_cmake'
[0.806s] INFO:colcon.colcon_cmake.task.cmake.build:Building CMake package in '/mnt/c/Users/nikig/Projects/cpp_miltech/homework_13/src/antidrone_turret'
[0.811s] INFO:colcon.colcon_core.plugin_system:Skipping extension 'colcon_core.shell.bat': Not used on non-Windows systems
[0.812s] INFO:colcon.colcon_core.shell:Skip shell extension 'powershell' for command environment: Not usable outside of PowerShell
[0.812s] DEBUG:colcon.colcon_core.shell:Skip shell extension 'dsv' for command environment
[0.861s] DEBUG:colcon.colcon_core.event_handler.log_command:Invoking command in '/mnt/c/Users/nikig/Projects/cpp_miltech/homework_13/build/antidrone_turret': CMAKE_PREFIX_PATH=/opt/ros/humble /usr/bin/cmake --build /mnt/c/Users/nikig/Projects/cpp_miltech/homework_13/build/antidrone_turret -- -j12 -l12
[19.374s] DEBUG:colcon.colcon_core.event_handler.log_command:Invoked command in '/mnt/c/Users/nikig/Projects/cpp_miltech/homework_13/build/antidrone_turret' returned '0': CMAKE_PREFIX_PATH=/opt/ros/humble /usr/bin/cmake --build /mnt/c/Users/nikig/Projects/cpp_miltech/homework_13/build/antidrone_turret -- -j12 -l12
[19.403s] DEBUG:colcon.colcon_core.event_handler.log_command:Invoking command in '/mnt/c/Users/nikig/Projects/cpp_miltech/homework_13/build/antidrone_turret': CMAKE_PREFIX_PATH=/opt/ros/humble /usr/bin/cmake --install /mnt/c/Users/nikig/Projects/cpp_miltech/homework_13/build/antidrone_turret
[27.328s] Level 1:colcon.colcon_core.environment:create_environment_scripts_only(antidrone_turret)
[27.330s] DEBUG:colcon.colcon_core.event_handler.log_command:Invoked command in '/mnt/c/Users/nikig/Projects/cpp_miltech/homework_13/build/antidrone_turret' returned '0': CMAKE_PREFIX_PATH=/opt/ros/humble /usr/bin/cmake --install /mnt/c/Users/nikig/Projects/cpp_miltech/homework_13/build/antidrone_turret
[27.335s] Level 1:colcon.colcon_core.environment:checking '/mnt/c/Users/nikig/Projects/cpp_miltech/homework_13/install/antidrone_turret' for CMake module files
[27.544s] Level 1:colcon.colcon_core.environment:checking '/mnt/c/Users/nikig/Projects/cpp_miltech/homework_13/install/antidrone_turret' for CMake config files
[27.715s] Level 1:colcon.colcon_core.shell:create_environment_hook('antidrone_turret', 'cmake_prefix_path')
[27.715s] INFO:colcon.colcon_core.shell:Creating environment hook '/mnt/c/Users/nikig/Projects/cpp_miltech/homework_13/install/antidrone_turret/share/antidrone_turret/hook/cmake_prefix_path.ps1'
[27.737s] INFO:colcon.colcon_core.shell:Creating environment descriptor '/mnt/c/Users/nikig/Projects/cpp_miltech/homework_13/install/antidrone_turret/share/antidrone_turret/hook/cmake_prefix_path.dsv'
[27.752s] INFO:colcon.colcon_core.shell:Creating environment hook '/mnt/c/Users/nikig/Projects/cpp_miltech/homework_13/install/antidrone_turret/share/antidrone_turret/hook/cmake_prefix_path.sh'
[27.768s] Level 1:colcon.colcon_core.environment:checking '/mnt/c/Users/nikig/Projects/cpp_miltech/homework_13/install/antidrone_turret/lib'
[27.773s] Level 1:colcon.colcon_core.shell:create_environment_hook('antidrone_turret', 'ld_library_path_lib')
[27.774s] INFO:colcon.colcon_core.shell:Creating environment hook '/mnt/c/Users/nikig/Projects/cpp_miltech/homework_13/install/antidrone_turret/share/antidrone_turret/hook/ld_library_path_lib.ps1'
[27.785s] INFO:colcon.colcon_core.shell:Creating environment descriptor '/mnt/c/Users/nikig/Projects/cpp_miltech/homework_13/install/antidrone_turret/share/antidrone_turret/hook/ld_library_path_lib.dsv'
[27.797s] INFO:colcon.colcon_core.shell:Creating environment hook '/mnt/c/Users/nikig/Projects/cpp_miltech/homework_13/install/antidrone_turret/share/antidrone_turret/hook/ld_library_path_lib.sh'
[27.809s] Level 1:colcon.colcon_core.environment:checking '/mnt/c/Users/nikig/Projects/cpp_miltech/homework_13/install/antidrone_turret/bin'
[27.810s] Level 1:colcon.colcon_core.environment:checking '/mnt/c/Users/nikig/Projects/cpp_miltech/homework_13/install/antidrone_turret/lib/pkgconfig/antidrone_turret.pc'
[27.812s] Level 1:colcon.colcon_core.environment:checking '/mnt/c/Users/nikig/Projects/cpp_miltech/homework_13/install/antidrone_turret/lib/python3.10/site-packages'
[27.814s] Level 1:colcon.colcon_core.environment:checking '/mnt/c/Users/nikig/Projects/cpp_miltech/homework_13/install/antidrone_turret/bin'
[27.815s] INFO:colcon.colcon_core.shell:Creating package script '/mnt/c/Users/nikig/Projects/cpp_miltech/homework_13/install/antidrone_turret/share/antidrone_turret/package.ps1'
[27.827s] INFO:colcon.colcon_core.shell:Creating package descriptor '/mnt/c/Users/nikig/Projects/cpp_miltech/homework_13/install/antidrone_turret/share/antidrone_turret/package.dsv'
[27.837s] INFO:colcon.colcon_core.shell:Creating package script '/mnt/c/Users/nikig/Projects/cpp_miltech/homework_13/install/antidrone_turret/share/antidrone_turret/package.sh'
[27.848s] INFO:colcon.colcon_core.shell:Creating package script '/mnt/c/Users/nikig/Projects/cpp_miltech/homework_13/install/antidrone_turret/share/antidrone_turret/package.bash'
[27.861s] INFO:colcon.colcon_core.shell:Creating package script '/mnt/c/Users/nikig/Projects/cpp_miltech/homework_13/install/antidrone_turret/share/antidrone_turret/package.zsh'
[27.872s] Level 1:colcon.colcon_core.environment:create_file_with_runtime_dependencies(/mnt/c/Users/nikig/Projects/cpp_miltech/homework_13/install/antidrone_turret/share/colcon-core/packages/antidrone_turret)
[27.894s] Level 1:colcon.colcon_core.environment:create_environment_scripts_only(antidrone_turret)
[27.895s] Level 1:colcon.colcon_core.environment:checking '/mnt/c/Users/nikig/Projects/cpp_miltech/homework_13/install/antidrone_turret' for CMake module files
[28.104s] Level 1:colcon.colcon_core.environment:checking '/mnt/c/Users/nikig/Projects/cpp_miltech/homework_13/install/antidrone_turret' for CMake config files
[28.279s] Level 1:colcon.colcon_core.shell:create_environment_hook('antidrone_turret', 'cmake_prefix_path')
[28.280s] INFO:colcon.colcon_core.shell:Creating environment hook '/mnt/c/Users/nikig/Projects/cpp_miltech/homework_13/install/antidrone_turret/share/antidrone_turret/hook/cmake_prefix_path.ps1'
[28.292s] INFO:colcon.colcon_core.shell:Creating environment descriptor '/mnt/c/Users/nikig/Projects/cpp_miltech/homework_13/install/antidrone_turret/share/antidrone_turret/hook/cmake_prefix_path.dsv'
[28.303s] INFO:colcon.colcon_core.shell:Creating environment hook '/mnt/c/Users/nikig/Projects/cpp_miltech/homework_13/install/antidrone_turret/share/antidrone_turret/hook/cmake_prefix_path.sh'
[28.319s] Level 1:colcon.colcon_core.environment:checking '/mnt/c/Users/nikig/Projects/cpp_miltech/homework_13/install/antidrone_turret/lib'
[28.324s] Level 1:colcon.colcon_core.shell:create_environment_hook('antidrone_turret', 'ld_library_path_lib')
[28.324s] INFO:colcon.colcon_core.shell:Creating environment hook '/mnt/c/Users/nikig/Projects/cpp_miltech/homework_13/install/antidrone_turret/share/antidrone_turret/hook/ld_library_path_lib.ps1'
[28.336s] INFO:colcon.colcon_core.shell:Creating environment descriptor '/mnt/c/Users/nikig/Projects/cpp_miltech/homework_13/install/antidrone_turret/share/antidrone_turret/hook/ld_library_path_lib.dsv'
[28.349s] INFO:colcon.colcon_core.shell:Creating environment hook '/mnt/c/Users/nikig/Projects/cpp_miltech/homework_13/install/antidrone_turret/share/antidrone_turret/hook/ld_library_path_lib.sh'
[28.361s] Level 1:colcon.colcon_core.environment:checking '/mnt/c/Users/nikig/Projects/cpp_miltech/homework_13/install/antidrone_turret/bin'
[28.362s] Level 1:colcon.colcon_core.environment:checking '/mnt/c/Users/nikig/Projects/cpp_miltech/homework_13/install/antidrone_turret/lib/pkgconfig/antidrone_turret.pc'
[28.364s] Level 1:colcon.colcon_core.environment:checking '/mnt/c/Users/nikig/Projects/cpp_miltech/homework_13/install/antidrone_turret/lib/python3.10/site-packages'
[28.366s] Level 1:colcon.colcon_core.environment:checking '/mnt/c/Users/nikig/Projects/cpp_miltech/homework_13/install/antidrone_turret/bin'
[28.368s] INFO:colcon.colcon_core.shell:Creating package script '/mnt/c/Users/nikig/Projects/cpp_miltech/homework_13/install/antidrone_turret/share/antidrone_turret/package.ps1'
[28.378s] INFO:colcon.colcon_core.shell:Creating package descriptor '/mnt/c/Users/nikig/Projects/cpp_miltech/homework_13/install/antidrone_turret/share/antidrone_turret/package.dsv'
[28.389s] INFO:colcon.colcon_core.shell:Creating package script '/mnt/c/Users/nikig/Projects/cpp_miltech/homework_13/install/antidrone_turret/share/antidrone_turret/package.sh'
[28.399s] INFO:colcon.colcon_core.shell:Creating package script '/mnt/c/Users/nikig/Projects/cpp_miltech/homework_13/install/antidrone_turret/share/antidrone_turret/package.bash'
[28.410s] INFO:colcon.colcon_core.shell:Creating package script '/mnt/c/Users/nikig/Projects/cpp_miltech/homework_13/install/antidrone_turret/share/antidrone_turret/package.zsh'
[28.420s] Level 1:colcon.colcon_core.environment:create_file_with_runtime_dependencies(/mnt/c/Users/nikig/Projects/cpp_miltech/homework_13/install/antidrone_turret/share/colcon-core/packages/antidrone_turret)
[28.428s] DEBUG:colcon.colcon_parallel_executor.executor.parallel:closing loop
[28.429s] DEBUG:colcon.colcon_parallel_executor.executor.parallel:loop closed
[28.429s] DEBUG:colcon.colcon_parallel_executor.executor.parallel:run_until_complete finished with '0'
[28.430s] DEBUG:colcon.colcon_core.event_reactor:joining thread
[28.469s] INFO:colcon.colcon_core.plugin_system:Skipping extension 'colcon_notification.desktop_notification.notify_send': Could not find 'notify-send'
[28.469s] INFO:colcon.colcon_core.plugin_system:Skipping extension 'colcon_notification.desktop_notification.terminal_notifier': Not used on non-Darwin systems
[28.470s] INFO:colcon.colcon_core.plugin_system:Skipping extension 'colcon_notification.desktop_notification.win32': Not used on non-Windows systems
[28.470s] INFO:colcon.colcon_notification.desktop_notification:Sending desktop notification using 'notify2'
[28.472s] DEBUG:colcon.colcon_notification.desktop_notification.notify2:Failed to initialize notify2: org.freedesktop.DBus.Error.ServiceUnknown: The name org.freedesktop.Notifications was not provided by any .service files
[28.473s] DEBUG:colcon.colcon_core.event_reactor:joined thread
[28.474s] INFO:colcon.colcon_core.shell:Creating prefix script '/mnt/c/Users/nikig/Projects/cpp_miltech/homework_13/install/local_setup.ps1'
[28.480s] INFO:colcon.colcon_core.shell:Creating prefix util module '/mnt/c/Users/nikig/Projects/cpp_miltech/homework_13/install/_local_setup_util_ps1.py'
[28.485s] INFO:colcon.colcon_core.shell:Creating prefix chain script '/mnt/c/Users/nikig/Projects/cpp_miltech/homework_13/install/setup.ps1'
[28.492s] INFO:colcon.colcon_core.shell:Creating prefix script '/mnt/c/Users/nikig/Projects/cpp_miltech/homework_13/install/local_setup.sh'
[28.498s] INFO:colcon.colcon_core.shell:Creating prefix util module '/mnt/c/Users/nikig/Projects/cpp_miltech/homework_13/install/_local_setup_util_sh.py'
[28.503s] INFO:colcon.colcon_core.shell:Creating prefix chain script '/mnt/c/Users/nikig/Projects/cpp_miltech/homework_13/install/setup.sh'
[28.509s] INFO:colcon.colcon_core.shell:Creating prefix script '/mnt/c/Users/nikig/Projects/cpp_miltech/homework_13/install/local_setup.bash'
[28.514s] INFO:colcon.colcon_core.shell:Creating prefix chain script '/mnt/c/Users/nikig/Projects/cpp_miltech/homework_13/install/setup.bash'
[28.520s] INFO:colcon.colcon_core.shell:Creating prefix script '/mnt/c/Users/nikig/Projects/cpp_miltech/homework_13/install/local_setup.zsh'
[28.526s] INFO:colcon.colcon_core.shell:Creating prefix chain script '/mnt/c/Users/nikig/Projects/cpp_miltech/homework_13/install/setup.zsh'
