[0.243s] DEBUG:colcon:Command line arguments: ['/usr/bin/colcon', 'build', '--symlink-install', '--packages-select', 'antidrone_turret']
[0.243s] DEBUG:colcon:Parsed command line arguments: Namespace(log_base=None, log_level=None, verb_name='build', build_base='build', install_base='install', merge_install=False, symlink_install=True, test_result_base=None, continue_on_error=False, executor='parallel', parallel_workers=12, event_handlers=None, ignore_user_meta=False, metas=['./colcon.meta'], base_paths=['.'], packages_ignore=None, packages_ignore_regex=None, paths=None, packages_up_to=None, packages_up_to_regex=None, packages_above=None, packages_above_and_dependencies=None, packages_above_depth=None, packages_select_by_dep=None, packages_skip_by_dep=None, packages_skip_up_to=None, packages_select_build_failed=False, packages_skip_build_finished=False, packages_select_test_failures=False, packages_skip_test_passed=False, packages_select=['antidrone_turret'], packages_skip=None, packages_select_regex=None, packages_skip_regex=None, packages_start=None, packages_end=None, allow_overriding=[], cmake_args=None, cmake_target=None, cmake_target_skip_unavailable=False, cmake_clean_cache=False, cmake_clean_first=False, cmake_force_configure=False, ament_cmake_args=None, catkin_cmake_args=None, catkin_skip_building_tests=False, mixin_files=None, mixin=None, verb_parser=<colcon_mixin.mixin.mixin_argument.MixinArgumentDecorator object at 0x78920cc4d840>, verb_extension=<colcon_core.verb.build.BuildVerb object at 0x78920cc4d2d0>, main=<bound method BuildVerb.main of <colcon_core.verb.build.BuildVerb object at 0x78920cc4d2d0>>, mixin_verb=('build',))
[0.472s] Level 1:colcon.colcon_core.package_discovery:discover_packages(colcon_meta) check parameters
[0.472s] Level 1:colcon.colcon_core.package_discovery:discover_packages(recursive) check parameters
[0.473s] Level 1:colcon.colcon_core.package_discovery:discover_packages(ignore) check parameters
[0.473s] Level 1:colcon.colcon_core.package_discovery:discover_packages(path) check parameters
[0.473s] Level 1:colcon.colcon_core.package_discovery:discover_packages(colcon_meta) discover
[0.474s] Level 1:colcon.colcon_core.package_discovery:discover_packages(recursive) discover
[0.474s] INFO:colcon.colcon_core.package_discovery:Crawling recursively for packages in '/mnt/c/Users/nikig/Projects/cpp_miltech/homework_13/src/antidrone_turret'
[0.475s] Level 1:colcon.colcon_core.package_identification:_identify(.) by extensions ['ignore', 'ignore_ament_install']
[0.476s] Level 1:colcon.colcon_core.package_identification:_identify(.) by extension 'ignore'
[0.476s] Level 1:colcon.colcon_core.package_identification:_identify(.) by extension 'ignore_ament_install'
[0.477s] Level 1:colcon.colcon_core.package_identification:_identify(.) by extensions ['colcon_pkg']
[0.477s] Level 1:colcon.colcon_core.package_identification:_identify(.) by extension 'colcon_pkg'
[0.478s] Level 1:colcon.colcon_core.package_identification:_identify(.) by extensions ['colcon_meta']
[0.478s] Level 1:colcon.colcon_core.package_identification:_identify(.) by extension 'colcon_meta'
[0.478s] Level 1:colcon.colcon_core.package_identification:_identify(.) by extensions ['ros']
[0.479s] Level 1:colcon.colcon_core.package_identification:_identify(.) by extension 'ros'
[0.494s] DEBUG:colcon.colcon_core.package_identification:Package '.' with type 'ros.ament_cmake' and name 'antidrone_turret'
[0.495s] Level 1:colcon.colcon_core.package_discovery:discover_packages(recursive) using defaults
[0.495s] Level 1:colcon.colcon_core.package_discovery:discover_packages(ignore) discover
[0.495s] Level 1:colcon.colcon_core.package_discovery:discover_packages(ignore) using defaults
[0.496s] Level 1:colcon.colcon_core.package_discovery:discover_packages(path) discover
[0.496s] Level 1:colcon.colcon_core.package_discovery:discover_packages(path) using defaults
[0.552s] Level 1:colcon.colcon_core.package_discovery:discover_packages(prefix_path) check parameters
[0.553s] Level 1:colcon.colcon_core.package_discovery:discover_packages(prefix_path) discover
[0.580s] DEBUG:colcon.colcon_installed_package_information.package_discovery:Found 1 installed packages in /mnt/c/Users/nikig/Projects/cpp_miltech/homework_13/src/antidrone_turret/install
[0.581s] DEBUG:colcon.colcon_installed_package_information.package_discovery:Found 275 installed packages in /opt/ros/humble
[0.583s] Level 1:colcon.colcon_core.package_discovery:discover_packages(prefix_path) using defaults
[0.623s] Level 5:colcon.colcon_core.verb:set package 'antidrone_turret' build argument 'cmake_args' from command line to 'None'
[0.624s] Level 5:colcon.colcon_core.verb:set package 'antidrone_turret' build argument 'cmake_target' from command line to 'None'
[0.624s] Level 5:colcon.colcon_core.verb:set package 'antidrone_turret' build argument 'cmake_target_skip_unavailable' from command line to 'False'
[0.625s] Level 5:colcon.colcon_core.verb:set package 'antidrone_turret' build argument 'cmake_clean_cache' from command line to 'False'
[0.625s] Level 5:colcon.colcon_core.verb:set package 'antidrone_turret' build argument 'cmake_clean_first' from command line to 'False'
[0.625s] Level 5:colcon.colcon_core.verb:set package 'antidrone_turret' build argument 'cmake_force_configure' from command line to 'False'
[0.626s] Level 5:colcon.colcon_core.verb:set package 'antidrone_turret' build argument 'ament_cmake_args' from command line to 'None'
[0.626s] Level 5:colcon.colcon_core.verb:set package 'antidrone_turret' build argument 'catkin_cmake_args' from command line to 'None'
[0.626s] Level 5:colcon.colcon_core.verb:set package 'antidrone_turret' build argument 'catkin_skip_building_tests' from command line to 'False'
[0.627s] DEBUG:colcon.colcon_core.verb:Building package 'antidrone_turret' with the following arguments: {'ament_cmake_args': None, 'build_base': '/mnt/c/Users/nikig/Projects/cpp_miltech/homework_13/src/antidrone_turret/build/antidrone_turret', 'catkin_cmake_args': None, 'catkin_skip_building_tests': False, 'cmake_args': None, 'cmake_clean_cache': False, 'cmake_clean_first': False, 'cmake_force_configure': False, 'cmake_target': None, 'cmake_target_skip_unavailable': False, 'install_base': '/mnt/c/Users/nikig/Projects/cpp_miltech/homework_13/src/antidrone_turret/install/antidrone_turret', 'merge_install': False, 'path': '/mnt/c/Users/nikig/Projects/cpp_miltech/homework_13/src/antidrone_turret', 'symlink_install': True, 'test_result_base': None}
[0.627s] INFO:colcon.colcon_core.executor:Executing jobs using 'parallel' executor
[0.628s] DEBUG:colcon.colcon_parallel_executor.executor.parallel:run_until_complete
[0.629s] INFO:colcon.colcon_ros.task.ament_cmake.build:Building ROS package in '/mnt/c/Users/nikig/Projects/cpp_miltech/homework_13/src/antidrone_turret' with build type 'ament_cmake'
[0.629s] INFO:colcon.colcon_cmake.task.cmake.build:Building CMake package in '/mnt/c/Users/nikig/Projects/cpp_miltech/homework_13/src/antidrone_turret'
[0.635s] INFO:colcon.colcon_core.plugin_system:Skipping extension 'colcon_core.shell.bat': Not used on non-Windows systems
[0.636s] INFO:colcon.colcon_core.shell:Skip shell extension 'powershell' for command environment: Not usable outside of PowerShell
[0.637s] DEBUG:colcon.colcon_core.shell:Skip shell extension 'dsv' for command environment
[0.748s] DEBUG:colcon.colcon_core.event_handler.log_command:Invoking command in '/mnt/c/Users/nikig/Projects/cpp_miltech/homework_13/src/antidrone_turret/build/antidrone_turret': CMAKE_PREFIX_PATH=${CMAKE_PREFIX_PATH}:/opt/ros/humble /usr/bin/cmake /mnt/c/Users/nikig/Projects/cpp_miltech/homework_13/src/antidrone_turret -DAMENT_CMAKE_SYMLINK_INSTALL=1 -DCMAKE_INSTALL_PREFIX=/mnt/c/Users/nikig/Projects/cpp_miltech/homework_13/src/antidrone_turret/install/antidrone_turret
[14.665s] DEBUG:colcon.colcon_core.event_handler.log_command:Invoked command in '/mnt/c/Users/nikig/Projects/cpp_miltech/homework_13/src/antidrone_turret/build/antidrone_turret' returned '0': CMAKE_PREFIX_PATH=${CMAKE_PREFIX_PATH}:/opt/ros/humble /usr/bin/cmake /mnt/c/Users/nikig/Projects/cpp_miltech/homework_13/src/antidrone_turret -DAMENT_CMAKE_SYMLINK_INSTALL=1 -DCMAKE_INSTALL_PREFIX=/mnt/c/Users/nikig/Projects/cpp_miltech/homework_13/src/antidrone_turret/install/antidrone_turret
[14.672s] DEBUG:colcon.colcon_core.event_handler.log_command:Invoking command in '/mnt/c/Users/nikig/Projects/cpp_miltech/homework_13/src/antidrone_turret/build/antidrone_turret': CMAKE_PREFIX_PATH=${CMAKE_PREFIX_PATH}:/opt/ros/humble /usr/bin/cmake --build /mnt/c/Users/nikig/Projects/cpp_miltech/homework_13/src/antidrone_turret/build/antidrone_turret -- -j12 -l12
[15.899s] DEBUG:colcon.colcon_core.event_handler.log_command:Invoked command in '/mnt/c/Users/nikig/Projects/cpp_miltech/homework_13/src/antidrone_turret/build/antidrone_turret' returned '2': CMAKE_PREFIX_PATH=${CMAKE_PREFIX_PATH}:/opt/ros/humble /usr/bin/cmake --build /mnt/c/Users/nikig/Projects/cpp_miltech/homework_13/src/antidrone_turret/build/antidrone_turret -- -j12 -l12
[15.909s] Level 1:colcon.colcon_core.environment:create_environment_scripts_only(antidrone_turret)
[15.915s] Level 1:colcon.colcon_core.environment:checking '/mnt/c/Users/nikig/Projects/cpp_miltech/homework_13/src/antidrone_turret/install/antidrone_turret' for CMake module files
[16.085s] Level 1:colcon.colcon_core.environment:checking '/mnt/c/Users/nikig/Projects/cpp_miltech/homework_13/src/antidrone_turret/install/antidrone_turret' for CMake config files
[16.226s] Level 1:colcon.colcon_core.shell:create_environment_hook('antidrone_turret', 'cmake_prefix_path')
[16.227s] INFO:colcon.colcon_core.shell:Creating environment hook '/mnt/c/Users/nikig/Projects/cpp_miltech/homework_13/src/antidrone_turret/install/antidrone_turret/share/antidrone_turret/hook/cmake_prefix_path.ps1'
[16.236s] INFO:colcon.colcon_core.shell:Creating environment descriptor '/mnt/c/Users/nikig/Projects/cpp_miltech/homework_13/src/antidrone_turret/install/antidrone_turret/share/antidrone_turret/hook/cmake_prefix_path.dsv'
[16.246s] INFO:colcon.colcon_core.shell:Creating environment hook '/mnt/c/Users/nikig/Projects/cpp_miltech/homework_13/src/antidrone_turret/install/antidrone_turret/share/antidrone_turret/hook/cmake_prefix_path.sh'
[16.258s] Level 1:colcon.colcon_core.environment:checking '/mnt/c/Users/nikig/Projects/cpp_miltech/homework_13/src/antidrone_turret/install/antidrone_turret/lib'
[16.261s] Level 1:colcon.colcon_core.shell:create_environment_hook('antidrone_turret', 'ld_library_path_lib')
[16.262s] INFO:colcon.colcon_core.shell:Creating environment hook '/mnt/c/Users/nikig/Projects/cpp_miltech/homework_13/src/antidrone_turret/install/antidrone_turret/share/antidrone_turret/hook/ld_library_path_lib.ps1'
[16.271s] INFO:colcon.colcon_core.shell:Creating environment descriptor '/mnt/c/Users/nikig/Projects/cpp_miltech/homework_13/src/antidrone_turret/install/antidrone_turret/share/antidrone_turret/hook/ld_library_path_lib.dsv'
[16.281s] INFO:colcon.colcon_core.shell:Creating environment hook '/mnt/c/Users/nikig/Projects/cpp_miltech/homework_13/src/antidrone_turret/install/antidrone_turret/share/antidrone_turret/hook/ld_library_path_lib.sh'
[16.290s] Level 1:colcon.colcon_core.environment:checking '/mnt/c/Users/nikig/Projects/cpp_miltech/homework_13/src/antidrone_turret/install/antidrone_turret/bin'
[16.291s] Level 1:colcon.colcon_core.environment:checking '/mnt/c/Users/nikig/Projects/cpp_miltech/homework_13/src/antidrone_turret/install/antidrone_turret/lib/pkgconfig/antidrone_turret.pc'
[16.293s] Level 1:colcon.colcon_core.environment:checking '/mnt/c/Users/nikig/Projects/cpp_miltech/homework_13/src/antidrone_turret/install/antidrone_turret/lib/python3.10/site-packages'
[16.295s] Level 1:colcon.colcon_core.environment:checking '/mnt/c/Users/nikig/Projects/cpp_miltech/homework_13/src/antidrone_turret/install/antidrone_turret/bin'
[16.296s] INFO:colcon.colcon_core.shell:Creating package script '/mnt/c/Users/nikig/Projects/cpp_miltech/homework_13/src/antidrone_turret/install/antidrone_turret/share/antidrone_turret/package.ps1'
[16.305s] INFO:colcon.colcon_core.shell:Creating package descriptor '/mnt/c/Users/nikig/Projects/cpp_miltech/homework_13/src/antidrone_turret/install/antidrone_turret/share/antidrone_turret/package.dsv'
[16.314s] INFO:colcon.colcon_core.shell:Creating package script '/mnt/c/Users/nikig/Projects/cpp_miltech/homework_13/src/antidrone_turret/install/antidrone_turret/share/antidrone_turret/package.sh'
[16.322s] INFO:colcon.colcon_core.shell:Creating package script '/mnt/c/Users/nikig/Projects/cpp_miltech/homework_13/src/antidrone_turret/install/antidrone_turret/share/antidrone_turret/package.bash'
[16.331s] INFO:colcon.colcon_core.shell:Creating package script '/mnt/c/Users/nikig/Projects/cpp_miltech/homework_13/src/antidrone_turret/install/antidrone_turret/share/antidrone_turret/package.zsh'
[16.339s] Level 1:colcon.colcon_core.environment:create_file_with_runtime_dependencies(/mnt/c/Users/nikig/Projects/cpp_miltech/homework_13/src/antidrone_turret/install/antidrone_turret/share/colcon-core/packages/antidrone_turret)
[16.357s] DEBUG:colcon.colcon_parallel_executor.executor.parallel:closing loop
[16.357s] DEBUG:colcon.colcon_parallel_executor.executor.parallel:loop closed
[16.358s] DEBUG:colcon.colcon_parallel_executor.executor.parallel:run_until_complete finished with '2'
[16.358s] DEBUG:colcon.colcon_core.event_reactor:joining thread
[16.395s] INFO:colcon.colcon_core.plugin_system:Skipping extension 'colcon_notification.desktop_notification.notify_send': Could not find 'notify-send'
[16.396s] INFO:colcon.colcon_core.plugin_system:Skipping extension 'colcon_notification.desktop_notification.terminal_notifier': Not used on non-Darwin systems
[16.396s] INFO:colcon.colcon_core.plugin_system:Skipping extension 'colcon_notification.desktop_notification.win32': Not used on non-Windows systems
[16.396s] INFO:colcon.colcon_notification.desktop_notification:Sending desktop notification using 'notify2'
[16.397s] DEBUG:colcon.colcon_notification.desktop_notification.notify2:Failed to initialize notify2: org.freedesktop.DBus.Error.FileNotFound: Failed to connect to socket /run/user/1000/bus: No such file or directory
[16.397s] DEBUG:colcon.colcon_core.event_reactor:joined thread
[16.398s] INFO:colcon.colcon_core.shell:Creating prefix script '/mnt/c/Users/nikig/Projects/cpp_miltech/homework_13/src/antidrone_turret/install/local_setup.ps1'
[16.402s] INFO:colcon.colcon_core.shell:Creating prefix util module '/mnt/c/Users/nikig/Projects/cpp_miltech/homework_13/src/antidrone_turret/install/_local_setup_util_ps1.py'
[16.408s] INFO:colcon.colcon_core.shell:Creating prefix chain script '/mnt/c/Users/nikig/Projects/cpp_miltech/homework_13/src/antidrone_turret/install/setup.ps1'
[16.418s] INFO:colcon.colcon_core.shell:Creating prefix script '/mnt/c/Users/nikig/Projects/cpp_miltech/homework_13/src/antidrone_turret/install/local_setup.sh'
[16.423s] INFO:colcon.colcon_core.shell:Creating prefix util module '/mnt/c/Users/nikig/Projects/cpp_miltech/homework_13/src/antidrone_turret/install/_local_setup_util_sh.py'
[16.427s] INFO:colcon.colcon_core.shell:Creating prefix chain script '/mnt/c/Users/nikig/Projects/cpp_miltech/homework_13/src/antidrone_turret/install/setup.sh'
[16.438s] INFO:colcon.colcon_core.shell:Creating prefix script '/mnt/c/Users/nikig/Projects/cpp_miltech/homework_13/src/antidrone_turret/install/local_setup.bash'
[16.442s] INFO:colcon.colcon_core.shell:Creating prefix chain script '/mnt/c/Users/nikig/Projects/cpp_miltech/homework_13/src/antidrone_turret/install/setup.bash'
[16.453s] INFO:colcon.colcon_core.shell:Creating prefix script '/mnt/c/Users/nikig/Projects/cpp_miltech/homework_13/src/antidrone_turret/install/local_setup.zsh'
[16.458s] INFO:colcon.colcon_core.shell:Creating prefix chain script '/mnt/c/Users/nikig/Projects/cpp_miltech/homework_13/src/antidrone_turret/install/setup.zsh'
