[0.051s] Invoking command in '/mnt/c/Users/nikig/Projects/cpp_miltech/homework_13/build/antidrone_turret': CMAKE_PREFIX_PATH=/opt/ros/humble /usr/bin/cmake --build /mnt/c/Users/nikig/Projects/cpp_miltech/homework_13/build/antidrone_turret -- -j12 -l12
[0.282s] -- Found ament_cmake_auto: 1.3.14 (/opt/ros/humble/share/ament_cmake_auto/cmake)
[0.619s] -- Using all available rosidl_typesupport_c: rosidl_typesupport_fastrtps_c;rosidl_typesupport_introspection_c
[0.624s] -- Found rosidl_adapter: 3.1.9 (/opt/ros/humble/share/rosidl_adapter/cmake)
[0.716s] -- Using all available rosidl_typesupport_cpp: rosidl_typesupport_fastrtps_cpp;rosidl_typesupport_introspection_cpp
[0.812s] -- Found rmw_implementation_cmake: 6.1.2 (/opt/ros/humble/share/rmw_implementation_cmake/cmake)
[0.819s] -- Found rmw_fastrtps_cpp: 6.2.10 (/opt/ros/humble/share/rmw_fastrtps_cpp/cmake)
[2.769s] -- Using RMW implementation 'rmw_fastrtps_cpp' as default
[3.756s] -- Found ament_cmake_ros: 0.10.0 (/opt/ros/humble/share/ament_cmake_ros/cmake)
[4.835s] -- Using all available rosidl_typesupport_c: rosidl_typesupport_fastrtps_c;rosidl_typesupport_introspection_c
[6.305s] -- Using all available rosidl_typesupport_cpp: rosidl_typesupport_fastrtps_cpp;rosidl_typesupport_introspection_cpp
[6.334s] -- Found python_cmake_module: 0.10.0 (/opt/ros/humble/share/python_cmake_module/cmake)
[6.355s] -- Using PYTHON_EXECUTABLE: /usr/bin/python3
[6.357s] -- Using PYTHON_INCLUDE_DIRS: /usr/include/python3.10
[6.359s] -- Using PYTHON_LIBRARIES: /usr/lib/x86_64-linux-gnu/libpython3.10.so
[7.449s] -- Found gtest sources under '/opt/ros/humble/src/gtest_vendor': C++ tests using 'Google Test' will be built
[7.911s] -- Configuring done
[8.007s] [31mCMake Error at CMakeLists.txt:31 (add_executable):
[8.009s]   Cannot find source file:
[8.011s] 
[8.012s]     src/main.cpp
[8.014s] 
[8.015s] [0m
[8.017s] [31mCMake Error at /opt/ros/humble/share/ament_cmake_gtest/cmake/ament_add_gtest_executable.cmake:50 (add_executable):
[8.018s]   Cannot find source file:
[8.020s] 
[8.021s]     src/target_decision.cpp
[8.022s] Call Stack (most recent call first):
[8.024s]   /opt/ros/humble/share/ament_cmake_gtest/cmake/ament_add_gtest_executable.cmake:37 (_ament_add_gtest_executable)
[8.025s]   /opt/ros/humble/share/ament_cmake_gtest/cmake/ament_add_gtest.cmake:68 (ament_add_gtest_executable)
[8.027s]   CMakeLists.txt:64 (ament_add_gtest)
[8.028s] 
[8.029s] [0m
[8.075s] [31mCMake Error at CMakeLists.txt:31 (add_executable):
[8.077s]   No SOURCES given to target: turret_standalone
[8.079s] 
[8.081s] [0m
[8.083s] [31mCMake Error at /opt/ros/humble/share/ament_cmake_gtest/cmake/ament_add_gtest_executable.cmake:50 (add_executable):
[8.085s]   No SOURCES given to target: target_decision_test
[8.087s] Call Stack (most recent call first):
[8.089s]   /opt/ros/humble/share/ament_cmake_gtest/cmake/ament_add_gtest_executable.cmake:37 (_ament_add_gtest_executable)
[8.091s]   /opt/ros/humble/share/ament_cmake_gtest/cmake/ament_add_gtest.cmake:68 (ament_add_gtest_executable)
[8.093s]   CMakeLists.txt:64 (ament_add_gtest)
[8.095s] 
[8.097s] [0m
[8.099s] [0mCMake Generate step failed.  Build files cannot be regenerated correctly.[0m
[8.100s] gmake: *** [Makefile:2115: cmake_check_build_system] Error 1
[8.102s] Invoked command in '/mnt/c/Users/nikig/Projects/cpp_miltech/homework_13/build/antidrone_turret' returned '2': CMAKE_PREFIX_PATH=/opt/ros/humble /usr/bin/cmake --build /mnt/c/Users/nikig/Projects/cpp_miltech/homework_13/build/antidrone_turret -- -j12 -l12
