[0.276s] DEBUG:colcon:Command line arguments: ['/usr/bin/colcon', 'build']
[0.277s] DEBUG:colcon:Parsed command line arguments: Namespace(log_base=None, log_level=None, verb_name='build', build_base='build', install_base='install', merge_install=False, symlink_install=False, test_result_base=None, continue_on_error=False, executor='parallel', parallel_workers=12, event_handlers=None, ignore_user_meta=False, metas=['./colcon.meta'], base_paths=['.'], packages_ignore=None, packages_ignore_regex=None, paths=None, packages_up_to=None, packages_up_to_regex=None, packages_above=None, packages_above_and_dependencies=None, packages_above_depth=None, packages_select_by_dep=None, packages_skip_by_dep=None, packages_skip_up_to=None, packages_select_build_failed=False, packages_skip_build_finished=False, packages_select_test_failures=False, packages_skip_test_passed=False, packages_select=None, packages_skip=None, packages_select_regex=None, packages_skip_regex=None, packages_start=None, packages_end=None, allow_overriding=[], cmake_args=None, cmake_target=None, cmake_target_skip_unavailable=False, cmake_clean_cache=False, cmake_clean_first=False, cmake_force_configure=False, ament_cmake_args=None, catkin_cmake_args=None, catkin_skip_building_tests=False, mixin_files=None, mixin=None, verb_parser=<colcon_mixin.mixin.mixin_argument.MixinArgumentDecorator object at 0x7ffa098517e0>, verb_extension=<colcon_core.verb.build.BuildVerb object at 0x7ffa09851270>, main=<bound method BuildVerb.main of <colcon_core.verb.build.BuildVerb object at 0x7ffa09851270>>, mixin_verb=('build',))
[0.524s] Level 1:colcon.colcon_core.package_discovery:discover_packages(colcon_meta) check parameters
[0.524s] Level 1:colcon.colcon_core.package_discovery:discover_packages(recursive) check parameters
[0.524s] Level 1:colcon.colcon_core.package_discovery:discover_packages(ignore) check parameters
[0.525s] Level 1:colcon.colcon_core.package_discovery:discover_packages(path) check parameters
[0.525s] Level 1:colcon.colcon_core.package_discovery:discover_packages(colcon_meta) discover
[0.525s] Level 1:colcon.colcon_core.package_discovery:discover_packages(recursive) discover
[0.526s] INFO:colcon.colcon_core.package_discovery:Crawling recursively for packages in '/mnt/c/Users/nikig/Projects/cpp_miltech/homework_13'
[0.527s] Level 1:colcon.colcon_core.package_identification:_identify(.) by extensions ['ignore', 'ignore_ament_install']
[0.527s] Level 1:colcon.colcon_core.package_identification:_identify(.) by extension 'ignore'
[0.528s] Level 1:colcon.colcon_core.package_identification:_identify(.) by extension 'ignore_ament_install'
[0.528s] Level 1:colcon.colcon_core.package_identification:_identify(.) by extensions ['colcon_pkg']
[0.528s] Level 1:colcon.colcon_core.package_identification:_identify(.) by extension 'colcon_pkg'
[0.529s] Level 1:colcon.colcon_core.package_identification:_identify(.) by extensions ['colcon_meta']
[0.529s] Level 1:colcon.colcon_core.package_identification:_identify(.) by extension 'colcon_meta'
[0.529s] Level 1:colcon.colcon_core.package_identification:_identify(.) by extensions ['ros']
[0.530s] Level 1:colcon.colcon_core.package_identification:_identify(.) by extension 'ros'
[0.543s] Level 1:colcon.colcon_core.package_identification:_identify(.) by extensions ['cmake', 'python']
[0.543s] Level 1:colcon.colcon_core.package_identification:_identify(.) by extension 'cmake'
[0.544s] Level 1:colcon.colcon_core.package_identification:_identify(.) by extension 'python'
[0.544s] Level 1:colcon.colcon_core.package_identification:_identify(.) by extensions ['python_setup_py']
[0.544s] Level 1:colcon.colcon_core.package_identification:_identify(.) by extension 'python_setup_py'
[0.546s] Level 1:colcon.colcon_core.package_identification:_identify(build) by extensions ['ignore', 'ignore_ament_install']
[0.547s] Level 1:colcon.colcon_core.package_identification:_identify(build) by extension 'ignore'
[0.549s] Level 1:colcon.colcon_core.package_identification:_identify(build) ignored
[0.551s] Level 1:colcon.colcon_core.package_identification:_identify(install) by extensions ['ignore', 'ignore_ament_install']
[0.552s] Level 1:colcon.colcon_core.package_identification:_identify(install) by extension 'ignore'
[0.553s] Level 1:colcon.colcon_core.package_identification:_identify(install) ignored
[0.556s] Level 1:colcon.colcon_core.package_identification:_identify(log) by extensions ['ignore', 'ignore_ament_install']
[0.556s] Level 1:colcon.colcon_core.package_identification:_identify(log) by extension 'ignore'
[0.557s] Level 1:colcon.colcon_core.package_identification:_identify(log) ignored
[0.559s] Level 1:colcon.colcon_core.package_identification:_identify(src) by extensions ['ignore', 'ignore_ament_install']
[0.559s] Level 1:colcon.colcon_core.package_identification:_identify(src) by extension 'ignore'
[0.560s] Level 1:colcon.colcon_core.package_identification:_identify(src) by extension 'ignore_ament_install'
[0.561s] Level 1:colcon.colcon_core.package_identification:_identify(src) by extensions ['colcon_pkg']
[0.562s] Level 1:colcon.colcon_core.package_identification:_identify(src) by extension 'colcon_pkg'
[0.563s] Level 1:colcon.colcon_core.package_identification:_identify(src) by extensions ['colcon_meta']
[0.564s] Level 1:colcon.colcon_core.package_identification:_identify(src) by extension 'colcon_meta'
[0.565s] Level 1:colcon.colcon_core.package_identification:_identify(src) by extensions ['ros']
[0.565s] Level 1:colcon.colcon_core.package_identification:_identify(src) by extension 'ros'
[0.568s] Level 1:colcon.colcon_core.package_identification:_identify(src) by extensions ['cmake', 'python']
[0.568s] Level 1:colcon.colcon_core.package_identification:_identify(src) by extension 'cmake'
[0.569s] Level 1:colcon.colcon_core.package_identification:_identify(src) by extension 'python'
[0.570s] Level 1:colcon.colcon_core.package_identification:_identify(src) by extensions ['python_setup_py']
[0.570s] Level 1:colcon.colcon_core.package_identification:_identify(src) by extension 'python_setup_py'
[0.573s] Level 1:colcon.colcon_core.package_identification:_identify(src/antidrone_turret) by extensions ['ignore', 'ignore_ament_install']
[0.574s] Level 1:colcon.colcon_core.package_identification:_identify(src/antidrone_turret) by extension 'ignore'
[0.575s] Level 1:colcon.colcon_core.package_identification:_identify(src/antidrone_turret) by extension 'ignore_ament_install'
[0.577s] Level 1:colcon.colcon_core.package_identification:_identify(src/antidrone_turret) by extensions ['colcon_pkg']
[0.577s] Level 1:colcon.colcon_core.package_identification:_identify(src/antidrone_turret) by extension 'colcon_pkg'
[0.579s] Level 1:colcon.colcon_core.package_identification:_identify(src/antidrone_turret) by extensions ['colcon_meta']
[0.579s] Level 1:colcon.colcon_core.package_identification:_identify(src/antidrone_turret) by extension 'colcon_meta'
[0.581s] Level 1:colcon.colcon_core.package_identification:_identify(src/antidrone_turret) by extensions ['ros']
[0.582s] Level 1:colcon.colcon_core.package_identification:_identify(src/antidrone_turret) by extension 'ros'
[0.592s] DEBUG:colcon.colcon_core.package_identification:Package 'src/antidrone_turret' with type 'ros.ament_cmake' and name 'antidrone_turret'
[0.592s] Level 1:colcon.colcon_core.package_discovery:discover_packages(recursive) using defaults
[0.593s] Level 1:colcon.colcon_core.package_discovery:discover_packages(ignore) discover
[0.594s] Level 1:colcon.colcon_core.package_discovery:discover_packages(ignore) using defaults
[0.595s] Level 1:colcon.colcon_core.package_discovery:discover_packages(path) discover
[0.595s] Level 1:colcon.colcon_core.package_discovery:discover_packages(path) using defaults
[0.664s] Level 1:colcon.colcon_core.package_discovery:discover_packages(prefix_path) check parameters
[0.664s] Level 1:colcon.colcon_core.package_discovery:discover_packages(prefix_path) discover
[0.711s] DEBUG:colcon.colcon_installed_package_information.package_discovery:Found 1 installed packages in /mnt/c/Users/nikig/Projects/cpp_miltech/homework_13/src/antidrone_turret/install
[0.713s] DEBUG:colcon.colcon_installed_package_information.package_discovery:Found 275 installed packages in /opt/ros/humble
[0.714s] Level 1:colcon.colcon_core.package_discovery:discover_packages(prefix_path) using defaults
[0.760s] Level 5:colcon.colcon_core.verb:set package 'antidrone_turret' build argument 'cmake_args' from command line to 'None'
[0.761s] Level 5:colcon.colcon_core.verb:set package 'antidrone_turret' build argument 'cmake_target' from command line to 'None'
[0.761s] Level 5:colcon.colcon_core.verb:set package 'antidrone_turret' build argument 'cmake_target_skip_unavailable' from command line to 'False'
[0.762s] Level 5:colcon.colcon_core.verb:set package 'antidrone_turret' build argument 'cmake_clean_cache' from command line to 'False'
[0.763s] Level 5:colcon.colcon_core.verb:set package 'antidrone_turret' build argument 'cmake_clean_first' from command line to 'False'
[0.763s] Level 5:colcon.colcon_core.verb:set package 'antidrone_turret' build argument 'cmake_force_configure' from command line to 'False'
[0.764s] Level 5:colcon.colcon_core.verb:set package 'antidrone_turret' build argument 'ament_cmake_args' from command line to 'None'
[0.764s] Level 5:colcon.colcon_core.verb:set package 'antidrone_turret' build argument 'catkin_cmake_args' from command line to 'None'
[0.764s] Level 5:colcon.colcon_core.verb:set package 'antidrone_turret' build argument 'catkin_skip_building_tests' from command line to 'False'
[0.765s] DEBUG:colcon.colcon_core.verb:Building package 'antidrone_turret' with the following arguments: {'ament_cmake_args': None, 'build_base': '/mnt/c/Users/nikig/Projects/cpp_miltech/homework_13/build/antidrone_turret', 'catkin_cmake_args': None, 'catkin_skip_building_tests': False, 'cmake_args': None, 'cmake_clean_cache': False, 'cmake_clean_first': False, 'cmake_force_configure': False, 'cmake_target': None, 'cmake_target_skip_unavailable': False, 'install_base': '/mnt/c/Users/nikig/Projects/cpp_miltech/homework_13/install/antidrone_turret', 'merge_install': False, 'path': '/mnt/c/Users/nikig/Projects/cpp_miltech/homework_13/src/antidrone_turret', 'symlink_install': False, 'test_result_base': None}
[0.765s] INFO:colcon.colcon_core.executor:Executing jobs using 'parallel' executor
[0.766s] DEBUG:colcon.colcon_parallel_executor.executor.parallel:run_until_complete
[0.776s] INFO:colcon.colcon_ros.task.ament_cmake.build:Building ROS package in '/mnt/c/Users/nikig/Projects/cpp_miltech/homework_13/src/antidrone_turret' with build type 'ament_cmake'
[0.777s] INFO:colcon.colcon_cmake.task.cmake.build:Building CMake package in '/mnt/c/Users/nikig/Projects/cpp_miltech/homework_13/src/antidrone_turret'
[0.785s] INFO:colcon.colcon_core.plugin_system:Skipping extension 'colcon_core.shell.bat': Not used on non-Windows systems
[0.786s] INFO:colcon.colcon_core.shell:Skip shell extension 'powershell' for command environment: Not usable outside of PowerShell
[0.786s] DEBUG:colcon.colcon_core.shell:Skip shell extension 'dsv' for command environment
[0.958s] DEBUG:colcon.colcon_core.event_handler.log_command:Invoking command in '/mnt/c/Users/nikig/Projects/cpp_miltech/homework_13/build/antidrone_turret': CMAKE_PREFIX_PATH=${CMAKE_PREFIX_PATH}:/opt/ros/humble /usr/bin/cmake /mnt/c/Users/nikig/Projects/cpp_miltech/homework_13/src/antidrone_turret -DCMAKE_INSTALL_PREFIX=/mnt/c/Users/nikig/Projects/cpp_miltech/homework_13/install/antidrone_turret
[29.555s] DEBUG:colcon.colcon_core.event_handler.log_command:Invoked command in '/mnt/c/Users/nikig/Projects/cpp_miltech/homework_13/build/antidrone_turret' returned '0': CMAKE_PREFIX_PATH=${CMAKE_PREFIX_PATH}:/opt/ros/humble /usr/bin/cmake /mnt/c/Users/nikig/Projects/cpp_miltech/homework_13/src/antidrone_turret -DCMAKE_INSTALL_PREFIX=/mnt/c/Users/nikig/Projects/cpp_miltech/homework_13/install/antidrone_turret
[29.565s] DEBUG:colcon.colcon_core.event_handler.log_command:Invoking command in '/mnt/c/Users/nikig/Projects/cpp_miltech/homework_13/build/antidrone_turret': CMAKE_PREFIX_PATH=${CMAKE_PREFIX_PATH}:/opt/ros/humble /usr/bin/cmake --build /mnt/c/Users/nikig/Projects/cpp_miltech/homework_13/build/antidrone_turret -- -j12 -l12
[64.525s] DEBUG:colcon.colcon_core.event_handler.log_command:Invoked command in '/mnt/c/Users/nikig/Projects/cpp_miltech/homework_13/build/antidrone_turret' returned '0': CMAKE_PREFIX_PATH=${CMAKE_PREFIX_PATH}:/opt/ros/humble /usr/bin/cmake --build /mnt/c/Users/nikig/Projects/cpp_miltech/homework_13/build/antidrone_turret -- -j12 -l12
[64.644s] DEBUG:colcon.colcon_core.event_handler.log_command:Invoking command in '/mnt/c/Users/nikig/Projects/cpp_miltech/homework_13/build/antidrone_turret': CMAKE_PREFIX_PATH=${CMAKE_PREFIX_PATH}:/opt/ros/humble /usr/bin/cmake --install /mnt/c/Users/nikig/Projects/cpp_miltech/homework_13/build/antidrone_turret
[81.666s] Level 1:colcon.colcon_core.environment:create_environment_scripts_only(antidrone_turret)
[81.668s] DEBUG:colcon.colcon_core.event_handler.log_command:Invoked command in '/mnt/c/Users/nikig/Projects/cpp_miltech/homework_13/build/antidrone_turret' returned '0': CMAKE_PREFIX_PATH=${CMAKE_PREFIX_PATH}:/opt/ros/humble /usr/bin/cmake --install /mnt/c/Users/nikig/Projects/cpp_miltech/homework_13/build/antidrone_turret
[81.676s] Level 1:colcon.colcon_core.environment:checking '/mnt/c/Users/nikig/Projects/cpp_miltech/homework_13/install/antidrone_turret' for CMake module files
[81.844s] Level 1:colcon.colcon_core.environment:checking '/mnt/c/Users/nikig/Projects/cpp_miltech/homework_13/install/antidrone_turret' for CMake config files
[84.677s] Level 1:colcon.colcon_core.shell:create_environment_hook('antidrone_turret', 'cmake_prefix_path')
[84.678s] INFO:colcon.colcon_core.shell:Creating environment hook '/mnt/c/Users/nikig/Projects/cpp_miltech/homework_13/install/antidrone_turret/share/antidrone_turret/hook/cmake_prefix_path.ps1'
[84.696s] INFO:colcon.colcon_core.shell:Creating environment descriptor '/mnt/c/Users/nikig/Projects/cpp_miltech/homework_13/install/antidrone_turret/share/antidrone_turret/hook/cmake_prefix_path.dsv'
[84.707s] INFO:colcon.colcon_core.shell:Creating environment hook '/mnt/c/Users/nikig/Projects/cpp_miltech/homework_13/install/antidrone_turret/share/antidrone_turret/hook/cmake_prefix_path.sh'
[84.719s] Level 1:colcon.colcon_core.environment:checking '/mnt/c/Users/nikig/Projects/cpp_miltech/homework_13/install/antidrone_turret/lib'
[84.722s] Level 1:colcon.colcon_core.shell:create_environment_hook('antidrone_turret', 'ld_library_path_lib')
[84.722s] INFO:colcon.colcon_core.shell:Creating environment hook '/mnt/c/Users/nikig/Projects/cpp_miltech/homework_13/install/antidrone_turret/share/antidrone_turret/hook/ld_library_path_lib.ps1'
[84.732s] INFO:colcon.colcon_core.shell:Creating environment descriptor '/mnt/c/Users/nikig/Projects/cpp_miltech/homework_13/install/antidrone_turret/share/antidrone_turret/hook/ld_library_path_lib.dsv'
[84.741s] INFO:colcon.colcon_core.shell:Creating environment hook '/mnt/c/Users/nikig/Projects/cpp_miltech/homework_13/install/antidrone_turret/share/antidrone_turret/hook/ld_library_path_lib.sh'
[84.751s] Level 1:colcon.colcon_core.environment:checking '/mnt/c/Users/nikig/Projects/cpp_miltech/homework_13/install/antidrone_turret/bin'
[84.752s] Level 1:colcon.colcon_core.environment:checking '/mnt/c/Users/nikig/Projects/cpp_miltech/homework_13/install/antidrone_turret/lib/pkgconfig/antidrone_turret.pc'
[84.754s] Level 1:colcon.colcon_core.environment:checking '/mnt/c/Users/nikig/Projects/cpp_miltech/homework_13/install/antidrone_turret/lib/python3.10/site-packages'
[84.755s] Level 1:colcon.colcon_core.environment:checking '/mnt/c/Users/nikig/Projects/cpp_miltech/homework_13/install/antidrone_turret/bin'
[84.757s] INFO:colcon.colcon_core.shell:Creating package script '/mnt/c/Users/nikig/Projects/cpp_miltech/homework_13/install/antidrone_turret/share/antidrone_turret/package.ps1'
[84.766s] INFO:colcon.colcon_core.shell:Creating package descriptor '/mnt/c/Users/nikig/Projects/cpp_miltech/homework_13/install/antidrone_turret/share/antidrone_turret/package.dsv'
[84.774s] INFO:colcon.colcon_core.shell:Creating package script '/mnt/c/Users/nikig/Projects/cpp_miltech/homework_13/install/antidrone_turret/share/antidrone_turret/package.sh'
[84.784s] INFO:colcon.colcon_core.shell:Creating package script '/mnt/c/Users/nikig/Projects/cpp_miltech/homework_13/install/antidrone_turret/share/antidrone_turret/package.bash'
[84.793s] INFO:colcon.colcon_core.shell:Creating package script '/mnt/c/Users/nikig/Projects/cpp_miltech/homework_13/install/antidrone_turret/share/antidrone_turret/package.zsh'
[84.802s] Level 1:colcon.colcon_core.environment:create_file_with_runtime_dependencies(/mnt/c/Users/nikig/Projects/cpp_miltech/homework_13/install/antidrone_turret/share/colcon-core/packages/antidrone_turret)
[84.822s] Level 1:colcon.colcon_core.environment:create_environment_scripts_only(antidrone_turret)
[84.822s] Level 1:colcon.colcon_core.environment:checking '/mnt/c/Users/nikig/Projects/cpp_miltech/homework_13/install/antidrone_turret' for CMake module files
[85.010s] Level 1:colcon.colcon_core.environment:checking '/mnt/c/Users/nikig/Projects/cpp_miltech/homework_13/install/antidrone_turret' for CMake config files
[85.163s] Level 1:colcon.colcon_core.shell:create_environment_hook('antidrone_turret', 'cmake_prefix_path')
[85.164s] INFO:colcon.colcon_core.shell:Creating environment hook '/mnt/c/Users/nikig/Projects/cpp_miltech/homework_13/install/antidrone_turret/share/antidrone_turret/hook/cmake_prefix_path.ps1'
[85.174s] INFO:colcon.colcon_core.shell:Creating environment descriptor '/mnt/c/Users/nikig/Projects/cpp_miltech/homework_13/install/antidrone_turret/share/antidrone_turret/hook/cmake_prefix_path.dsv'
[85.185s] INFO:colcon.colcon_core.shell:Creating environment hook '/mnt/c/Users/nikig/Projects/cpp_miltech/homework_13/install/antidrone_turret/share/antidrone_turret/hook/cmake_prefix_path.sh'
[85.199s] Level 1:colcon.colcon_core.environment:checking '/mnt/c/Users/nikig/Projects/cpp_miltech/homework_13/install/antidrone_turret/lib'
[85.202s] Level 1:colcon.colcon_core.shell:create_environment_hook('antidrone_turret', 'ld_library_path_lib')
[85.203s] INFO:colcon.colcon_core.shell:Creating environment hook '/mnt/c/Users/nikig/Projects/cpp_miltech/homework_13/install/antidrone_turret/share/antidrone_turret/hook/ld_library_path_lib.ps1'
[85.213s] INFO:colcon.colcon_core.shell:Creating environment descriptor '/mnt/c/Users/nikig/Projects/cpp_miltech/homework_13/install/antidrone_turret/share/antidrone_turret/hook/ld_library_path_lib.dsv'
[85.224s] INFO:colcon.colcon_core.shell:Creating environment hook '/mnt/c/Users/nikig/Projects/cpp_miltech/homework_13/install/antidrone_turret/share/antidrone_turret/hook/ld_library_path_lib.sh'
[85.235s] Level 1:colcon.colcon_core.environment:checking '/mnt/c/Users/nikig/Projects/cpp_miltech/homework_13/install/antidrone_turret/bin'
[85.236s] Level 1:colcon.colcon_core.environment:checking '/mnt/c/Users/nikig/Projects/cpp_miltech/homework_13/install/antidrone_turret/lib/pkgconfig/antidrone_turret.pc'
[85.238s] Level 1:colcon.colcon_core.environment:checking '/mnt/c/Users/nikig/Projects/cpp_miltech/homework_13/install/antidrone_turret/lib/python3.10/site-packages'
[85.239s] Level 1:colcon.colcon_core.environment:checking '/mnt/c/Users/nikig/Projects/cpp_miltech/homework_13/install/antidrone_turret/bin'
[85.241s] INFO:colcon.colcon_core.shell:Creating package script '/mnt/c/Users/nikig/Projects/cpp_miltech/homework_13/install/antidrone_turret/share/antidrone_turret/package.ps1'
[85.250s] INFO:colcon.colcon_core.shell:Creating package descriptor '/mnt/c/Users/nikig/Projects/cpp_miltech/homework_13/install/antidrone_turret/share/antidrone_turret/package.dsv'
[85.260s] INFO:colcon.colcon_core.shell:Creating package script '/mnt/c/Users/nikig/Projects/cpp_miltech/homework_13/install/antidrone_turret/share/antidrone_turret/package.sh'
[85.269s] INFO:colcon.colcon_core.shell:Creating package script '/mnt/c/Users/nikig/Projects/cpp_miltech/homework_13/install/antidrone_turret/share/antidrone_turret/package.bash'
[85.279s] INFO:colcon.colcon_core.shell:Creating package script '/mnt/c/Users/nikig/Projects/cpp_miltech/homework_13/install/antidrone_turret/share/antidrone_turret/package.zsh'
[85.288s] Level 1:colcon.colcon_core.environment:create_file_with_runtime_dependencies(/mnt/c/Users/nikig/Projects/cpp_miltech/homework_13/install/antidrone_turret/share/colcon-core/packages/antidrone_turret)
[85.296s] DEBUG:colcon.colcon_parallel_executor.executor.parallel:closing loop
[85.297s] DEBUG:colcon.colcon_parallel_executor.executor.parallel:loop closed
[85.297s] DEBUG:colcon.colcon_parallel_executor.executor.parallel:run_until_complete finished with '0'
[85.298s] DEBUG:colcon.colcon_core.event_reactor:joining thread
[85.348s] INFO:colcon.colcon_core.plugin_system:Skipping extension 'colcon_notification.desktop_notification.notify_send': Could not find 'notify-send'
[85.349s] INFO:colcon.colcon_core.plugin_system:Skipping extension 'colcon_notification.desktop_notification.terminal_notifier': Not used on non-Darwin systems
[85.349s] INFO:colcon.colcon_core.plugin_system:Skipping extension 'colcon_notification.desktop_notification.win32': Not used on non-Windows systems
[85.350s] INFO:colcon.colcon_notification.desktop_notification:Sending desktop notification using 'notify2'
[85.350s] DEBUG:colcon.colcon_notification.desktop_notification.notify2:Failed to initialize notify2: org.freedesktop.DBus.Error.FileNotFound: Failed to connect to socket /run/user/1000/bus: No such file or directory
[85.350s] DEBUG:colcon.colcon_core.event_reactor:joined thread
[85.351s] INFO:colcon.colcon_core.shell:Creating prefix script '/mnt/c/Users/nikig/Projects/cpp_miltech/homework_13/install/local_setup.ps1'
[85.355s] INFO:colcon.colcon_core.shell:Creating prefix util module '/mnt/c/Users/nikig/Projects/cpp_miltech/homework_13/install/_local_setup_util_ps1.py'
[85.361s] INFO:colcon.colcon_core.shell:Creating prefix chain script '/mnt/c/Users/nikig/Projects/cpp_miltech/homework_13/install/setup.ps1'
[85.377s] INFO:colcon.colcon_core.shell:Creating prefix script '/mnt/c/Users/nikig/Projects/cpp_miltech/homework_13/install/local_setup.sh'
[85.383s] INFO:colcon.colcon_core.shell:Creating prefix util module '/mnt/c/Users/nikig/Projects/cpp_miltech/homework_13/install/_local_setup_util_sh.py'
[85.387s] INFO:colcon.colcon_core.shell:Creating prefix chain script '/mnt/c/Users/nikig/Projects/cpp_miltech/homework_13/install/setup.sh'
[85.405s] INFO:colcon.colcon_core.shell:Creating prefix script '/mnt/c/Users/nikig/Projects/cpp_miltech/homework_13/install/local_setup.bash'
[85.409s] INFO:colcon.colcon_core.shell:Creating prefix chain script '/mnt/c/Users/nikig/Projects/cpp_miltech/homework_13/install/setup.bash'
[85.426s] INFO:colcon.colcon_core.shell:Creating prefix script '/mnt/c/Users/nikig/Projects/cpp_miltech/homework_13/install/local_setup.zsh'
[85.431s] INFO:colcon.colcon_core.shell:Creating prefix chain script '/mnt/c/Users/nikig/Projects/cpp_miltech/homework_13/install/setup.zsh'
