-- The C compiler identification is GNU 11.4.0
-- The CXX compiler identification is GNU 11.4.0
-- Detecting C compiler ABI info
-- Detecting C compiler ABI info - done
-- Check for working C compiler: /usr/bin/cc - skipped
-- Detecting C compile features
-- Detecting C compile features - done
-- Detecting CXX compiler ABI info
-- Detecting CXX compiler ABI info - done
-- Check for working CXX compiler: /usr/bin/c++ - skipped
-- Detecting CXX compile features
-- Detecting CXX compile features - done
-- Found ament_cmake_auto: 1.3.14 (/opt/ros/humble/share/ament_cmake_auto/cmake)
-- Found Python3: /usr/bin/python3 (found version "3.10.12") found components: Interpreter 
-- Using all available rosidl_typesupport_c: rosidl_typesupport_fastrtps_c;rosidl_typesupport_introspection_c
-- Found rosidl_adapter: 3.1.9 (/opt/ros/humble/share/rosidl_adapter/cmake)
-- Using all available rosidl_typesupport_cpp: rosidl_typesupport_fastrtps_cpp;rosidl_typesupport_introspection_cpp
-- Found rmw_implementation_cmake: 6.1.2 (/opt/ros/humble/share/rmw_implementation_cmake/cmake)
-- Found rmw_fastrtps_cpp: 6.2.10 (/opt/ros/humble/share/rmw_fastrtps_cpp/cmake)
-- Found OpenSSL: /usr/lib/x86_64-linux-gnu/libcrypto.so (found version "3.0.2")  
-- Found FastRTPS: /opt/ros/humble/include  
-- Using RMW implementation 'rmw_fastrtps_cpp' as default
-- Looking for pthread.h
-- Looking for pthread.h - found
-- Performing Test CMAKE_HAVE_LIBC_PTHREAD
-- Performing Test CMAKE_HAVE_LIBC_PTHREAD - Success
-- Found Threads: TRUE  
-- Found ament_cmake_ros: 0.10.0 (/opt/ros/humble/share/ament_cmake_ros/cmake)
-- Using all available rosidl_typesupport_c: rosidl_typesupport_fastrtps_c;rosidl_typesupport_introspection_c
-- Using all available rosidl_typesupport_cpp: rosidl_typesupport_fastrtps_cpp;rosidl_typesupport_introspection_cpp
-- Found PythonInterp: /usr/bin/python3 (found suitable version "3.10.12", minimum required is "3.6") 
-- Found python_cmake_module: 0.10.0 (/opt/ros/humble/share/python_cmake_module/cmake)
-- Found PythonLibs: /usr/lib/x86_64-linux-gnu/libpython3.10.so (found suitable version "3.10.12", minimum required is "3.5") 
-- Using PYTHON_EXECUTABLE: /usr/bin/python3
-- Using PYTHON_INCLUDE_DIRS: /usr/include/python3.10
-- Using PYTHON_LIBRARIES: /usr/lib/x86_64-linux-gnu/libpython3.10.so
-- Found PythonExtra: .so  
-- Found gtest sources under '/opt/ros/humble/src/gtest_vendor': C++ tests using 'Google Test' will be built
-- Configuring done
-- Generating done
-- Build files have been written to: /mnt/c/Users/nikig/Projects/cpp_miltech/homework_13/build/antidrone_turret
[  1%] [34m[1mGenerating C code for ROS interfaces[0m
[  2%] [32mBuilding CXX object gtest/CMakeFiles/gtest_main.dir/src/gtest_main.cc.o[0m
[  3%] [32mBuilding CXX object gtest/CMakeFiles/gtest.dir/src/gtest-all.cc.o[0m
[  4%] [34m[1mGenerating Rust code for ROS interfaces[0m
[  5%] [34m[1mGenerating C++ code for ROS interfaces[0m
[  5%] Built target ament_cmake_python_copy_antidrone_turret
[  5%] Built target antidrone_turret__rs
running egg_info
creating antidrone_turret.egg-info
writing antidrone_turret.egg-info/PKG-INFO
writing dependency_links to antidrone_turret.egg-info/dependency_links.txt
writing top-level names to antidrone_turret.egg-info/top_level.txt
writing manifest file 'antidrone_turret.egg-info/SOURCES.txt'
reading manifest file 'antidrone_turret.egg-info/SOURCES.txt'
writing manifest file 'antidrone_turret.egg-info/SOURCES.txt'
[  5%] Built target ament_cmake_python_build_antidrone_turret_egg
[  5%] Built target antidrone_turret__cpp
[  6%] [32m[1mLinking CXX static library libgtest_main.a[0m
[  9%] [34m[1mGenerating C++ type support dispatch for ROS interfaces[0m
[  9%] [34m[1mGenerating C++ introspection for ROS interfaces[0m
[ 10%] [34m[1mGenerating C++ type support for eProsima Fast-RTPS[0m
[ 12%] [32mBuilding C object CMakeFiles/antidrone_turret__rosidl_generator_c.dir/rosidl_generator_c/antidrone_turret/msg/detail/target__functions.c.o[0m
[ 12%] [32mBuilding C object CMakeFiles/antidrone_turret__rosidl_generator_c.dir/rosidl_generator_c/antidrone_turret/msg/detail/actuator_status__functions.c.o[0m
[ 13%] [32mBuilding C object CMakeFiles/antidrone_turret__rosidl_generator_c.dir/rosidl_generator_c/antidrone_turret/msg/detail/servo_command__functions.c.o[0m
[ 14%] [32mBuilding C object CMakeFiles/antidrone_turret__rosidl_generator_c.dir/rosidl_generator_c/antidrone_turret/msg/detail/gimbal_command__functions.c.o[0m
[ 15%] [32mBuilding C object CMakeFiles/antidrone_turret__rosidl_generator_c.dir/rosidl_generator_c/antidrone_turret/msg/detail/turret_status__functions.c.o[0m
[ 17%] [32mBuilding C object CMakeFiles/antidrone_turret__rosidl_generator_c.dir/rosidl_generator_c/antidrone_turret/srv/detail/trigger_actuator__functions.c.o[0m
[ 17%] Built target gtest_main
[ 18%] [32m[1mLinking C shared library libantidrone_turret__rosidl_generator_c.so[0m
[ 20%] [32mBuilding CXX object CMakeFiles/antidrone_turret__rosidl_typesupport_cpp.dir/rosidl_typesupport_cpp/antidrone_turret/msg/target__type_support.cpp.o[0m
[ 22%] [32mBuilding CXX object CMakeFiles/antidrone_turret__rosidl_typesupport_cpp.dir/rosidl_typesupport_cpp/antidrone_turret/msg/actuator_status__type_support.cpp.o[0m
[ 22%] [32mBuilding CXX object CMakeFiles/antidrone_turret__rosidl_typesupport_cpp.dir/rosidl_typesupport_cpp/antidrone_turret/msg/servo_command__type_support.cpp.o[0m
[ 22%] [32mBuilding CXX object CMakeFiles/antidrone_turret__rosidl_typesupport_cpp.dir/rosidl_typesupport_cpp/antidrone_turret/msg/gimbal_command__type_support.cpp.o[0m
[ 23%] [32mBuilding CXX object CMakeFiles/antidrone_turret__rosidl_typesupport_cpp.dir/rosidl_typesupport_cpp/antidrone_turret/msg/turret_status__type_support.cpp.o[0m
[ 25%] [32mBuilding CXX object CMakeFiles/antidrone_turret__rosidl_typesupport_cpp.dir/rosidl_typesupport_cpp/antidrone_turret/srv/trigger_actuator__type_support.cpp.o[0m
[ 25%] Built target antidrone_turret__rosidl_generator_c
[ 26%] [32mBuilding CXX object CMakeFiles/antidrone_turret__rosidl_typesupport_introspection_cpp.dir/rosidl_typesupport_introspection_cpp/antidrone_turret/msg/detail/target__type_support.cpp.o[0m
[ 27%] [34m[1mGenerating C type support dispatch for ROS interfaces[0m
[ 28%] [34m[1mGenerating C introspection for ROS interfaces[0m
[ 29%] [34m[1mGenerating C type support for eProsima Fast-RTPS[0m
[ 30%] [32mBuilding CXX object CMakeFiles/antidrone_turret__rosidl_typesupport_fastrtps_cpp.dir/rosidl_typesupport_fastrtps_cpp/antidrone_turret/msg/detail/dds_fastrtps/target__type_support.cpp.o[0m
[ 31%] [32mBuilding CXX object CMakeFiles/antidrone_turret__rosidl_typesupport_introspection_cpp.dir/rosidl_typesupport_introspection_cpp/antidrone_turret/msg/detail/actuator_status__type_support.cpp.o[0m
[ 32%] [32mBuilding CXX object CMakeFiles/antidrone_turret__rosidl_typesupport_fastrtps_cpp.dir/rosidl_typesupport_fastrtps_cpp/antidrone_turret/msg/detail/dds_fastrtps/actuator_status__type_support.cpp.o[0m
[ 34%] [32mBuilding CXX object CMakeFiles/antidrone_turret__rosidl_typesupport_introspection_cpp.dir/rosidl_typesupport_introspection_cpp/antidrone_turret/msg/detail/servo_command__type_support.cpp.o[0m
[ 36%] [32mBuilding CXX object CMakeFiles/antidrone_turret__rosidl_typesupport_fastrtps_cpp.dir/rosidl_typesupport_fastrtps_cpp/antidrone_turret/msg/detail/dds_fastrtps/servo_command__type_support.cpp.o[0m
[ 36%] [32mBuilding CXX object CMakeFiles/antidrone_turret__rosidl_typesupport_introspection_cpp.dir/rosidl_typesupport_introspection_cpp/antidrone_turret/msg/detail/gimbal_command__type_support.cpp.o[0m
[ 37%] [32m[1mLinking CXX shared library libantidrone_turret__rosidl_typesupport_cpp.so[0m
[ 38%] [32mBuilding CXX object CMakeFiles/antidrone_turret__rosidl_typesupport_fastrtps_cpp.dir/rosidl_typesupport_fastrtps_cpp/antidrone_turret/msg/detail/dds_fastrtps/gimbal_command__type_support.cpp.o[0m
[ 38%] Built target antidrone_turret__rosidl_typesupport_cpp
[ 39%] [32mBuilding CXX object CMakeFiles/antidrone_turret__rosidl_typesupport_introspection_cpp.dir/rosidl_typesupport_introspection_cpp/antidrone_turret/msg/detail/turret_status__type_support.cpp.o[0m
[ 40%] [32mBuilding CXX object CMakeFiles/antidrone_turret__rosidl_typesupport_c.dir/rosidl_typesupport_c/antidrone_turret/msg/target__type_support.cpp.o[0m
[ 42%] [32mBuilding CXX object CMakeFiles/antidrone_turret__rosidl_typesupport_c.dir/rosidl_typesupport_c/antidrone_turret/msg/actuator_status__type_support.cpp.o[0m
[ 43%] [32mBuilding CXX object CMakeFiles/antidrone_turret__rosidl_typesupport_introspection_cpp.dir/rosidl_typesupport_introspection_cpp/antidrone_turret/srv/detail/trigger_actuator__type_support.cpp.o[0m
[ 45%] [32mBuilding CXX object CMakeFiles/target_track_publisher_node.dir/src/target_track_publisher_node.cpp.o[0m
[ 45%] [32mBuilding CXX object CMakeFiles/actuator_node.dir/src/actuator_node.cpp.o[0m
[ 46%] [32mBuilding CXX object CMakeFiles/turret_controller_node.dir/src/turret_controller_node.cpp.o[0m
[ 47%] [32mBuilding CXX object CMakeFiles/antidrone_turret__rosidl_typesupport_c.dir/rosidl_typesupport_c/antidrone_turret/msg/servo_command__type_support.cpp.o[0m
[ 48%] [32mBuilding CXX object CMakeFiles/gimbal_driver_node.dir/src/gimbal_driver_node.cpp.o[0m
[ 50%] [32mBuilding CXX object CMakeFiles/yaw_servo_driver_node.dir/src/yaw_servo_driver_node.cpp.o[0m
[ 51%] [32mBuilding CXX object CMakeFiles/antidrone_turret__rosidl_typesupport_c.dir/rosidl_typesupport_c/antidrone_turret/msg/gimbal_command__type_support.cpp.o[0m
[ 52%] [32mBuilding CXX object CMakeFiles/antidrone_turret__rosidl_typesupport_fastrtps_c.dir/rosidl_typesupport_fastrtps_c/antidrone_turret/msg/detail/target__type_support_c.cpp.o[0m
[ 53%] [32mBuilding C object CMakeFiles/antidrone_turret__rosidl_typesupport_introspection_c.dir/rosidl_typesupport_introspection_c/antidrone_turret/msg/detail/target__type_support.c.o[0m
[ 54%] [32mBuilding CXX object CMakeFiles/antidrone_turret__rosidl_typesupport_c.dir/rosidl_typesupport_c/antidrone_turret/msg/turret_status__type_support.cpp.o[0m
[ 55%] [32mBuilding CXX object CMakeFiles/antidrone_turret__rosidl_typesupport_fastrtps_c.dir/rosidl_typesupport_fastrtps_c/antidrone_turret/msg/detail/actuator_status__type_support_c.cpp.o[0m
[ 56%] [32mBuilding CXX object CMakeFiles/antidrone_turret__rosidl_typesupport_fastrtps_cpp.dir/rosidl_typesupport_fastrtps_cpp/antidrone_turret/msg/detail/dds_fastrtps/turret_status__type_support.cpp.o[0m
[ 57%] [32mBuilding C object CMakeFiles/antidrone_turret__rosidl_typesupport_introspection_c.dir/rosidl_typesupport_introspection_c/antidrone_turret/msg/detail/actuator_status__type_support.c.o[0m
[ 59%] [32m[1mLinking CXX shared library libantidrone_turret__rosidl_typesupport_introspection_cpp.so[0m
[ 60%] [32mBuilding CXX object CMakeFiles/antidrone_turret__rosidl_typesupport_c.dir/rosidl_typesupport_c/antidrone_turret/srv/trigger_actuator__type_support.cpp.o[0m
[ 61%] [32mBuilding C object CMakeFiles/antidrone_turret__rosidl_typesupport_introspection_c.dir/rosidl_typesupport_introspection_c/antidrone_turret/msg/detail/servo_command__type_support.c.o[0m
[ 62%] [32mBuilding C object CMakeFiles/antidrone_turret__rosidl_typesupport_introspection_c.dir/rosidl_typesupport_introspection_c/antidrone_turret/msg/detail/gimbal_command__type_support.c.o[0m
[ 63%] [32m[1mLinking CXX shared library libantidrone_turret__rosidl_typesupport_c.so[0m
[ 64%] [32m[1mLinking CXX static library libgtest.a[0m
[ 64%] Built target antidrone_turret__rosidl_typesupport_introspection_cpp
[ 65%] [32mBuilding CXX object CMakeFiles/antidrone_turret__rosidl_typesupport_fastrtps_cpp.dir/rosidl_typesupport_fastrtps_cpp/antidrone_turret/srv/detail/dds_fastrtps/trigger_actuator__type_support.cpp.o[0m
[ 67%] [32mBuilding C object CMakeFiles/antidrone_turret__rosidl_typesupport_introspection_c.dir/rosidl_typesupport_introspection_c/antidrone_turret/msg/detail/turret_status__type_support.c.o[0m
[ 68%] [32mBuilding C object CMakeFiles/antidrone_turret__rosidl_typesupport_introspection_c.dir/rosidl_typesupport_introspection_c/antidrone_turret/srv/detail/trigger_actuator__type_support.c.o[0m
[ 69%] [32mBuilding CXX object CMakeFiles/antidrone_turret__rosidl_typesupport_fastrtps_c.dir/rosidl_typesupport_fastrtps_c/antidrone_turret/msg/detail/servo_command__type_support_c.cpp.o[0m
[ 69%] Built target antidrone_turret__rosidl_typesupport_c
[ 70%] [32mBuilding CXX object CMakeFiles/antidrone_turret__rosidl_typesupport_fastrtps_c.dir/rosidl_typesupport_fastrtps_c/antidrone_turret/msg/detail/gimbal_command__type_support_c.cpp.o[0m
[ 71%] [32mBuilding CXX object CMakeFiles/antidrone_turret__rosidl_typesupport_fastrtps_c.dir/rosidl_typesupport_fastrtps_c/antidrone_turret/msg/detail/turret_status__type_support_c.cpp.o[0m
[ 72%] [32mBuilding CXX object CMakeFiles/antidrone_turret__rosidl_typesupport_fastrtps_c.dir/rosidl_typesupport_fastrtps_c/antidrone_turret/srv/detail/trigger_actuator__type_support_c.cpp.o[0m
[ 73%] [32m[1mLinking C shared library libantidrone_turret__rosidl_typesupport_introspection_c.so[0m
[ 73%] Built target antidrone_turret__rosidl_typesupport_introspection_c
[ 75%] [32m[1mLinking CXX shared library libantidrone_turret__rosidl_typesupport_fastrtps_cpp.so[0m
[ 76%] [32m[1mLinking CXX shared library libantidrone_turret__rosidl_typesupport_fastrtps_c.so[0m
[ 76%] Built target gtest
[ 76%] Built target antidrone_turret__rosidl_typesupport_fastrtps_cpp
[ 76%] Built target antidrone_turret__rosidl_typesupport_fastrtps_c
[ 77%] [32mBuilding CXX object CMakeFiles/provided_logic_test.dir/test/provided_logic_test.cpp.o[0m
[ 77%] Built target antidrone_turret
[ 78%] [34m[1mGenerating Python code for ROS interfaces[0m
[ 78%] Built target antidrone_turret__py
[ 80%] [32mBuilding C object CMakeFiles/antidrone_turret__rosidl_generator_py.dir/rosidl_generator_py/antidrone_turret/msg/_actuator_status_s.c.o[0m
[ 80%] [32mBuilding C object CMakeFiles/antidrone_turret__rosidl_generator_py.dir/rosidl_generator_py/antidrone_turret/msg/_target_s.c.o[0m
[ 82%] [32mBuilding C object CMakeFiles/antidrone_turret__rosidl_generator_py.dir/rosidl_generator_py/antidrone_turret/msg/_servo_command_s.c.o[0m
[ 82%] [32mBuilding C object CMakeFiles/antidrone_turret__rosidl_generator_py.dir/rosidl_generator_py/antidrone_turret/msg/_gimbal_command_s.c.o[0m
[ 84%] [32mBuilding C object CMakeFiles/antidrone_turret__rosidl_generator_py.dir/rosidl_generator_py/antidrone_turret/msg/_turret_status_s.c.o[0m
[ 85%] [32mBuilding C object CMakeFiles/antidrone_turret__rosidl_generator_py.dir/rosidl_generator_py/antidrone_turret/srv/_trigger_actuator_s.c.o[0m
[ 86%] [32m[1mLinking CXX executable provided_logic_test[0m
[ 87%] [32m[1mLinking C shared library rosidl_generator_py/antidrone_turret/libantidrone_turret__rosidl_generator_py.so[0m
[ 87%] Built target antidrone_turret__rosidl_generator_py
[ 88%] [32mBuilding C object CMakeFiles/antidrone_turret__rosidl_typesupport_introspection_c__pyext.dir/rosidl_generator_py/antidrone_turret/_antidrone_turret_s.ep.rosidl_typesupport_introspection_c.c.o[0m
[ 89%] [32mBuilding C object CMakeFiles/antidrone_turret__rosidl_typesupport_fastrtps_c__pyext.dir/rosidl_generator_py/antidrone_turret/_antidrone_turret_s.ep.rosidl_typesupport_fastrtps_c.c.o[0m
[ 90%] [32mBuilding C object CMakeFiles/antidrone_turret__rosidl_typesupport_c__pyext.dir/rosidl_generator_py/antidrone_turret/_antidrone_turret_s.ep.rosidl_typesupport_c.c.o[0m
[ 92%] [32m[1mLinking C shared library rosidl_generator_py/antidrone_turret/antidrone_turret_s__rosidl_typesupport_introspection_c.cpython-310-x86_64-linux-gnu.so[0m
[ 93%] [32m[1mLinking C shared library rosidl_generator_py/antidrone_turret/antidrone_turret_s__rosidl_typesupport_fastrtps_c.cpython-310-x86_64-linux-gnu.so[0m
[ 94%] [32m[1mLinking C shared library rosidl_generator_py/antidrone_turret/antidrone_turret_s__rosidl_typesupport_c.cpython-310-x86_64-linux-gnu.so[0m
[ 94%] Built target provided_logic_test
[ 94%] Built target antidrone_turret__rosidl_typesupport_introspection_c__pyext
[ 94%] Built target antidrone_turret__rosidl_typesupport_fastrtps_c__pyext
[ 94%] Built target antidrone_turret__rosidl_typesupport_c__pyext
[ 95%] [32m[1mLinking CXX executable actuator_node[0m
[ 95%] Built target actuator_node
[ 96%] [32m[1mLinking CXX executable gimbal_driver_node[0m
[ 97%] [32m[1mLinking CXX executable yaw_servo_driver_node[0m
[ 98%] [32m[1mLinking CXX executable target_track_publisher_node[0m
[100%] [32m[1mLinking CXX executable turret_controller_node[0m
[100%] Built target gimbal_driver_node
[100%] Built target yaw_servo_driver_node
[100%] Built target target_track_publisher_node
[100%] Built target turret_controller_node
-- Install configuration: ""
-- Installing: /mnt/c/Users/nikig/Projects/cpp_miltech/homework_13/install/antidrone_turret/share/ament_index/resource_index/rosidl_interfaces/antidrone_turret
-- Installing: /mnt/c/Users/nikig/Projects/cpp_miltech/homework_13/install/antidrone_turret/include/antidrone_turret/antidrone_turret
-- Installing: /mnt/c/Users/nikig/Projects/cpp_miltech/homework_13/install/antidrone_turret/include/antidrone_turret/antidrone_turret/msg
-- Installing: /mnt/c/Users/nikig/Projects/cpp_miltech/homework_13/install/antidrone_turret/include/antidrone_turret/antidrone_turret/msg/actuator_status.h
-- Installing: /mnt/c/Users/nikig/Projects/cpp_miltech/homework_13/install/antidrone_turret/include/antidrone_turret/antidrone_turret/msg/detail
-- Installing: /mnt/c/Users/nikig/Projects/cpp_miltech/homework_13/install/antidrone_turret/include/antidrone_turret/antidrone_turret/msg/detail/actuator_status__functions.c
-- Installing: /mnt/c/Users/nikig/Projects/cpp_miltech/homework_13/install/antidrone_turret/include/antidrone_turret/antidrone_turret/msg/detail/actuator_status__functions.h
-- Installing: /mnt/c/Users/nikig/Projects/cpp_miltech/homework_13/install/antidrone_turret/include/antidrone_turret/antidrone_turret/msg/detail/actuator_status__struct.h
-- Installing: /mnt/c/Users/nikig/Projects/cpp_miltech/homework_13/install/antidrone_turret/include/antidrone_turret/antidrone_turret/msg/detail/actuator_status__type_support.h
-- Installing: /mnt/c/Users/nikig/Projects/cpp_miltech/homework_13/install/antidrone_turret/include/antidrone_turret/antidrone_turret/msg/detail/gimbal_command__functions.c
-- Installing: /mnt/c/Users/nikig/Projects/cpp_miltech/homework_13/install/antidrone_turret/include/antidrone_turret/antidrone_turret/msg/detail/gimbal_command__functions.h
-- Installing: /mnt/c/Users/nikig/Projects/cpp_miltech/homework_13/install/antidrone_turret/include/antidrone_turret/antidrone_turret/msg/detail/gimbal_command__struct.h
-- Installing: /mnt/c/Users/nikig/Projects/cpp_miltech/homework_13/install/antidrone_turret/include/antidrone_turret/antidrone_turret/msg/detail/gimbal_command__type_support.h
-- Installing: /mnt/c/Users/nikig/Projects/cpp_miltech/homework_13/install/antidrone_turret/include/antidrone_turret/antidrone_turret/msg/detail/servo_command__functions.c
-- Installing: /mnt/c/Users/nikig/Projects/cpp_miltech/homework_13/install/antidrone_turret/include/antidrone_turret/antidrone_turret/msg/detail/servo_command__functions.h
-- Installing: /mnt/c/Users/nikig/Projects/cpp_miltech/homework_13/install/antidrone_turret/include/antidrone_turret/antidrone_turret/msg/detail/servo_command__struct.h
-- Installing: /mnt/c/Users/nikig/Projects/cpp_miltech/homework_13/install/antidrone_turret/include/antidrone_turret/antidrone_turret/msg/detail/servo_command__type_support.h
-- Installing: /mnt/c/Users/nikig/Projects/cpp_miltech/homework_13/install/antidrone_turret/include/antidrone_turret/antidrone_turret/msg/detail/target__functions.c
-- Installing: /mnt/c/Users/nikig/Projects/cpp_miltech/homework_13/install/antidrone_turret/include/antidrone_turret/antidrone_turret/msg/detail/target__functions.h
-- Installing: /mnt/c/Users/nikig/Projects/cpp_miltech/homework_13/install/antidrone_turret/include/antidrone_turret/antidrone_turret/msg/detail/target__struct.h
-- Installing: /mnt/c/Users/nikig/Projects/cpp_miltech/homework_13/install/antidrone_turret/include/antidrone_turret/antidrone_turret/msg/detail/target__type_support.h
-- Installing: /mnt/c/Users/nikig/Projects/cpp_miltech/homework_13/install/antidrone_turret/include/antidrone_turret/antidrone_turret/msg/detail/turret_status__functions.c
-- Installing: /mnt/c/Users/nikig/Projects/cpp_miltech/homework_13/install/antidrone_turret/include/antidrone_turret/antidrone_turret/msg/detail/turret_status__functions.h
-- Installing: /mnt/c/Users/nikig/Projects/cpp_miltech/homework_13/install/antidrone_turret/include/antidrone_turret/antidrone_turret/msg/detail/turret_status__struct.h
-- Installing: /mnt/c/Users/nikig/Projects/cpp_miltech/homework_13/install/antidrone_turret/include/antidrone_turret/antidrone_turret/msg/detail/turret_status__type_support.h
-- Installing: /mnt/c/Users/nikig/Projects/cpp_miltech/homework_13/install/antidrone_turret/include/antidrone_turret/antidrone_turret/msg/gimbal_command.h
-- Installing: /mnt/c/Users/nikig/Projects/cpp_miltech/homework_13/install/antidrone_turret/include/antidrone_turret/antidrone_turret/msg/rosidl_generator_c__visibility_control.h
-- Installing: /mnt/c/Users/nikig/Projects/cpp_miltech/homework_13/install/antidrone_turret/include/antidrone_turret/antidrone_turret/msg/servo_command.h
-- Installing: /mnt/c/Users/nikig/Projects/cpp_miltech/homework_13/install/antidrone_turret/include/antidrone_turret/antidrone_turret/msg/target.h
-- Installing: /mnt/c/Users/nikig/Projects/cpp_miltech/homework_13/install/antidrone_turret/include/antidrone_turret/antidrone_turret/msg/turret_status.h
-- Installing: /mnt/c/Users/nikig/Projects/cpp_miltech/homework_13/install/antidrone_turret/include/antidrone_turret/antidrone_turret/srv
-- Installing: /mnt/c/Users/nikig/Projects/cpp_miltech/homework_13/install/antidrone_turret/include/antidrone_turret/antidrone_turret/srv/detail
-- Installing: /mnt/c/Users/nikig/Projects/cpp_miltech/homework_13/install/antidrone_turret/include/antidrone_turret/antidrone_turret/srv/detail/trigger_actuator__functions.c
-- Installing: /mnt/c/Users/nikig/Projects/cpp_miltech/homework_13/install/antidrone_turret/include/antidrone_turret/antidrone_turret/srv/detail/trigger_actuator__functions.h
-- Installing: /mnt/c/Users/nikig/Projects/cpp_miltech/homework_13/install/antidrone_turret/include/antidrone_turret/antidrone_turret/srv/detail/trigger_actuator__struct.h
-- Installing: /mnt/c/Users/nikig/Projects/cpp_miltech/homework_13/install/antidrone_turret/include/antidrone_turret/antidrone_turret/srv/detail/trigger_actuator__type_support.h
-- Installing: /mnt/c/Users/nikig/Projects/cpp_miltech/homework_13/install/antidrone_turret/include/antidrone_turret/antidrone_turret/srv/trigger_actuator.h
-- Installing: /mnt/c/Users/nikig/Projects/cpp_miltech/homework_13/install/antidrone_turret/share/antidrone_turret/environment/library_path.sh
-- Installing: /mnt/c/Users/nikig/Projects/cpp_miltech/homework_13/install/antidrone_turret/share/antidrone_turret/environment/library_path.dsv
-- Installing: /mnt/c/Users/nikig/Projects/cpp_miltech/homework_13/install/antidrone_turret/lib/libantidrone_turret__rosidl_generator_c.so
-- Set runtime path of "/mnt/c/Users/nikig/Projects/cpp_miltech/homework_13/install/antidrone_turret/lib/libantidrone_turret__rosidl_generator_c.so" to ""
-- Up-to-date: /mnt/c/Users/nikig/Projects/cpp_miltech/homework_13/install/antidrone_turret/include/antidrone_turret/antidrone_turret
-- Up-to-date: /mnt/c/Users/nikig/Projects/cpp_miltech/homework_13/install/antidrone_turret/include/antidrone_turret/antidrone_turret/msg
-- Up-to-date: /mnt/c/Users/nikig/Projects/cpp_miltech/homework_13/install/antidrone_turret/include/antidrone_turret/antidrone_turret/msg/detail
-- Installing: /mnt/c/Users/nikig/Projects/cpp_miltech/homework_13/install/antidrone_turret/include/antidrone_turret/antidrone_turret/msg/detail/actuator_status__rosidl_typesupport_fastrtps_c.h
-- Installing: /mnt/c/Users/nikig/Projects/cpp_miltech/homework_13/install/antidrone_turret/include/antidrone_turret/antidrone_turret/msg/detail/gimbal_command__rosidl_typesupport_fastrtps_c.h
-- Installing: /mnt/c/Users/nikig/Projects/cpp_miltech/homework_13/install/antidrone_turret/include/antidrone_turret/antidrone_turret/msg/detail/servo_command__rosidl_typesupport_fastrtps_c.h
-- Installing: /mnt/c/Users/nikig/Projects/cpp_miltech/homework_13/install/antidrone_turret/include/antidrone_turret/antidrone_turret/msg/detail/target__rosidl_typesupport_fastrtps_c.h
-- Installing: /mnt/c/Users/nikig/Projects/cpp_miltech/homework_13/install/antidrone_turret/include/antidrone_turret/antidrone_turret/msg/detail/turret_status__rosidl_typesupport_fastrtps_c.h
-- Installing: /mnt/c/Users/nikig/Projects/cpp_miltech/homework_13/install/antidrone_turret/include/antidrone_turret/antidrone_turret/msg/rosidl_typesupport_fastrtps_c__visibility_control.h
-- Up-to-date: /mnt/c/Users/nikig/Projects/cpp_miltech/homework_13/install/antidrone_turret/include/antidrone_turret/antidrone_turret/srv
-- Up-to-date: /mnt/c/Users/nikig/Projects/cpp_miltech/homework_13/install/antidrone_turret/include/antidrone_turret/antidrone_turret/srv/detail
-- Installing: /mnt/c/Users/nikig/Projects/cpp_miltech/homework_13/install/antidrone_turret/include/antidrone_turret/antidrone_turret/srv/detail/trigger_actuator__rosidl_typesupport_fastrtps_c.h
-- Installing: /mnt/c/Users/nikig/Projects/cpp_miltech/homework_13/install/antidrone_turret/lib/libantidrone_turret__rosidl_typesupport_fastrtps_c.so
-- Set runtime path of "/mnt/c/Users/nikig/Projects/cpp_miltech/homework_13/install/antidrone_turret/lib/libantidrone_turret__rosidl_typesupport_fastrtps_c.so" to ""
-- Up-to-date: /mnt/c/Users/nikig/Projects/cpp_miltech/homework_13/install/antidrone_turret/include/antidrone_turret/antidrone_turret
-- Up-to-date: /mnt/c/Users/nikig/Projects/cpp_miltech/homework_13/install/antidrone_turret/include/antidrone_turret/antidrone_turret/msg
-- Up-to-date: /mnt/c/Users/nikig/Projects/cpp_miltech/homework_13/install/antidrone_turret/include/antidrone_turret/antidrone_turret/msg/detail
-- Installing: /mnt/c/Users/nikig/Projects/cpp_miltech/homework_13/install/antidrone_turret/include/antidrone_turret/antidrone_turret/msg/detail/actuator_status__rosidl_typesupport_introspection_c.h
-- Installing: /mnt/c/Users/nikig/Projects/cpp_miltech/homework_13/install/antidrone_turret/include/antidrone_turret/antidrone_turret/msg/detail/actuator_status__type_support.c
-- Installing: /mnt/c/Users/nikig/Projects/cpp_miltech/homework_13/install/antidrone_turret/include/antidrone_turret/antidrone_turret/msg/detail/gimbal_command__rosidl_typesupport_introspection_c.h
-- Installing: /mnt/c/Users/nikig/Projects/cpp_miltech/homework_13/install/antidrone_turret/include/antidrone_turret/antidrone_turret/msg/detail/gimbal_command__type_support.c
-- Installing: /mnt/c/Users/nikig/Projects/cpp_miltech/homework_13/install/antidrone_turret/include/antidrone_turret/antidrone_turret/msg/detail/servo_command__rosidl_typesupport_introspection_c.h
-- Installing: /mnt/c/Users/nikig/Projects/cpp_miltech/homework_13/install/antidrone_turret/include/antidrone_turret/antidrone_turret/msg/detail/servo_command__type_support.c
-- Installing: /mnt/c/Users/nikig/Projects/cpp_miltech/homework_13/install/antidrone_turret/include/antidrone_turret/antidrone_turret/msg/detail/target__rosidl_typesupport_introspection_c.h
-- Installing: /mnt/c/Users/nikig/Projects/cpp_miltech/homework_13/install/antidrone_turret/include/antidrone_turret/antidrone_turret/msg/detail/target__type_support.c
-- Installing: /mnt/c/Users/nikig/Projects/cpp_miltech/homework_13/install/antidrone_turret/include/antidrone_turret/antidrone_turret/msg/detail/turret_status__rosidl_typesupport_introspection_c.h
-- Installing: /mnt/c/Users/nikig/Projects/cpp_miltech/homework_13/install/antidrone_turret/include/antidrone_turret/antidrone_turret/msg/detail/turret_status__type_support.c
-- Installing: /mnt/c/Users/nikig/Projects/cpp_miltech/homework_13/install/antidrone_turret/include/antidrone_turret/antidrone_turret/msg/rosidl_typesupport_introspection_c__visibility_control.h
-- Up-to-date: /mnt/c/Users/nikig/Projects/cpp_miltech/homework_13/install/antidrone_turret/include/antidrone_turret/antidrone_turret/srv
-- Up-to-date: /mnt/c/Users/nikig/Projects/cpp_miltech/homework_13/install/antidrone_turret/include/antidrone_turret/antidrone_turret/srv/detail
-- Installing: /mnt/c/Users/nikig/Projects/cpp_miltech/homework_13/install/antidrone_turret/include/antidrone_turret/antidrone_turret/srv/detail/trigger_actuator__rosidl_typesupport_introspection_c.h
-- Installing: /mnt/c/Users/nikig/Projects/cpp_miltech/homework_13/install/antidrone_turret/include/antidrone_turret/antidrone_turret/srv/detail/trigger_actuator__type_support.c
-- Installing: /mnt/c/Users/nikig/Projects/cpp_miltech/homework_13/install/antidrone_turret/lib/libantidrone_turret__rosidl_typesupport_introspection_c.so
-- Set runtime path of "/mnt/c/Users/nikig/Projects/cpp_miltech/homework_13/install/antidrone_turret/lib/libantidrone_turret__rosidl_typesupport_introspection_c.so" to ""
-- Installing: /mnt/c/Users/nikig/Projects/cpp_miltech/homework_13/install/antidrone_turret/lib/libantidrone_turret__rosidl_typesupport_c.so
-- Set runtime path of "/mnt/c/Users/nikig/Projects/cpp_miltech/homework_13/install/antidrone_turret/lib/libantidrone_turret__rosidl_typesupport_c.so" to ""
-- Up-to-date: /mnt/c/Users/nikig/Projects/cpp_miltech/homework_13/install/antidrone_turret/include/antidrone_turret/antidrone_turret
-- Up-to-date: /mnt/c/Users/nikig/Projects/cpp_miltech/homework_13/install/antidrone_turret/include/antidrone_turret/antidrone_turret/msg
-- Installing: /mnt/c/Users/nikig/Projects/cpp_miltech/homework_13/install/antidrone_turret/include/antidrone_turret/antidrone_turret/msg/actuator_status.hpp
-- Up-to-date: /mnt/c/Users/nikig/Projects/cpp_miltech/homework_13/install/antidrone_turret/include/antidrone_turret/antidrone_turret/msg/detail
-- Installing: /mnt/c/Users/nikig/Projects/cpp_miltech/homework_13/install/antidrone_turret/include/antidrone_turret/antidrone_turret/msg/detail/actuator_status__builder.hpp
-- Installing: /mnt/c/Users/nikig/Projects/cpp_miltech/homework_13/install/antidrone_turret/include/antidrone_turret/antidrone_turret/msg/detail/actuator_status__struct.hpp
-- Installing: /mnt/c/Users/nikig/Projects/cpp_miltech/homework_13/install/antidrone_turret/include/antidrone_turret/antidrone_turret/msg/detail/actuator_status__traits.hpp
-- Installing: /mnt/c/Users/nikig/Projects/cpp_miltech/homework_13/install/antidrone_turret/include/antidrone_turret/antidrone_turret/msg/detail/actuator_status__type_support.hpp
-- Installing: /mnt/c/Users/nikig/Projects/cpp_miltech/homework_13/install/antidrone_turret/include/antidrone_turret/antidrone_turret/msg/detail/gimbal_command__builder.hpp
-- Installing: /mnt/c/Users/nikig/Projects/cpp_miltech/homework_13/install/antidrone_turret/include/antidrone_turret/antidrone_turret/msg/detail/gimbal_command__struct.hpp
-- Installing: /mnt/c/Users/nikig/Projects/cpp_miltech/homework_13/install/antidrone_turret/include/antidrone_turret/antidrone_turret/msg/detail/gimbal_command__traits.hpp
-- Installing: /mnt/c/Users/nikig/Projects/cpp_miltech/homework_13/install/antidrone_turret/include/antidrone_turret/antidrone_turret/msg/detail/gimbal_command__type_support.hpp
-- Installing: /mnt/c/Users/nikig/Projects/cpp_miltech/homework_13/install/antidrone_turret/include/antidrone_turret/antidrone_turret/msg/detail/servo_command__builder.hpp
-- Installing: /mnt/c/Users/nikig/Projects/cpp_miltech/homework_13/install/antidrone_turret/include/antidrone_turret/antidrone_turret/msg/detail/servo_command__struct.hpp
-- Installing: /mnt/c/Users/nikig/Projects/cpp_miltech/homework_13/install/antidrone_turret/include/antidrone_turret/antidrone_turret/msg/detail/servo_command__traits.hpp
-- Installing: /mnt/c/Users/nikig/Projects/cpp_miltech/homework_13/install/antidrone_turret/include/antidrone_turret/antidrone_turret/msg/detail/servo_command__type_support.hpp
-- Installing: /mnt/c/Users/nikig/Projects/cpp_miltech/homework_13/install/antidrone_turret/include/antidrone_turret/antidrone_turret/msg/detail/target__builder.hpp
-- Installing: /mnt/c/Users/nikig/Projects/cpp_miltech/homework_13/install/antidrone_turret/include/antidrone_turret/antidrone_turret/msg/detail/target__struct.hpp
-- Installing: /mnt/c/Users/nikig/Projects/cpp_miltech/homework_13/install/antidrone_turret/include/antidrone_turret/antidrone_turret/msg/detail/target__traits.hpp
-- Installing: /mnt/c/Users/nikig/Projects/cpp_miltech/homework_13/install/antidrone_turret/include/antidrone_turret/antidrone_turret/msg/detail/target__type_support.hpp
-- Installing: /mnt/c/Users/nikig/Projects/cpp_miltech/homework_13/install/antidrone_turret/include/antidrone_turret/antidrone_turret/msg/detail/turret_status__builder.hpp
-- Installing: /mnt/c/Users/nikig/Projects/cpp_miltech/homework_13/install/antidrone_turret/include/antidrone_turret/antidrone_turret/msg/detail/turret_status__struct.hpp
-- Installing: /mnt/c/Users/nikig/Projects/cpp_miltech/homework_13/install/antidrone_turret/include/antidrone_turret/antidrone_turret/msg/detail/turret_status__traits.hpp
-- Installing: /mnt/c/Users/nikig/Projects/cpp_miltech/homework_13/install/antidrone_turret/include/antidrone_turret/antidrone_turret/msg/detail/turret_status__type_support.hpp
-- Installing: /mnt/c/Users/nikig/Projects/cpp_miltech/homework_13/install/antidrone_turret/include/antidrone_turret/antidrone_turret/msg/gimbal_command.hpp
-- Installing: /mnt/c/Users/nikig/Projects/cpp_miltech/homework_13/install/antidrone_turret/include/antidrone_turret/antidrone_turret/msg/rosidl_generator_cpp__visibility_control.hpp
-- Installing: /mnt/c/Users/nikig/Projects/cpp_miltech/homework_13/install/antidrone_turret/include/antidrone_turret/antidrone_turret/msg/servo_command.hpp
-- Installing: /mnt/c/Users/nikig/Projects/cpp_miltech/homework_13/install/antidrone_turret/include/antidrone_turret/antidrone_turret/msg/target.hpp
-- Installing: /mnt/c/Users/nikig/Projects/cpp_miltech/homework_13/install/antidrone_turret/include/antidrone_turret/antidrone_turret/msg/turret_status.hpp
-- Up-to-date: /mnt/c/Users/nikig/Projects/cpp_miltech/homework_13/install/antidrone_turret/include/antidrone_turret/antidrone_turret/srv
-- Up-to-date: /mnt/c/Users/nikig/Projects/cpp_miltech/homework_13/install/antidrone_turret/include/antidrone_turret/antidrone_turret/srv/detail
-- Installing: /mnt/c/Users/nikig/Projects/cpp_miltech/homework_13/install/antidrone_turret/include/antidrone_turret/antidrone_turret/srv/detail/trigger_actuator__builder.hpp
-- Installing: /mnt/c/Users/nikig/Projects/cpp_miltech/homework_13/install/antidrone_turret/include/antidrone_turret/antidrone_turret/srv/detail/trigger_actuator__struct.hpp
-- Installing: /mnt/c/Users/nikig/Projects/cpp_miltech/homework_13/install/antidrone_turret/include/antidrone_turret/antidrone_turret/srv/detail/trigger_actuator__traits.hpp
-- Installing: /mnt/c/Users/nikig/Projects/cpp_miltech/homework_13/install/antidrone_turret/include/antidrone_turret/antidrone_turret/srv/detail/trigger_actuator__type_support.hpp
-- Installing: /mnt/c/Users/nikig/Projects/cpp_miltech/homework_13/install/antidrone_turret/include/antidrone_turret/antidrone_turret/srv/trigger_actuator.hpp
-- Up-to-date: /mnt/c/Users/nikig/Projects/cpp_miltech/homework_13/install/antidrone_turret/include/antidrone_turret/antidrone_turret
-- Up-to-date: /mnt/c/Users/nikig/Projects/cpp_miltech/homework_13/install/antidrone_turret/include/antidrone_turret/antidrone_turret/msg
-- Up-to-date: /mnt/c/Users/nikig/Projects/cpp_miltech/homework_13/install/antidrone_turret/include/antidrone_turret/antidrone_turret/msg/detail
-- Installing: /mnt/c/Users/nikig/Projects/cpp_miltech/homework_13/install/antidrone_turret/include/antidrone_turret/antidrone_turret/msg/detail/actuator_status__rosidl_typesupport_fastrtps_cpp.hpp
-- Installing: /mnt/c/Users/nikig/Projects/cpp_miltech/homework_13/install/antidrone_turret/include/antidrone_turret/antidrone_turret/msg/detail/dds_fastrtps
-- Installing: /mnt/c/Users/nikig/Projects/cpp_miltech/homework_13/install/antidrone_turret/include/antidrone_turret/antidrone_turret/msg/detail/gimbal_command__rosidl_typesupport_fastrtps_cpp.hpp
-- Installing: /mnt/c/Users/nikig/Projects/cpp_miltech/homework_13/install/antidrone_turret/include/antidrone_turret/antidrone_turret/msg/detail/servo_command__rosidl_typesupport_fastrtps_cpp.hpp
-- Installing: /mnt/c/Users/nikig/Projects/cpp_miltech/homework_13/install/antidrone_turret/include/antidrone_turret/antidrone_turret/msg/detail/target__rosidl_typesupport_fastrtps_cpp.hpp
-- Installing: /mnt/c/Users/nikig/Projects/cpp_miltech/homework_13/install/antidrone_turret/include/antidrone_turret/antidrone_turret/msg/detail/turret_status__rosidl_typesupport_fastrtps_cpp.hpp
-- Installing: /mnt/c/Users/nikig/Projects/cpp_miltech/homework_13/install/antidrone_turret/include/antidrone_turret/antidrone_turret/msg/rosidl_typesupport_fastrtps_cpp__visibility_control.h
-- Up-to-date: /mnt/c/Users/nikig/Projects/cpp_miltech/homework_13/install/antidrone_turret/include/antidrone_turret/antidrone_turret/srv
-- Up-to-date: /mnt/c/Users/nikig/Projects/cpp_miltech/homework_13/install/antidrone_turret/include/antidrone_turret/antidrone_turret/srv/detail
-- Installing: /mnt/c/Users/nikig/Projects/cpp_miltech/homework_13/install/antidrone_turret/include/antidrone_turret/antidrone_turret/srv/detail/dds_fastrtps
-- Installing: /mnt/c/Users/nikig/Projects/cpp_miltech/homework_13/install/antidrone_turret/include/antidrone_turret/antidrone_turret/srv/detail/trigger_actuator__rosidl_typesupport_fastrtps_cpp.hpp
-- Installing: /mnt/c/Users/nikig/Projects/cpp_miltech/homework_13/install/antidrone_turret/lib/libantidrone_turret__rosidl_typesupport_fastrtps_cpp.so
-- Set runtime path of "/mnt/c/Users/nikig/Projects/cpp_miltech/homework_13/install/antidrone_turret/lib/libantidrone_turret__rosidl_typesupport_fastrtps_cpp.so" to ""
-- Up-to-date: /mnt/c/Users/nikig/Projects/cpp_miltech/homework_13/install/antidrone_turret/include/antidrone_turret/antidrone_turret
-- Up-to-date: /mnt/c/Users/nikig/Projects/cpp_miltech/homework_13/install/antidrone_turret/include/antidrone_turret/antidrone_turret/msg
-- Up-to-date: /mnt/c/Users/nikig/Projects/cpp_miltech/homework_13/install/antidrone_turret/include/antidrone_turret/antidrone_turret/msg/detail
-- Installing: /mnt/c/Users/nikig/Projects/cpp_miltech/homework_13/install/antidrone_turret/include/antidrone_turret/antidrone_turret/msg/detail/actuator_status__rosidl_typesupport_introspection_cpp.hpp
-- Installing: /mnt/c/Users/nikig/Projects/cpp_miltech/homework_13/install/antidrone_turret/include/antidrone_turret/antidrone_turret/msg/detail/actuator_status__type_support.cpp
-- Installing: /mnt/c/Users/nikig/Projects/cpp_miltech/homework_13/install/antidrone_turret/include/antidrone_turret/antidrone_turret/msg/detail/gimbal_command__rosidl_typesupport_introspection_cpp.hpp
-- Installing: /mnt/c/Users/nikig/Projects/cpp_miltech/homework_13/install/antidrone_turret/include/antidrone_turret/antidrone_turret/msg/detail/gimbal_command__type_support.cpp
-- Installing: /mnt/c/Users/nikig/Projects/cpp_miltech/homework_13/install/antidrone_turret/include/antidrone_turret/antidrone_turret/msg/detail/servo_command__rosidl_typesupport_introspection_cpp.hpp
-- Installing: /mnt/c/Users/nikig/Projects/cpp_miltech/homework_13/install/antidrone_turret/include/antidrone_turret/antidrone_turret/msg/detail/servo_command__type_support.cpp
-- Installing: /mnt/c/Users/nikig/Projects/cpp_miltech/homework_13/install/antidrone_turret/include/antidrone_turret/antidrone_turret/msg/detail/target__rosidl_typesupport_introspection_cpp.hpp
-- Installing: /mnt/c/Users/nikig/Projects/cpp_miltech/homework_13/install/antidrone_turret/include/antidrone_turret/antidrone_turret/msg/detail/target__type_support.cpp
-- Installing: /mnt/c/Users/nikig/Projects/cpp_miltech/homework_13/install/antidrone_turret/include/antidrone_turret/antidrone_turret/msg/detail/turret_status__rosidl_typesupport_introspection_cpp.hpp
-- Installing: /mnt/c/Users/nikig/Projects/cpp_miltech/homework_13/install/antidrone_turret/include/antidrone_turret/antidrone_turret/msg/detail/turret_status__type_support.cpp
-- Up-to-date: /mnt/c/Users/nikig/Projects/cpp_miltech/homework_13/install/antidrone_turret/include/antidrone_turret/antidrone_turret/srv
-- Up-to-date: /mnt/c/Users/nikig/Projects/cpp_miltech/homework_13/install/antidrone_turret/include/antidrone_turret/antidrone_turret/srv/detail
-- Installing: /mnt/c/Users/nikig/Projects/cpp_miltech/homework_13/install/antidrone_turret/include/antidrone_turret/antidrone_turret/srv/detail/trigger_actuator__rosidl_typesupport_introspection_cpp.hpp
-- Installing: /mnt/c/Users/nikig/Projects/cpp_miltech/homework_13/install/antidrone_turret/include/antidrone_turret/antidrone_turret/srv/detail/trigger_actuator__type_support.cpp
-- Installing: /mnt/c/Users/nikig/Projects/cpp_miltech/homework_13/install/antidrone_turret/lib/libantidrone_turret__rosidl_typesupport_introspection_cpp.so
-- Set runtime path of "/mnt/c/Users/nikig/Projects/cpp_miltech/homework_13/install/antidrone_turret/lib/libantidrone_turret__rosidl_typesupport_introspection_cpp.so" to ""
-- Installing: /mnt/c/Users/nikig/Projects/cpp_miltech/homework_13/install/antidrone_turret/lib/libantidrone_turret__rosidl_typesupport_cpp.so
-- Set runtime path of "/mnt/c/Users/nikig/Projects/cpp_miltech/homework_13/install/antidrone_turret/lib/libantidrone_turret__rosidl_typesupport_cpp.so" to ""
-- Installing: /mnt/c/Users/nikig/Projects/cpp_miltech/homework_13/install/antidrone_turret/share/antidrone_turret/environment/pythonpath.sh
-- Installing: /mnt/c/Users/nikig/Projects/cpp_miltech/homework_13/install/antidrone_turret/share/antidrone_turret/environment/pythonpath.dsv
-- Installing: /mnt/c/Users/nikig/Projects/cpp_miltech/homework_13/install/antidrone_turret/local/lib/python3.10/dist-packages/antidrone_turret-0.1.0-py3.10.egg-info
-- Installing: /mnt/c/Users/nikig/Projects/cpp_miltech/homework_13/install/antidrone_turret/local/lib/python3.10/dist-packages/antidrone_turret-0.1.0-py3.10.egg-info/dependency_links.txt
-- Installing: /mnt/c/Users/nikig/Projects/cpp_miltech/homework_13/install/antidrone_turret/local/lib/python3.10/dist-packages/antidrone_turret-0.1.0-py3.10.egg-info/PKG-INFO
-- Installing: /mnt/c/Users/nikig/Projects/cpp_miltech/homework_13/install/antidrone_turret/local/lib/python3.10/dist-packages/antidrone_turret-0.1.0-py3.10.egg-info/SOURCES.txt
-- Installing: /mnt/c/Users/nikig/Projects/cpp_miltech/homework_13/install/antidrone_turret/local/lib/python3.10/dist-packages/antidrone_turret-0.1.0-py3.10.egg-info/top_level.txt
-- Installing: /mnt/c/Users/nikig/Projects/cpp_miltech/homework_13/install/antidrone_turret/local/lib/python3.10/dist-packages/antidrone_turret
-- Installing: /mnt/c/Users/nikig/Projects/cpp_miltech/homework_13/install/antidrone_turret/local/lib/python3.10/dist-packages/antidrone_turret/antidrone_turret_s__rosidl_typesupport_c.cpython-310-x86_64-linux-gnu.so
-- Installing: /mnt/c/Users/nikig/Projects/cpp_miltech/homework_13/install/antidrone_turret/local/lib/python3.10/dist-packages/antidrone_turret/antidrone_turret_s__rosidl_typesupport_fastrtps_c.cpython-310-x86_64-linux-gnu.so
-- Installing: /mnt/c/Users/nikig/Projects/cpp_miltech/homework_13/install/antidrone_turret/local/lib/python3.10/dist-packages/antidrone_turret/antidrone_turret_s__rosidl_typesupport_introspection_c.cpython-310-x86_64-linux-gnu.so
-- Installing: /mnt/c/Users/nikig/Projects/cpp_miltech/homework_13/install/antidrone_turret/local/lib/python3.10/dist-packages/antidrone_turret/libantidrone_turret__rosidl_generator_py.so
-- Installing: /mnt/c/Users/nikig/Projects/cpp_miltech/homework_13/install/antidrone_turret/local/lib/python3.10/dist-packages/antidrone_turret/msg
-- Installing: /mnt/c/Users/nikig/Projects/cpp_miltech/homework_13/install/antidrone_turret/local/lib/python3.10/dist-packages/antidrone_turret/msg/_actuator_status.py
-- Installing: /mnt/c/Users/nikig/Projects/cpp_miltech/homework_13/install/antidrone_turret/local/lib/python3.10/dist-packages/antidrone_turret/msg/_actuator_status_s.c
-- Installing: /mnt/c/Users/nikig/Projects/cpp_miltech/homework_13/install/antidrone_turret/local/lib/python3.10/dist-packages/antidrone_turret/msg/_gimbal_command.py
-- Installing: /mnt/c/Users/nikig/Projects/cpp_miltech/homework_13/install/antidrone_turret/local/lib/python3.10/dist-packages/antidrone_turret/msg/_gimbal_command_s.c
-- Installing: /mnt/c/Users/nikig/Projects/cpp_miltech/homework_13/install/antidrone_turret/local/lib/python3.10/dist-packages/antidrone_turret/msg/_servo_command.py
-- Installing: /mnt/c/Users/nikig/Projects/cpp_miltech/homework_13/install/antidrone_turret/local/lib/python3.10/dist-packages/antidrone_turret/msg/_servo_command_s.c
-- Installing: /mnt/c/Users/nikig/Projects/cpp_miltech/homework_13/install/antidrone_turret/local/lib/python3.10/dist-packages/antidrone_turret/msg/_target.py
-- Installing: /mnt/c/Users/nikig/Projects/cpp_miltech/homework_13/install/antidrone_turret/local/lib/python3.10/dist-packages/antidrone_turret/msg/_target_s.c
-- Installing: /mnt/c/Users/nikig/Projects/cpp_miltech/homework_13/install/antidrone_turret/local/lib/python3.10/dist-packages/antidrone_turret/msg/_turret_status.py
-- Installing: /mnt/c/Users/nikig/Projects/cpp_miltech/homework_13/install/antidrone_turret/local/lib/python3.10/dist-packages/antidrone_turret/msg/_turret_status_s.c
-- Installing: /mnt/c/Users/nikig/Projects/cpp_miltech/homework_13/install/antidrone_turret/local/lib/python3.10/dist-packages/antidrone_turret/msg/__init__.py
-- Installing: /mnt/c/Users/nikig/Projects/cpp_miltech/homework_13/install/antidrone_turret/local/lib/python3.10/dist-packages/antidrone_turret/srv
-- Installing: /mnt/c/Users/nikig/Projects/cpp_miltech/homework_13/install/antidrone_turret/local/lib/python3.10/dist-packages/antidrone_turret/srv/_trigger_actuator.py
-- Installing: /mnt/c/Users/nikig/Projects/cpp_miltech/homework_13/install/antidrone_turret/local/lib/python3.10/dist-packages/antidrone_turret/srv/_trigger_actuator_s.c
-- Installing: /mnt/c/Users/nikig/Projects/cpp_miltech/homework_13/install/antidrone_turret/local/lib/python3.10/dist-packages/antidrone_turret/srv/__init__.py
-- Installing: /mnt/c/Users/nikig/Projects/cpp_miltech/homework_13/install/antidrone_turret/local/lib/python3.10/dist-packages/antidrone_turret/_antidrone_turret_s.ep.rosidl_typesupport_c.c
-- Installing: /mnt/c/Users/nikig/Projects/cpp_miltech/homework_13/install/antidrone_turret/local/lib/python3.10/dist-packages/antidrone_turret/_antidrone_turret_s.ep.rosidl_typesupport_fastrtps_c.c
-- Installing: /mnt/c/Users/nikig/Projects/cpp_miltech/homework_13/install/antidrone_turret/local/lib/python3.10/dist-packages/antidrone_turret/_antidrone_turret_s.ep.rosidl_typesupport_introspection_c.c
-- Installing: /mnt/c/Users/nikig/Projects/cpp_miltech/homework_13/install/antidrone_turret/local/lib/python3.10/dist-packages/antidrone_turret/__init__.py
Listing '/mnt/c/Users/nikig/Projects/cpp_miltech/homework_13/install/antidrone_turret/local/lib/python3.10/dist-packages/antidrone_turret'...
Compiling '/mnt/c/Users/nikig/Projects/cpp_miltech/homework_13/install/antidrone_turret/local/lib/python3.10/dist-packages/antidrone_turret/__init__.py'...
Listing '/mnt/c/Users/nikig/Projects/cpp_miltech/homework_13/install/antidrone_turret/local/lib/python3.10/dist-packages/antidrone_turret/msg'...
Compiling '/mnt/c/Users/nikig/Projects/cpp_miltech/homework_13/install/antidrone_turret/local/lib/python3.10/dist-packages/antidrone_turret/msg/__init__.py'...
Compiling '/mnt/c/Users/nikig/Projects/cpp_miltech/homework_13/install/antidrone_turret/local/lib/python3.10/dist-packages/antidrone_turret/msg/_actuator_status.py'...
Compiling '/mnt/c/Users/nikig/Projects/cpp_miltech/homework_13/install/antidrone_turret/local/lib/python3.10/dist-packages/antidrone_turret/msg/_gimbal_command.py'...
Compiling '/mnt/c/Users/nikig/Projects/cpp_miltech/homework_13/install/antidrone_turret/local/lib/python3.10/dist-packages/antidrone_turret/msg/_servo_command.py'...
Compiling '/mnt/c/Users/nikig/Projects/cpp_miltech/homework_13/install/antidrone_turret/local/lib/python3.10/dist-packages/antidrone_turret/msg/_target.py'...
Compiling '/mnt/c/Users/nikig/Projects/cpp_miltech/homework_13/install/antidrone_turret/local/lib/python3.10/dist-packages/antidrone_turret/msg/_turret_status.py'...
Listing '/mnt/c/Users/nikig/Projects/cpp_miltech/homework_13/install/antidrone_turret/local/lib/python3.10/dist-packages/antidrone_turret/srv'...
Compiling '/mnt/c/Users/nikig/Projects/cpp_miltech/homework_13/install/antidrone_turret/local/lib/python3.10/dist-packages/antidrone_turret/srv/__init__.py'...
Compiling '/mnt/c/Users/nikig/Projects/cpp_miltech/homework_13/install/antidrone_turret/local/lib/python3.10/dist-packages/antidrone_turret/srv/_trigger_actuator.py'...
-- Installing: /mnt/c/Users/nikig/Projects/cpp_miltech/homework_13/install/antidrone_turret/local/lib/python3.10/dist-packages/antidrone_turret/antidrone_turret_s__rosidl_typesupport_fastrtps_c.cpython-310-x86_64-linux-gnu.so
-- Set runtime path of "/mnt/c/Users/nikig/Projects/cpp_miltech/homework_13/install/antidrone_turret/local/lib/python3.10/dist-packages/antidrone_turret/antidrone_turret_s__rosidl_typesupport_fastrtps_c.cpython-310-x86_64-linux-gnu.so" to ""
-- Installing: /mnt/c/Users/nikig/Projects/cpp_miltech/homework_13/install/antidrone_turret/local/lib/python3.10/dist-packages/antidrone_turret/antidrone_turret_s__rosidl_typesupport_introspection_c.cpython-310-x86_64-linux-gnu.so
-- Set runtime path of "/mnt/c/Users/nikig/Projects/cpp_miltech/homework_13/install/antidrone_turret/local/lib/python3.10/dist-packages/antidrone_turret/antidrone_turret_s__rosidl_typesupport_introspection_c.cpython-310-x86_64-linux-gnu.so" to ""
-- Installing: /mnt/c/Users/nikig/Projects/cpp_miltech/homework_13/install/antidrone_turret/local/lib/python3.10/dist-packages/antidrone_turret/antidrone_turret_s__rosidl_typesupport_c.cpython-310-x86_64-linux-gnu.so
-- Set runtime path of "/mnt/c/Users/nikig/Projects/cpp_miltech/homework_13/install/antidrone_turret/local/lib/python3.10/dist-packages/antidrone_turret/antidrone_turret_s__rosidl_typesupport_c.cpython-310-x86_64-linux-gnu.so" to ""
-- Installing: /mnt/c/Users/nikig/Projects/cpp_miltech/homework_13/install/antidrone_turret/lib/libantidrone_turret__rosidl_generator_py.so
-- Set runtime path of "/mnt/c/Users/nikig/Projects/cpp_miltech/homework_13/install/antidrone_turret/lib/libantidrone_turret__rosidl_generator_py.so" to ""
-- Installing: /mnt/c/Users/nikig/Projects/cpp_miltech/homework_13/install/antidrone_turret/share/ament_index/resource_index/rust_packages/antidrone_turret
-- Installing: /mnt/c/Users/nikig/Projects/cpp_miltech/homework_13/install/antidrone_turret/share/antidrone_turret/rust
-- Installing: /mnt/c/Users/nikig/Projects/cpp_miltech/homework_13/install/antidrone_turret/share/antidrone_turret/rust/build.rs
-- Installing: /mnt/c/Users/nikig/Projects/cpp_miltech/homework_13/install/antidrone_turret/share/antidrone_turret/rust/Cargo.toml
-- Installing: /mnt/c/Users/nikig/Projects/cpp_miltech/homework_13/install/antidrone_turret/share/antidrone_turret/rust/src
-- Installing: /mnt/c/Users/nikig/Projects/cpp_miltech/homework_13/install/antidrone_turret/share/antidrone_turret/rust/src/lib.rs
-- Installing: /mnt/c/Users/nikig/Projects/cpp_miltech/homework_13/install/antidrone_turret/share/antidrone_turret/rust/src/msg
-- Installing: /mnt/c/Users/nikig/Projects/cpp_miltech/homework_13/install/antidrone_turret/share/antidrone_turret/rust/src/msg/rmw.rs
-- Installing: /mnt/c/Users/nikig/Projects/cpp_miltech/homework_13/install/antidrone_turret/share/antidrone_turret/rust/src/msg.rs
-- Installing: /mnt/c/Users/nikig/Projects/cpp_miltech/homework_13/install/antidrone_turret/share/antidrone_turret/rust/src/srv
-- Installing: /mnt/c/Users/nikig/Projects/cpp_miltech/homework_13/install/antidrone_turret/share/antidrone_turret/rust/src/srv/rmw.rs
-- Installing: /mnt/c/Users/nikig/Projects/cpp_miltech/homework_13/install/antidrone_turret/share/antidrone_turret/rust/src/srv.rs
-- Installing: /mnt/c/Users/nikig/Projects/cpp_miltech/homework_13/install/antidrone_turret/share/antidrone_turret/msg/Target.idl
-- Installing: /mnt/c/Users/nikig/Projects/cpp_miltech/homework_13/install/antidrone_turret/share/antidrone_turret/msg/ActuatorStatus.idl
-- Installing: /mnt/c/Users/nikig/Projects/cpp_miltech/homework_13/install/antidrone_turret/share/antidrone_turret/msg/ServoCommand.idl
-- Installing: /mnt/c/Users/nikig/Projects/cpp_miltech/homework_13/install/antidrone_turret/share/antidrone_turret/msg/GimbalCommand.idl
-- Installing: /mnt/c/Users/nikig/Projects/cpp_miltech/homework_13/install/antidrone_turret/share/antidrone_turret/msg/TurretStatus.idl
-- Installing: /mnt/c/Users/nikig/Projects/cpp_miltech/homework_13/install/antidrone_turret/share/antidrone_turret/srv/TriggerActuator.idl
-- Installing: /mnt/c/Users/nikig/Projects/cpp_miltech/homework_13/install/antidrone_turret/share/antidrone_turret/msg/Target.msg
-- Installing: /mnt/c/Users/nikig/Projects/cpp_miltech/homework_13/install/antidrone_turret/share/antidrone_turret/msg/ActuatorStatus.msg
-- Installing: /mnt/c/Users/nikig/Projects/cpp_miltech/homework_13/install/antidrone_turret/share/antidrone_turret/msg/ServoCommand.msg
-- Installing: /mnt/c/Users/nikig/Projects/cpp_miltech/homework_13/install/antidrone_turret/share/antidrone_turret/msg/GimbalCommand.msg
-- Installing: /mnt/c/Users/nikig/Projects/cpp_miltech/homework_13/install/antidrone_turret/share/antidrone_turret/msg/TurretStatus.msg
-- Installing: /mnt/c/Users/nikig/Projects/cpp_miltech/homework_13/install/antidrone_turret/share/antidrone_turret/srv/TriggerActuator.srv
-- Installing: /mnt/c/Users/nikig/Projects/cpp_miltech/homework_13/install/antidrone_turret/share/antidrone_turret/srv/TriggerActuator_Request.msg
-- Installing: /mnt/c/Users/nikig/Projects/cpp_miltech/homework_13/install/antidrone_turret/share/antidrone_turret/srv/TriggerActuator_Response.msg
-- Up-to-date: /mnt/c/Users/nikig/Projects/cpp_miltech/homework_13/install/antidrone_turret/include/antidrone_turret
-- Up-to-date: /mnt/c/Users/nikig/Projects/cpp_miltech/homework_13/install/antidrone_turret/include/antidrone_turret/antidrone_turret
-- Installing: /mnt/c/Users/nikig/Projects/cpp_miltech/homework_13/install/antidrone_turret/include/antidrone_turret/antidrone_turret/actuator_model.hpp
-- Installing: /mnt/c/Users/nikig/Projects/cpp_miltech/homework_13/install/antidrone_turret/include/antidrone_turret/antidrone_turret/gimbal_driver.hpp
-- Installing: /mnt/c/Users/nikig/Projects/cpp_miltech/homework_13/install/antidrone_turret/include/antidrone_turret/antidrone_turret/target_decision.hpp
-- Installing: /mnt/c/Users/nikig/Projects/cpp_miltech/homework_13/install/antidrone_turret/include/antidrone_turret/antidrone_turret/target_sequence.hpp
-- Installing: /mnt/c/Users/nikig/Projects/cpp_miltech/homework_13/install/antidrone_turret/include/antidrone_turret/antidrone_turret/target_track_loader.hpp
-- Installing: /mnt/c/Users/nikig/Projects/cpp_miltech/homework_13/install/antidrone_turret/include/antidrone_turret/antidrone_turret/target_track_simulation.hpp
-- Installing: /mnt/c/Users/nikig/Projects/cpp_miltech/homework_13/install/antidrone_turret/include/antidrone_turret/antidrone_turret/turret_controller.hpp
-- Installing: /mnt/c/Users/nikig/Projects/cpp_miltech/homework_13/install/antidrone_turret/include/antidrone_turret/antidrone_turret/yaw_servo_driver.hpp
-- Installing: /mnt/c/Users/nikig/Projects/cpp_miltech/homework_13/install/antidrone_turret/lib/antidrone_turret/target_track_publisher_node
-- Set runtime path of "/mnt/c/Users/nikig/Projects/cpp_miltech/homework_13/install/antidrone_turret/lib/antidrone_turret/target_track_publisher_node" to ""
-- Installing: /mnt/c/Users/nikig/Projects/cpp_miltech/homework_13/install/antidrone_turret/lib/antidrone_turret/actuator_node
-- Set runtime path of "/mnt/c/Users/nikig/Projects/cpp_miltech/homework_13/install/antidrone_turret/lib/antidrone_turret/actuator_node" to ""
-- Installing: /mnt/c/Users/nikig/Projects/cpp_miltech/homework_13/install/antidrone_turret/lib/antidrone_turret/turret_controller_node
-- Set runtime path of "/mnt/c/Users/nikig/Projects/cpp_miltech/homework_13/install/antidrone_turret/lib/antidrone_turret/turret_controller_node" to ""
-- Installing: /mnt/c/Users/nikig/Projects/cpp_miltech/homework_13/install/antidrone_turret/lib/antidrone_turret/gimbal_driver_node
-- Set runtime path of "/mnt/c/Users/nikig/Projects/cpp_miltech/homework_13/install/antidrone_turret/lib/antidrone_turret/gimbal_driver_node" to ""
-- Installing: /mnt/c/Users/nikig/Projects/cpp_miltech/homework_13/install/antidrone_turret/lib/antidrone_turret/yaw_servo_driver_node
-- Set runtime path of "/mnt/c/Users/nikig/Projects/cpp_miltech/homework_13/install/antidrone_turret/lib/antidrone_turret/yaw_servo_driver_node" to ""
-- Installing: /mnt/c/Users/nikig/Projects/cpp_miltech/homework_13/install/antidrone_turret/share/antidrone_turret/launch
-- Installing: /mnt/c/Users/nikig/Projects/cpp_miltech/homework_13/install/antidrone_turret/share/antidrone_turret/launch/system.launch.py
-- Installing: /mnt/c/Users/nikig/Projects/cpp_miltech/homework_13/install/antidrone_turret/share/antidrone_turret/config
-- Installing: /mnt/c/Users/nikig/Projects/cpp_miltech/homework_13/install/antidrone_turret/share/antidrone_turret/config/sequence.yaml
-- Installing: /mnt/c/Users/nikig/Projects/cpp_miltech/homework_13/install/antidrone_turret/share/antidrone_turret/tracks
-- Installing: /mnt/c/Users/nikig/Projects/cpp_miltech/homework_13/install/antidrone_turret/share/antidrone_turret/tracks/approach_trigger.csv
-- Installing: /mnt/c/Users/nikig/Projects/cpp_miltech/homework_13/install/antidrone_turret/share/antidrone_turret/tracks/far_flyby_no_trigger.csv
-- Installing: /mnt/c/Users/nikig/Projects/cpp_miltech/homework_13/install/antidrone_turret/share/antidrone_turret/tracks/low_confidence_no_trigger.csv
-- Installing: /mnt/c/Users/nikig/Projects/cpp_miltech/homework_13/install/antidrone_turret/share/antidrone_turret/tracks/reload_pressure.csv
-- Installing: /mnt/c/Users/nikig/Projects/cpp_miltech/homework_13/install/antidrone_turret/share/ament_index/resource_index/package_run_dependencies/antidrone_turret
-- Installing: /mnt/c/Users/nikig/Projects/cpp_miltech/homework_13/install/antidrone_turret/share/ament_index/resource_index/parent_prefix_path/antidrone_turret
-- Installing: /mnt/c/Users/nikig/Projects/cpp_miltech/homework_13/install/antidrone_turret/share/antidrone_turret/environment/ament_prefix_path.sh
-- Installing: /mnt/c/Users/nikig/Projects/cpp_miltech/homework_13/install/antidrone_turret/share/antidrone_turret/environment/ament_prefix_path.dsv
-- Installing: /mnt/c/Users/nikig/Projects/cpp_miltech/homework_13/install/antidrone_turret/share/antidrone_turret/environment/path.sh
-- Installing: /mnt/c/Users/nikig/Projects/cpp_miltech/homework_13/install/antidrone_turret/share/antidrone_turret/environment/path.dsv
-- Installing: /mnt/c/Users/nikig/Projects/cpp_miltech/homework_13/install/antidrone_turret/share/antidrone_turret/local_setup.bash
-- Installing: /mnt/c/Users/nikig/Projects/cpp_miltech/homework_13/install/antidrone_turret/share/antidrone_turret/local_setup.sh
-- Installing: /mnt/c/Users/nikig/Projects/cpp_miltech/homework_13/install/antidrone_turret/share/antidrone_turret/local_setup.zsh
-- Installing: /mnt/c/Users/nikig/Projects/cpp_miltech/homework_13/install/antidrone_turret/share/antidrone_turret/local_setup.dsv
-- Installing: /mnt/c/Users/nikig/Projects/cpp_miltech/homework_13/install/antidrone_turret/share/antidrone_turret/package.dsv
-- Installing: /mnt/c/Users/nikig/Projects/cpp_miltech/homework_13/install/antidrone_turret/share/ament_index/resource_index/packages/antidrone_turret
-- Installing: /mnt/c/Users/nikig/Projects/cpp_miltech/homework_13/install/antidrone_turret/share/antidrone_turret/cmake/export_antidrone_turret__rosidl_generator_cExport.cmake
-- Installing: /mnt/c/Users/nikig/Projects/cpp_miltech/homework_13/install/antidrone_turret/share/antidrone_turret/cmake/export_antidrone_turret__rosidl_generator_cExport-noconfig.cmake
-- Installing: /mnt/c/Users/nikig/Projects/cpp_miltech/homework_13/install/antidrone_turret/share/antidrone_turret/cmake/export_antidrone_turret__rosidl_typesupport_fastrtps_cExport.cmake
-- Installing: /mnt/c/Users/nikig/Projects/cpp_miltech/homework_13/install/antidrone_turret/share/antidrone_turret/cmake/export_antidrone_turret__rosidl_typesupport_fastrtps_cExport-noconfig.cmake
-- Installing: /mnt/c/Users/nikig/Projects/cpp_miltech/homework_13/install/antidrone_turret/share/antidrone_turret/cmake/antidrone_turret__rosidl_typesupport_introspection_cExport.cmake
-- Installing: /mnt/c/Users/nikig/Projects/cpp_miltech/homework_13/install/antidrone_turret/share/antidrone_turret/cmake/antidrone_turret__rosidl_typesupport_introspection_cExport-noconfig.cmake
-- Installing: /mnt/c/Users/nikig/Projects/cpp_miltech/homework_13/install/antidrone_turret/share/antidrone_turret/cmake/antidrone_turret__rosidl_typesupport_cExport.cmake
-- Installing: /mnt/c/Users/nikig/Projects/cpp_miltech/homework_13/install/antidrone_turret/share/antidrone_turret/cmake/antidrone_turret__rosidl_typesupport_cExport-noconfig.cmake
-- Installing: /mnt/c/Users/nikig/Projects/cpp_miltech/homework_13/install/antidrone_turret/share/antidrone_turret/cmake/export_antidrone_turret__rosidl_generator_cppExport.cmake
-- Installing: /mnt/c/Users/nikig/Projects/cpp_miltech/homework_13/install/antidrone_turret/share/antidrone_turret/cmake/export_antidrone_turret__rosidl_typesupport_fastrtps_cppExport.cmake
-- Installing: /mnt/c/Users/nikig/Projects/cpp_miltech/homework_13/install/antidrone_turret/share/antidrone_turret/cmake/export_antidrone_turret__rosidl_typesupport_fastrtps_cppExport-noconfig.cmake
-- Installing: /mnt/c/Users/nikig/Projects/cpp_miltech/homework_13/install/antidrone_turret/share/antidrone_turret/cmake/antidrone_turret__rosidl_typesupport_introspection_cppExport.cmake
-- Installing: /mnt/c/Users/nikig/Projects/cpp_miltech/homework_13/install/antidrone_turret/share/antidrone_turret/cmake/antidrone_turret__rosidl_typesupport_introspection_cppExport-noconfig.cmake
-- Installing: /mnt/c/Users/nikig/Projects/cpp_miltech/homework_13/install/antidrone_turret/share/antidrone_turret/cmake/antidrone_turret__rosidl_typesupport_cppExport.cmake
-- Installing: /mnt/c/Users/nikig/Projects/cpp_miltech/homework_13/install/antidrone_turret/share/antidrone_turret/cmake/antidrone_turret__rosidl_typesupport_cppExport-noconfig.cmake
-- Installing: /mnt/c/Users/nikig/Projects/cpp_miltech/homework_13/install/antidrone_turret/share/antidrone_turret/cmake/export_antidrone_turret__rosidl_generator_pyExport.cmake
-- Installing: /mnt/c/Users/nikig/Projects/cpp_miltech/homework_13/install/antidrone_turret/share/antidrone_turret/cmake/export_antidrone_turret__rosidl_generator_pyExport-noconfig.cmake
-- Installing: /mnt/c/Users/nikig/Projects/cpp_miltech/homework_13/install/antidrone_turret/share/antidrone_turret/cmake/rosidl_cmake-extras.cmake
-- Installing: /mnt/c/Users/nikig/Projects/cpp_miltech/homework_13/install/antidrone_turret/share/antidrone_turret/cmake/ament_cmake_export_include_directories-extras.cmake
-- Installing: /mnt/c/Users/nikig/Projects/cpp_miltech/homework_13/install/antidrone_turret/share/antidrone_turret/cmake/ament_cmake_export_libraries-extras.cmake
-- Installing: /mnt/c/Users/nikig/Projects/cpp_miltech/homework_13/install/antidrone_turret/share/antidrone_turret/cmake/ament_cmake_export_targets-extras.cmake
-- Installing: /mnt/c/Users/nikig/Projects/cpp_miltech/homework_13/install/antidrone_turret/share/antidrone_turret/cmake/rosidl_cmake_export_typesupport_targets-extras.cmake
-- Installing: /mnt/c/Users/nikig/Projects/cpp_miltech/homework_13/install/antidrone_turret/share/antidrone_turret/cmake/ament_cmake_export_dependencies-extras.cmake
-- Installing: /mnt/c/Users/nikig/Projects/cpp_miltech/homework_13/install/antidrone_turret/share/antidrone_turret/cmake/rosidl_cmake_export_typesupport_libraries-extras.cmake
-- Installing: /mnt/c/Users/nikig/Projects/cpp_miltech/homework_13/install/antidrone_turret/share/antidrone_turret/cmake/rosidl_cmake_aggregate_target-extras.cmake
-- Installing: /mnt/c/Users/nikig/Projects/cpp_miltech/homework_13/install/antidrone_turret/share/antidrone_turret/cmake/antidrone_turretConfig.cmake
-- Installing: /mnt/c/Users/nikig/Projects/cpp_miltech/homework_13/install/antidrone_turret/share/antidrone_turret/cmake/antidrone_turretConfig-version.cmake
-- Installing: /mnt/c/Users/nikig/Projects/cpp_miltech/homework_13/install/antidrone_turret/share/antidrone_turret/package.xml
